93.45.224.5 - - [21/May/2017:13:29:46 +0200] "GET /~valeria/images/line.colorbar_ani.gif HTTP/1.1" 200 4491 "http://www.ce.uniroma2.it/~valeria/" "Mozilla/5.0 (Windows NT 10.0; Win64; x64) AppleWebKit/537.36 (KHTML, like Gecko) Chrome/58.0.3029.110 Safari/537.36"
93.45.224.5 - - [21/May/2017:13:29:46 +0200] "GET /~valeria/images/puntina.gif HTTP/1.1" 200 1041 "http://www.ce.uniroma2.it/~valeria/" "Mozilla/5.0 (Windows NT 10.0; Win64; x64) AppleWebKit/537.36 (KHTML, like Gecko) Chrome/58.0.3029.110 Safari/537.36"
93.45.224.5 - - [21/May/2017:13:29:46 +0200] "GET /~valeria/images/address.gif HTTP/1.1" 200 1066 "http://www.ce.uniroma2.it/~valeria/" "Mozilla/5.0 (Windows NT 10.0; Win64; x64) AppleWebKit/537.36 (KHTML, like Gecko) Chrome/58.0.3029.110 Safari/537.36"
93.45.224.5 - - [21/May/2017:13:29:46 +0200] "GET /~valeria/images/open.jpg HTTP/1.1" 200 48444 "http://www.ce.uniroma2.it/~valeria/" "Mozilla/5.0 (Windows NT 10.0; Win64; x64) AppleWebKit/537.36 (KHTML, like Gecko) Chrome/58.0.3029.110 Safari/537.36"
93.45.224.5 - - [21/May/2017:13:29:46 +0200] "GET /favicon.ico HTTP/1.1" 200 318 "http://www.ce.uniroma2.it/~valeria/" "Mozilla/5.0 (Windows NT 10.0; Win64; x64) AppleWebKit/537.36 (KHTML, like Gecko) Chrome/58.0.3029.110 Safari/537.36"
93.45.224.5 - - [21/May/2017:13:29:52 +0200] "GET /~valeria/theses.html HTTP/1.1" 200 2070 "http://www.ce.uniroma2.it/~valeria/" "Mozilla/5.0 (Windows NT 10.0; Win64; x64) AppleWebKit/537.36 (KHTML, like Gecko) Chrome/58.0.3029.110 Safari/537.36"
93.45.224.5 - - [21/May/2017:13:30:40 +0200] "GET /~valeria/index.html HTTP/1.1" 200 6053 "http://www.ce.uniroma2.it/~valeria/theses.html" "Mozilla/5.0 (Windows NT 10.0; Win64; x64) AppleWebKit/537.36 (KHTML, like Gecko) Chrome/58.0.3029.110 Safari/537.36"
49.44.51.174 - - [21/May/2017:13:30:58 +0200] "GET /wp-login.php HTTP/1.1" 404 294 "-" "Mozilla/5.0 (Windows NT 6.1; WOW64; rv:40.0) Gecko/20100101 Firefox/40.1"
49.44.51.174 - - [21/May/2017:13:30:58 +0200] "GET / HTTP/1.1" 200 5735 "-" "Mozilla/5.0 (Windows NT 6.1; WOW64; rv:40.0) Gecko/20100101 Firefox/40.1"
93.45.224.5 - - [21/May/2017:13:31:15 +0200] "GET /~nardelli HTTP/1.1" 301 255 "http://www.ce.uniroma2.it/~valeria/index.html" "Mozilla/5.0 (Windows NT 10.0; Win64; x64) AppleWebKit/537.36 (KHTML, like Gecko) Chrome/58.0.3029.110 Safari/537.36"
93.45.224.5 - - [21/May/2017:13:31:15 +0200] "GET /~nardelli/ HTTP/1.1" 200 4250 "http://www.ce.uniroma2.it/~valeria/index.html" "Mozilla/5.0 (Windows NT 10.0; Win64; x64) AppleWebKit/537.36 (KHTML, like Gecko) Chrome/58.0.3029.110 Safari/537.36"
93.45.224.5 - - [21/May/2017:13:31:15 +0200] "GET /~nardelli/css/style.css HTTP/1.1" 200 949 "http://www.ce.uniroma2.it/~nardelli/" "Mozilla/5.0 (Windows NT 10.0; Win64; x64) AppleWebKit/537.36 (KHTML, like Gecko) Chrome/58.0.3029.110 Safari/537.36"
93.45.224.5 - - [21/May/2017:13:31:15 +0200] "GET /~nardelli/js/script.js HTTP/1.1" 200 226 "http://www.ce.uniroma2.it/~nardelli/" "Mozilla/5.0 (Windows NT 10.0; Win64; x64) AppleWebKit/537.36 (KHTML, like Gecko) Chrome/58.0.3029.110 Safari/537.36"
93.45.224.5 - - [21/May/2017:13:31:15 +0200] "GET /~nardelli/images/email-address.jpg HTTP/1.1" 200 19129 "http://www.ce.uniroma2.it/~nardelli/" "Mozilla/5.0 (Windows NT 10.0; Win64; x64) AppleWebKit/537.36 (KHTML, like Gecko) Chrome/58.0.3029.110 Safari/537.36"
157.55.39.52 - - [21/May/2017:13:32:01 +0200] "GET / HTTP/1.1" 200 3469 "-" "Mozilla/5.0 (compatible; bingbot/2.0; +http://www.bing.com/bingbot.htm)"
87.7.187.81 - - [21/May/2017:13:32:30 +0200] "GET /courses/sdcc1617/ HTTP/1.1" 200 17254 "-" "Mozilla/5.0 (Windows NT 10.0; WOW64) AppleWebKit/537.36 (KHTML, like Gecko) Chrome/56.0.2924.87 Safari/537.36"
93.45.224.5 - - [21/May/2017:13:32:46 +0200] "GET /~valeria/software.html HTTP/1.1" 200 1439 "http://www.ce.uniroma2.it/~valeria/index.html" "Mozilla/5.0 (Windows NT 10.0; Win64; x64) AppleWebKit/537.36 (KHTML, like Gecko) Chrome/58.0.3029.110 Safari/537.36"
93.45.224.5 - - [21/May/2017:13:33:17 +0200] "GET /courses/sdcc1516/ HTTP/1.1" 200 18632 "http://www.ce.uniroma2.it/~valeria/index.html" "Mozilla/5.0 (Windows NT 10.0; Win64; x64) AppleWebKit/537.36 (KHTML, like Gecko) Chrome/58.0.3029.110 Safari/537.36"
93.45.224.5 - - [21/May/2017:13:33:17 +0200] "GET /logoUniroma2.gif HTTP/1.1" 200 9945 "http://www.ce.uniroma2.it/courses/sdcc1516/" "Mozilla/5.0 (Windows NT 10.0; Win64; x64) AppleWebKit/537.36 (KHTML, like Gecko) Chrome/58.0.3029.110 Safari/537.36"
93.45.224.5 - - [21/May/2017:13:33:17 +0200] "GET /LogoCE-blue.gif HTTP/1.1" 200 775 "http://www.ce.uniroma2.it/courses/sdcc1516/" "Mozilla/5.0 (Windows NT 10.0; Win64; x64) AppleWebKit/537.36 (KHTML, like Gecko) Chrome/58.0.3029.110 Safari/537.36"
93.45.224.5 - - [21/May/2017:13:33:17 +0200] "GET /logoIngegneriapiccolo.jpg HTTP/1.1" 200 4023 "http://www.ce.uniroma2.it/courses/sdcc1516/" "Mozilla/5.0 (Windows NT 10.0; Win64; x64) AppleWebKit/537.36 (KHTML, like Gecko) Chrome/58.0.3029.110 Safari/537.36"
93.45.224.5 - - [21/May/2017:13:33:17 +0200] "GET /courses/sdcc1516/img/valeria_t.gif HTTP/1.1" 200 1044 "http://www.ce.uniroma2.it/courses/sdcc1516/" "Mozilla/5.0 (Windows NT 10.0; Win64; x64) AppleWebKit/537.36 (KHTML, like Gecko) Chrome/58.0.3029.110 Safari/537.36"
180.76.15.20 - - [21/May/2017:13:33:28 +0200] "GET / HTTP/1.1" 200 5735 "-" "Mozilla/5.0 (compatible; Baiduspider/2.0; +http://www.baidu.com/search/spider.html)"
216.244.66.246 - - [21/May/2017:13:34:14 +0200] "GET /%7Emartone/confs/vimrc HTTP/1.1" 200 7104 "-" "Mozilla/5.0 (compatible; DotBot/1.1; http://www.opensiteexplorer.org/dotbot, help@moz.com)"
180.76.15.139 - - [21/May/2017:13:34:25 +0200] "GET / HTTP/1.1" 200 5735 "-" "Mozilla/5.0 (compatible; Baiduspider/2.0; +http://www.baidu.com/search/spider.html)"
87.15.29.246 - - [21/May/2017:13:35:16 +0200] "GET /courses/sdcc1314/lucidi/ESB-BPEL-REST.pdf HTTP/1.1" 206 38371 "https://www.google.it/" "Mozilla/5.0 (X11; Ubuntu; Linux x86_64; rv:53.0) Gecko/20100101 Firefox/53.0"
87.15.29.246 - - [21/May/2017:13:35:16 +0200] "GET /courses/sdcc1314/lucidi/ESB-BPEL-REST.pdf HTTP/1.1" 200 4560355 "https://www.google.it/" "Mozilla/5.0 (X11; Ubuntu; Linux x86_64; rv:53.0) Gecko/20100101 Firefox/53.0"
87.15.29.246 - - [21/May/2017:13:35:19 +0200] "GET /courses/sdcc1314/lucidi/ESB-BPEL-REST.pdf HTTP/1.1" 206 65536 "https://www.google.it/" "Mozilla/5.0 (X11; Ubuntu; Linux x86_64; rv:53.0) Gecko/20100101 Firefox/53.0"
87.15.29.246 - - [21/May/2017:13:35:20 +0200] "GET /favicon.ico HTTP/1.1" 200 318 "-" "Mozilla/5.0 (X11; Ubuntu; Linux x86_64; rv:53.0) Gecko/20100101 Firefox/53.0"
87.7.187.81 - - [21/May/2017:13:36:01 +0200] "GET /courses/sdcc1617/ HTTP/1.1" 200 17254 "-" "Mozilla/5.0 (Windows NT 10.0; WOW64) AppleWebKit/537.36 (KHTML, like Gecko) Chrome/56.0.2924.87 Safari/537.36"
104.154.49.2 - - [21/May/2017:13:36:12 +0200] "GET /asbda2017/?feed=rss2 HTTP/1.1" 200 3487 "-" "Java/1.8.0_121"
104.197.197.203 - - [21/May/2017:13:36:12 +0200] "GET /acpross2017/?feed=rss2 HTTP/1.1" 200 3664 "-" "Java/1.8.0_121"
66.249.75.6 - - [21/May/2017:13:38:04 +0200] "GET /~nardelli/images/email-address.jpg HTTP/1.1" 304 - "-" "Googlebot-Image/1.0"
180.76.15.137 - - [21/May/2017:13:38:21 +0200] "GET /~lopresti/Articoli/ICON03CDN.pdf HTTP/1.1" 200 153825 "-" "Mozilla/5.0 (compatible; Baiduspider/2.0; +http://www.baidu.com/search/spider.html)"
66.249.75.3 - - [21/May/2017:13:39:05 +0200] "GET /psblas/UserGuide-3.0/userhtml.css HTTP/1.1" 200 414 "http://www.ce.uniroma2.it/psblas/UserGuide-3.0/node49.html" "Mozilla/5.0 (compatible; Googlebot/2.1; +http://www.google.com/bot.html)"
87.7.187.81 - - [21/May/2017:13:39:31 +0200] "GET /courses/sdcc1617/ HTTP/1.1" 200 17254 "-" "Mozilla/5.0 (Windows NT 10.0; WOW64) AppleWebKit/537.36 (KHTML, like Gecko) Chrome/56.0.2924.87 Safari/537.36"
63.243.252.175 - - [21/May/2017:13:41:02 +0200] "GET /~nardelli/ HTTP/1.1" 304 - "-" "Mozilla/5.0 (compatible; Baiduspider/2.0; +http://www.baidu.com/search/spider.html)"
94.75.231.82 - - [21/May/2017:13:41:38 +0200] "GET /courses/sdcc1617/ HTTP/1.0" 200 64828 "-" "Mozilla/5.0 (Macintosh; Intel Mac OS X 10.12; rv:53.0) Gecko/20100101 Firefox/53.0"
87.7.187.81 - - [21/May/2017:13:43:02 +0200] "GET /courses/sdcc1617/ HTTP/1.1" 200 17254 "-" "Mozilla/5.0 (Windows NT 10.0; WOW64) AppleWebKit/537.36 (KHTML, like Gecko) Chrome/56.0.2924.87 Safari/537.36"
180.76.138.179 - - [21/May/2017:13:43:08 +0200] "HEAD //e/admin/ HTTP/1.1" 404 - "-" "-"
212.83.174.55 - - [21/May/2017:13:43:39 +0200] "GET / HTTP/1.1" 200 11462 "-" "Mozilla"
104.154.49.2 - - [21/May/2017:13:44:45 +0200] "GET /asbda2017/?feed=rss2 HTTP/1.1" 200 3487 "-" "Java/1.8.0_121"
104.197.197.203 - - [21/May/2017:13:46:01 +0200] "GET /acpross2017/?feed=rss2 HTTP/1.1" 200 3664 "-" "Java/1.8.0_121"
87.7.187.81 - - [21/May/2017:13:46:32 +0200] "GET /courses/sdcc1617/ HTTP/1.1" 200 17254 "-" "Mozilla/5.0 (Windows NT 10.0; WOW64) AppleWebKit/537.36 (KHTML, like Gecko) Chrome/56.0.2924.87 Safari/537.36"
91.193.208.103 - - [21/May/2017:13:46:55 +0200] "GET /favicon.ico HTTP/1.1" 200 318 "http://www.ce.uniroma2.it/~lopresti/Didattica/Biss2010/Tomography/Delayton.pdf" "Mozilla/5.0 (Windows NT 6.1; Win64; x64) AppleWebKit/537.36 (KHTML, like Gecko) Chrome/58.0.3029.110 Safari/537.36"
91.193.208.103 - - [21/May/2017:13:46:54 +0200] "GET /~lopresti/Didattica/Biss2010/Tomography/Delayton.pdf HTTP/1.1" 200 820611 "https://scholar.google.pl/" "Mozilla/5.0 (Windows NT 6.1; Win64; x64) AppleWebKit/537.36 (KHTML, like Gecko) Chrome/58.0.3029.110 Safari/537.36"
91.193.208.103 - - [21/May/2017:13:46:55 +0200] "GET /~lopresti/Didattica/Biss2010/Tomography/Delayton.pdf HTTP/1.1" 206 65536 "http://www.ce.uniroma2.it/~lopresti/Didattica/Biss2010/Tomography/Delayton.pdf" "Mozilla/5.0 (Windows NT 6.1; Win64; x64) AppleWebKit/537.36 (KHTML, like Gecko) Chrome/58.0.3029.110 Safari/537.36"
91.193.208.103 - - [21/May/2017:13:47:00 +0200] "GET /~lopresti/Didattica/Biss2010/Tomography/Delayton.pdf HTTP/1.1" 206 139166 "http://www.ce.uniroma2.it/~lopresti/Didattica/Biss2010/Tomography/Delayton.pdf" "Mozilla/5.0 (Windows NT 6.1; Win64; x64) AppleWebKit/537.36 (KHTML, like Gecko) Chrome/58.0.3029.110 Safari/537.36"
91.193.208.103 - - [21/May/2017:13:47:01 +0200] "GET /~lopresti/Didattica/Biss2010/Tomography/Delayton.pdf HTTP/1.1" 206 600115 "http://www.ce.uniroma2.it/~lopresti/Didattica/Biss2010/Tomography/Delayton.pdf" "Mozilla/5.0 (Windows NT 6.1; Win64; x64) AppleWebKit/537.36 (KHTML, like Gecko) Chrome/58.0.3029.110 Safari/537.36"
217.225.27.143 - - [21/May/2017:13:47:15 +0200] "GET /favicon.ico HTTP/1.1" 200 318 "http://www.ce.uniroma2.it/courses/sdcc1415/progetti/fog_bonomi2012.pdf" "Mozilla/5.0 (Windows NT 10.0; Win64; x64) AppleWebKit/537.36 (KHTML, like Gecko) Chrome/58.0.3029.110 Safari/537.36"
217.225.27.143 - - [21/May/2017:13:47:15 +0200] "GET /courses/sdcc1415/progetti/fog_bonomi2012.pdf HTTP/1.1" 200 549264 "https://www.google.de/" "Mozilla/5.0 (Windows NT 10.0; Win64; x64) AppleWebKit/537.36 (KHTML, like Gecko) Chrome/58.0.3029.110 Safari/537.36"
217.225.27.143 - - [21/May/2017:13:47:16 +0200] "GET /courses/sdcc1415/progetti/fog_bonomi2012.pdf HTTP/1.1" 206 102400 "http://www.ce.uniroma2.it/courses/sdcc1415/progetti/fog_bonomi2012.pdf" "Mozilla/5.0 (Windows NT 10.0; Win64; x64) AppleWebKit/537.36 (KHTML, like Gecko) Chrome/58.0.3029.110 Safari/537.36"
5.13.23.165 - - [21/May/2017:13:48:08 +0200] "GET /wp-login.php HTTP/1.1" 404 294 "-" "Mozilla/5.0 (Windows NT 6.1; WOW64; rv:40.0) Gecko/20100101 Firefox/40.1"
5.13.23.165 - - [21/May/2017:13:48:08 +0200] "GET / HTTP/1.1" 200 5735 "-" "Mozilla/5.0 (Windows NT 6.1; WOW64; rv:40.0) Gecko/20100101 Firefox/40.1"
196.43.144.5 - - [21/May/2017:13:49:11 +0200] "GET /~lopresti/Didattica/Arch_Calc/ALU_AppB.pdf HTTP/1.1" 200 128502 "https://www.google.com/" "Mozilla/5.0 (Windows NT 6.1) AppleWebKit/537.36 (KHTML, like Gecko) Chrome/58.0.3029.110 Safari/537.36"
196.43.144.5 - - [21/May/2017:13:49:12 +0200] "GET /~lopresti/Didattica/Arch_Calc/ALU_AppB.pdf HTTP/1.1" 206 25695 "https://www.google.com/" "Mozilla/5.0 (Windows NT 6.1) AppleWebKit/537.36 (KHTML, like Gecko) Chrome/58.0.3029.110 Safari/537.36"
87.7.187.81 - - [21/May/2017:13:50:02 +0200] "GET /courses/sdcc1617/ HTTP/1.1" 200 17254 "-" "Mozilla/5.0 (Windows NT 10.0; WOW64) AppleWebKit/537.36 (KHTML, like Gecko) Chrome/56.0.2924.87 Safari/537.36"
157.55.39.232 - - [21/May/2017:13:50:48 +0200] "GET /~buttari/contacts.html HTTP/1.1" 304 - "-" "Mozilla/5.0 (compatible; bingbot/2.0; +http://www.bing.com/bingbot.htm)"
157.55.39.232 - - [21/May/2017:13:50:49 +0200] "GET /courses/sd0809/ HTTP/1.1" 200 13895 "-" "Mozilla/5.0 (iPhone; CPU iPhone OS 7_0 like Mac OS X) AppleWebKit/537.51.1 (KHTML, like Gecko) Version/7.0 Mobile/11A465 Safari/9537.53 (compatible; bingbot/2.0; +http://www.bing.com/bingbot.htm)"
157.55.39.232 - - [21/May/2017:13:50:50 +0200] "GET /~buttari/hpcc05/thumb_IMG_3186.JPG HTTP/1.1" 200 11055 "-" "Mozilla/5.0 (compatible; bingbot/2.0; +http://www.bing.com/bingbot.htm)"
157.55.39.232 - - [21/May/2017:13:51:19 +0200] "GET /courses/sd0809/img/valeria_t.gif HTTP/1.1" 200 1044 "-" "Mozilla/5.0 (iPhone; CPU iPhone OS 7_0 like Mac OS X) AppleWebKit/537.51.1 (KHTML, like Gecko) Version/7.0 Mobile/11A465 Safari/9537.53 (compatible; bingbot/2.0; +http://www.bing.com/bingbot.htm)"
66.249.75.63 - - [21/May/2017:13:51:47 +0200] "GET /~lopresti/Didattica/RetiWeb/RetiWeb1314/Microsoft%20PowerPoint%20-%20IntroJSP.pdf HTTP/1.1" 304 - "-" "Mozilla/5.0 (compatible; Googlebot/2.1; +http://www.google.com/bot.html)"
212.83.174.55 - - [21/May/2017:13:52:18 +0200] "GET / HTTP/1.1" 200 11462 "-" "Mozilla"
104.154.49.2 - - [21/May/2017:13:53:00 +0200] "GET /asbda2017/?feed=rss2 HTTP/1.1" 200 3487 "-" "Java/1.8.0_121"
87.7.187.81 - - [21/May/2017:13:53:33 +0200] "GET /courses/sdcc1617/ HTTP/1.1" 200 17254 "-" "Mozilla/5.0 (Windows NT 10.0; WOW64) AppleWebKit/537.36 (KHTML, like Gecko) Chrome/56.0.2924.87 Safari/537.36"
104.197.197.203 - - [21/May/2017:13:53:47 +0200] "GET /acpross2017/?feed=rss2 HTTP/1.1" 200 3664 "-" "Java/1.8.0_121"
66.249.76.67 - - [21/May/2017:13:54:56 +0200] "GET /system/index.php?S=0&D=cp&C=login&M=forgotten_password_form HTTP/1.1" 200 1141 "-" "Mozilla/5.0 (compatible; Googlebot/2.1; +http://www.google.com/bot.html)"
66.249.75.6 - - [21/May/2017:13:56:57 +0200] "GET /courses/sdcc1516/ HTTP/1.1" 304 - "-" "Mozilla/5.0 (compatible; Googlebot/2.1; +http://www.google.com/bot.html)"
87.7.187.81 - - [21/May/2017:13:57:03 +0200] "GET /courses/sdcc1617/ HTTP/1.1" 200 17254 "-" "Mozilla/5.0 (Windows NT 10.0; WOW64) AppleWebKit/537.36 (KHTML, like Gecko) Chrome/56.0.2924.87 Safari/537.36"
157.55.39.52 - - [21/May/2017:13:58:15 +0200] "GET /index.php/magistrale_man HTTP/1.1" 200 2439 "-" "Mozilla/5.0 (compatible; bingbot/2.0; +http://www.bing.com/bingbot.htm)"
79.43.104.214 - - [21/May/2017:13:59:33 +0200] "GET /courses/ac05/lucidi/Istruzioni2_4pp.pdf HTTP/1.1" 200 94304 "https://www.google.it/" "Mozilla/5.0 (Windows NT 6.1; Win64; x64) AppleWebKit/537.36 (KHTML, like Gecko) Chrome/58.0.3029.110 Safari/537.36"
66.249.75.63 - - [21/May/2017:14:00:19 +0200] "GET /geoweb/links HTTP/1.1" 200 1366 "-" "Mozilla/5.0 (Linux; Android 6.0.1; Nexus 5X Build/MMB29P) AppleWebKit/537.36 (KHTML, like Gecko) Chrome/41.0.2272.96 Mobile Safari/537.36 (compatible; Googlebot/2.1; +http://www.google.com/bot.html)"
87.7.187.81 - - [21/May/2017:14:00:33 +0200] "GET /courses/sdcc1617/ HTTP/1.1" 200 17254 "-" "Mozilla/5.0 (Windows NT 10.0; WOW64) AppleWebKit/537.36 (KHTML, like Gecko) Chrome/56.0.2924.87 Safari/537.36"
104.197.197.203 - - [21/May/2017:14:01:17 +0200] "GET /acpross2017/?feed=rss2 HTTP/1.1" 200 3664 "-" "Java/1.8.0_121"
104.154.49.2 - - [21/May/2017:14:01:24 +0200] "GET /asbda2017/?feed=rss2 HTTP/1.1" 200 3487 "-" "Java/1.8.0_121"
91.253.137.108 - - [21/May/2017:14:03:29 +0200] "GET /favicon.ico HTTP/1.1" 304 - "-" "Mozilla/5.0 (Windows NT 6.1; WOW64; rv:53.0) Gecko/20100101 Firefox/53.0"
87.7.187.81 - - [21/May/2017:14:04:03 +0200] "GET /courses/sdcc1617/ HTTP/1.1" 200 17254 "-" "Mozilla/5.0 (Windows NT 10.0; WOW64) AppleWebKit/537.36 (KHTML, like Gecko) Chrome/56.0.2924.87 Safari/537.36"
183.249.238.155 - - [21/May/2017:14:04:45 +0200] "GET / HTTP/1.1" 200 11462 "-" "Mozilla/5.0 (compatible; Baiduspider/2.0; +http://www.baidu.com/search/spider.html\xef\xbc\x89"
87.7.187.81 - - [21/May/2017:14:07:34 +0200] "GET /courses/sdcc1617/ HTTP/1.1" 200 17254 "-" "Mozilla/5.0 (Windows NT 10.0; WOW64) AppleWebKit/537.36 (KHTML, like Gecko) Chrome/56.0.2924.87 Safari/537.36"
104.154.49.2 - - [21/May/2017:14:09:01 +0200] "GET /asbda2017/?feed=rss2 HTTP/1.1" 200 3487 "-" "Java/1.8.0_121"
87.7.187.81 - - [21/May/2017:14:11:04 +0200] "GET /courses/sdcc1617/ HTTP/1.1" 200 17254 "-" "Mozilla/5.0 (Windows NT 10.0; WOW64) AppleWebKit/537.36 (KHTML, like Gecko) Chrome/56.0.2924.87 Safari/537.36"
104.197.197.203 - - [21/May/2017:14:11:06 +0200] "GET /acpross2017/?feed=rss2 HTTP/1.1" 200 3664 "-" "Java/1.8.0_121"
68.180.229.101 - - [21/May/2017:14:11:09 +0200] "GET /robots.txt HTTP/1.1" 404 297 "-" "Mozilla/5.0 (compatible; Yahoo! Slurp; http://help.yahoo.com/help/us/ysearch/slurp)"
68.180.229.101 - - [21/May/2017:14:11:10 +0200] "GET /~martone/index.html HTTP/1.1" 304 - "-" "Mozilla/5.0 (compatible; Yahoo! Slurp; http://help.yahoo.com/help/us/ysearch/slurp)"
68.180.229.101 - - [21/May/2017:14:11:49 +0200] "GET /~martone/docs/mm.slides.2011.pdf HTTP/1.1" 200 631466 "-" "Mozilla/5.0 (compatible; Yahoo! Slurp; http://help.yahoo.com/help/us/ysearch/slurp)"
37.117.122.202 - - [21/May/2017:14:12:27 +0200] "GET /index.php/triennale_didattica HTTP/1.1" 200 4070 "-" "Mozilla/5.0 (Macintosh; Intel Mac OS X 10_12_2) AppleWebKit/602.3.12 (KHTML, like Gecko)"
37.117.122.202 - - [21/May/2017:14:12:27 +0200] "GET /apple-touch-icon-precomposed.png HTTP/1.1" 404 264 "-" "Safari/12602.3.12.0.1 CFNetwork/807.2.14 Darwin/16.3.0 (x86_64)"
37.117.122.202 - - [21/May/2017:14:12:27 +0200] "GET /apple-touch-icon.png HTTP/1.1" 404 256 "-" "Safari/12602.3.12.0.1 CFNetwork/807.2.14 Darwin/16.3.0 (x86_64)"
37.117.122.202 - - [21/May/2017:14:12:27 +0200] "GET /favicon.ico HTTP/1.1" 404 248 "-" "Safari/12602.3.12.0.1 CFNetwork/807.2.14 Darwin/16.3.0 (x86_64)"
37.117.122.202 - - [21/May/2017:14:12:28 +0200] "GET /apple-touch-icon-precomposed.png HTTP/1.1" 404 264 "-" "Safari/12602.3.12.0.1 CFNetwork/807.2.14 Darwin/16.3.0 (x86_64)"
37.117.122.202 - - [21/May/2017:14:12:28 +0200] "GET /apple-touch-icon.png HTTP/1.1" 404 256 "-" "Safari/12602.3.12.0.1 CFNetwork/807.2.14 Darwin/16.3.0 (x86_64)"
37.117.122.202 - - [21/May/2017:14:12:28 +0200] "GET /favicon.ico HTTP/1.1" 404 248 "-" "Safari/12602.3.12.0.1 CFNetwork/807.2.14 Darwin/16.3.0 (x86_64)"
37.117.122.202 - - [21/May/2017:14:12:28 +0200] "GET /index.php/triennale_didattica HTTP/1.1" 200 4070 "-" "Mozilla/5.0 (iPhone; CPU iPhone OS 10_0 like Mac OS X) AppleWebKit/602.1.38 (KHTML, like Gecko) Version/10.0 Mobile/14A300 Safari/602.1"
37.117.122.202 - - [21/May/2017:14:12:28 +0200] "GET /apple-touch-icon-precomposed.png HTTP/1.1" 404 264 "-" "Safari/12602.3.12.0.1 CFNetwork/807.2.14 Darwin/16.3.0 (x86_64)"
37.117.122.202 - - [21/May/2017:14:12:29 +0200] "GET /apple-touch-icon.png HTTP/1.1" 404 256 "-" "Safari/12602.3.12.0.1 CFNetwork/807.2.14 Darwin/16.3.0 (x86_64)"
37.117.122.202 - - [21/May/2017:14:12:29 +0200] "GET /favicon.ico HTTP/1.1" 404 248 "-" "Safari/12602.3.12.0.1 CFNetwork/807.2.14 Darwin/16.3.0 (x86_64)"
37.117.122.202 - - [21/May/2017:14:12:29 +0200] "GET /apple-touch-icon-precomposed.png HTTP/1.1" 404 264 "-" "Safari/12602.3.12.0.1 CFNetwork/807.2.14 Darwin/16.3.0 (x86_64)"
37.117.122.202 - - [21/May/2017:14:12:29 +0200] "GET /apple-touch-icon.png HTTP/1.1" 404 256 "-" "Safari/12602.3.12.0.1 CFNetwork/807.2.14 Darwin/16.3.0 (x86_64)"
37.117.122.202 - - [21/May/2017:14:12:29 +0200] "GET /favicon.ico HTTP/1.1" 404 248 "-" "Safari/12602.3.12.0.1 CFNetwork/807.2.14 Darwin/16.3.0 (x86_64)"
180.76.15.159 - - [21/May/2017:14:12:57 +0200] "GET / HTTP/1.1" 200 11462 "-" "Mozilla/5.0 (compatible; Baiduspider/2.0; +http://www.baidu.com/search/spider.html)"
180.76.15.9 - - [21/May/2017:14:13:04 +0200] "GET / HTTP/1.1" 200 11462 "-" "Mozilla/5.0 (compatible; Baiduspider/2.0; +http://www.baidu.com/search/spider.html)"
87.7.187.81 - - [21/May/2017:14:14:34 +0200] "GET /courses/sdcc1617/ HTTP/1.1" 200 17254 "-" "Mozilla/5.0 (Windows NT 10.0; WOW64) AppleWebKit/537.36 (KHTML, like Gecko) Chrome/56.0.2924.87 Safari/537.36"
41.252.22.33 - - [21/May/2017:14:14:41 +0200] "GET /wp-login.php HTTP/1.1" 404 294 "-" "Mozilla/5.0 (Windows NT 6.1; WOW64; rv:40.0) Gecko/20100101 Firefox/40.1"
41.252.22.33 - - [21/May/2017:14:14:41 +0200] "GET / HTTP/1.1" 200 5735 "-" "Mozilla/5.0 (Windows NT 6.1; WOW64; rv:40.0) Gecko/20100101 Firefox/40.1"
180.76.15.7 - - [21/May/2017:14:15:31 +0200] "GET /~martone/docs/mm.thesis.2007.pdf HTTP/1.1" 200 2255641 "-" "Mozilla/5.0 (compatible; Baiduspider/2.0; +http://www.baidu.com/search/spider.html)"
104.154.49.2 - - [21/May/2017:14:17:25 +0200] "GET /asbda2017/?feed=rss2 HTTP/1.1" 200 3487 "-" "Java/1.8.0_121"
217.73.208.146 - - [21/May/2017:14:18:30 +0200] "GET /robots.txt HTTP/1.0" 200 76 "-" "istellabot/t.1"
217.73.208.146 - - [21/May/2017:14:18:30 +0200] "GET /OpenSourceScuola/documentazione/capitolo1_che_OS.pdf HTTP/1.0" 200 53069 "-" "istellabot/t.1"
106.120.173.75 - - [21/May/2017:14:19:28 +0200] "GET /psblas HTTP/1.1" 301 252 "-" "Sogou web spider/4.0(+http://www.sogou.com/docs/help/webmasters.htm#07)"
106.120.173.75 - - [21/May/2017:14:19:40 +0200] "GET /psblas/ HTTP/1.1" 304 - "-" "Sogou web spider/4.0(+http://www.sogou.com/docs/help/webmasters.htm#07)"
104.197.197.203 - - [21/May/2017:14:21:19 +0200] "GET /acpross2017/?feed=rss2 HTTP/1.1" 200 3664 "-" "Java/1.8.0_121"
157.55.39.52 - - [21/May/2017:14:21:35 +0200] "GET /media/NOTAn13.pdf HTTP/1.1" 200 478634 "-" "Mozilla/5.0 (compatible; bingbot/2.0; +http://www.bing.com/bingbot.htm)"
66.249.75.3 - - [21/May/2017:14:22:07 +0200] "GET /publications/esocc2015_xweb.pdf HTTP/1.1" 200 523047 "-" "Mozilla/5.0 (compatible; Googlebot/2.1; +http://www.google.com/bot.html)"
212.83.174.55 - - [21/May/2017:14:22:30 +0200] "GET / HTTP/1.1" 200 11462 "-" "Mozilla"
212.83.174.55 - - [21/May/2017:14:23:16 +0200] "GET / HTTP/1.1" 200 11462 "-" "Mozilla"
162.210.196.97 - - [21/May/2017:14:23:22 +0200] "GET /robots.txt HTTP/1.1" 200 61 "-" "Mozilla/5.0 (compatible; MJ12bot/v1.4.8; http://mj12bot.com/)"
162.210.196.97 - - [21/May/2017:14:23:24 +0200] "GET /~nardelli/ HTTP/1.1" 200 13700 "-" "Mozilla/5.0 (compatible; MJ12bot/v1.4.8; http://mj12bot.com/)"
104.154.49.2 - - [21/May/2017:14:24:11 +0200] "GET /asbda2017/?feed=rss2 HTTP/1.1" 200 3487 "-" "Java/1.8.0_121"
180.76.15.20 - - [21/May/2017:14:26:37 +0200] "GET /courses/sdcc1516/progetti/Projects.pdf HTTP/1.1" 200 599851 "-" "Mozilla/5.0 (compatible; Baiduspider/2.0; +http://www.baidu.com/search/spider.html)"
83.139.197.5 - - [21/May/2017:14:27:03 +0200] "GET /~lopresti/Didattica/RetiWeb/RetiWeb1112/Socket_2.pdf HTTP/1.1" 200 324026 "https://www.google.it/" "Mozilla/5.0 (Linux; Android 6.0; HUAWEI GRA-L09 Build/HUAWEIGRA-L09) AppleWebKit/537.36 (KHTML, like Gecko) Chrome/58.0.3029.83 Mobile Safari/537.36"
66.249.93.73 - - [21/May/2017:14:27:10 +0200] "GET /favicon.ico HTTP/1.1" 200 318 "-" "Mozilla/5.0 (X11; Linux x86_64) AppleWebKit/537.36 (KHTML, like Gecko) Chrome/49.0.2623.75 Safari/537.36 Google Favicon"
104.197.197.203 - - [21/May/2017:14:29:23 +0200] "GET /acpross2017/?feed=rss2 HTTP/1.1" 200 3664 "-" "Java/1.8.0_121"
104.154.49.2 - - [21/May/2017:14:32:43 +0200] "GET /asbda2017/?feed=rss2 HTTP/1.1" 200 3487 "-" "Java/1.8.0_121"
138.201.192.36 - - [21/May/2017:14:35:27 +0200] "HEAD /~lopresti/Didattica/Biss2010/BGP/Configuring%20BGP%20on%20Cisco%20Routers,%20Volume%201%20(Student%20Guide)%20[Cisco%20Press%202003].pdf HTTP/1.1" 200 - "-" "PDFDriveCrawler 2.36 ( http://www.pdfdrive.net )"
138.201.192.36 - - [21/May/2017:14:35:27 +0200] "GET /~lopresti/Didattica/Biss2010/BGP/Configuring%20BGP%20on%20Cisco%20Routers,%20Volume%201%20(Student%20Guide)%20[Cisco%20Press%202003].pdf HTTP/1.1" 200 13131961 "-" "PDFDriveCrawler 2.36 ( http://www.pdfdrive.net )"
180.76.15.33 - - [21/May/2017:14:37:42 +0200] "GET /~lopresti/Didattica/Fondamenti/Fond0607/Array.pdf HTTP/1.1" 200 2053939 "-" "Mozilla/5.0 (compatible; Baiduspider/2.0; +http://www.baidu.com/search/spider.html)"
182.18.23.2 - - [21/May/2017:14:37:51 +0200] "GET / HTTP/1.1" 200 11462 "-" "Mozilla/4.0 (compatible; MSIE 6.0; Windows NT 5.0)"
182.18.23.2 - - [21/May/2017:14:37:51 +0200] "GET / HTTP/1.1" 200 11462 "-" "Mozilla/4.0 (compatible; MSIE 6.0; Windows NT 5.0)"
195.154.191.62 - - [21/May/2017:14:38:36 +0200] "GET /includes/fckeditor/editor/ HTTP/1.1" 404 302 "-" "compatible;Baiduspider/2.0; +http://www.baidu.com/search/spider.html"
104.197.197.203 - - [21/May/2017:14:39:00 +0200] "GET /acpross2017/?feed=rss2 HTTP/1.1" 200 3664 "-" "Java/1.8.0_121"
66.102.6.159 - - [21/May/2017:14:40:01 +0200] "GET / HTTP/1.1" 200 1764 "-" "Mozilla/5.0 (X11; Linux x86_64) AppleWebKit/537.36 (KHTML, like Gecko) Chrome/49.0.2623.75 Safari/537.36 Google Favicon"
66.102.6.159 - - [21/May/2017:14:40:02 +0200] "GET /favicon.ico HTTP/1.1" 200 318 "-" "Mozilla/5.0 (X11; Linux x86_64) AppleWebKit/537.36 (KHTML, like Gecko) Chrome/49.0.2623.75 Safari/537.36 Google Favicon"
104.154.49.2 - - [21/May/2017:14:40:21 +0200] "GET /asbda2017/?feed=rss2 HTTP/1.1" 200 3487 "-" "Java/1.8.0_121"
94.75.231.82 - - [21/May/2017:14:41:45 +0200] "GET /courses/sdcc1617/ HTTP/1.0" 200 64828 "-" "Mozilla/5.0 (Macintosh; Intel Mac OS X 10.12; rv:53.0) Gecko/20100101 Firefox/53.0"
94.162.114.116 - - [21/May/2017:14:42:32 +0200] "GET /~lopresti/Didattica/RetiWeb/RetiWeb1112/HTTP_completo4.pdf HTTP/1.1" 206 19339 "https://www.google.it/" "Mozilla/5.0 (X11; Ubuntu; Linux x86_64; rv:53.0) Gecko/20100101 Firefox/53.0"
94.162.114.116 - - [21/May/2017:14:42:31 +0200] "GET /~lopresti/Didattica/RetiWeb/RetiWeb1112/HTTP_completo4.pdf HTTP/1.1" 200 2575243 "https://www.google.it/" "Mozilla/5.0 (X11; Ubuntu; Linux x86_64; rv:53.0) Gecko/20100101 Firefox/53.0"
94.162.114.116 - - [21/May/2017:14:42:35 +0200] "GET /~lopresti/Didattica/RetiWeb/RetiWeb1112/HTTP_completo4.pdf HTTP/1.1" 206 65536 "https://www.google.it/" "Mozilla/5.0 (X11; Ubuntu; Linux x86_64; rv:53.0) Gecko/20100101 Firefox/53.0"
94.162.114.116 - - [21/May/2017:14:42:35 +0200] "GET /favicon.ico HTTP/1.1" 200 318 "-" "Mozilla/5.0 (X11; Ubuntu; Linux x86_64; rv:53.0) Gecko/20100101 Firefox/53.0"
66.249.75.3 - - [21/May/2017:14:42:37 +0200] "GET /courses/aac07/lucidi/Memvirtuale_4pp.pdf HTTP/1.1" 304 - "-" "Mozilla/5.0 (compatible; Googlebot/2.1; +http://www.google.com/bot.html)"
166.137.252.127 - - [21/May/2017:14:42:46 +0200] "GET /nemo/toninel_phd.pdf HTTP/1.1" 200 1163566 "https://www.google.com/" "Mozilla/5.0 (iPhone; CPU iPhone OS 10_1_1 like Mac OS X) AppleWebKit/602.2.14 (KHTML, like Gecko) Version/10.0 Mobile/14B100 Safari/602.1"
81.213.43.48 - - [21/May/2017:14:43:18 +0200] "GET /favicon.ico HTTP/1.1" 200 318 "http://www.ce.uniroma2.it/courses/MMI/ecLezione3.pdf" "Mozilla/5.0 (Windows NT 10.0; Win64; x64) AppleWebKit/537.36 (KHTML, like Gecko) Chrome/58.0.3029.110 Safari/537.36"
81.213.43.48 - - [21/May/2017:14:43:18 +0200] "GET /courses/MMI/ecLezione3.pdf HTTP/1.1" 200 983000 "https://www.google.com.tr/" "Mozilla/5.0 (Windows NT 10.0; Win64; x64) AppleWebKit/537.36 (KHTML, like Gecko) Chrome/58.0.3029.110 Safari/537.36"
81.213.43.48 - - [21/May/2017:14:43:18 +0200] "GET /courses/MMI/ecLezione3.pdf HTTP/1.1" 206 965544 "http://www.ce.uniroma2.it/courses/MMI/ecLezione3.pdf" "Mozilla/5.0 (Windows NT 10.0; Win64; x64) AppleWebKit/537.36 (KHTML, like Gecko) Chrome/58.0.3029.110 Safari/537.36"
85.159.196.230 - - [21/May/2017:14:45:34 +0200] "GET /courses/sd0910/lucidi/SOA&WebService.pdf HTTP/1.1" 200 417753 "https://www.google.it/" "Mozilla/5.0 (Windows NT 6.1; WOW64; rv:52.0) Gecko/20100101 Firefox/52.0"
85.159.196.230 - - [21/May/2017:14:45:35 +0200] "GET /courses/sd0910/lucidi/SOA&WebService.pdf HTTP/1.1" 206 65536 "https://www.google.it/" "Mozilla/5.0 (Windows NT 6.1; WOW64; rv:52.0) Gecko/20100101 Firefox/52.0"
85.159.196.230 - - [21/May/2017:14:45:35 +0200] "GET /courses/sd0910/lucidi/SOA&WebService.pdf HTTP/1.1" 206 24537 "https://www.google.it/" "Mozilla/5.0 (Windows NT 6.1; WOW64; rv:52.0) Gecko/20100101 Firefox/52.0"
85.159.196.230 - - [21/May/2017:14:45:35 +0200] "GET /favicon.ico HTTP/1.1" 200 318 "-" "Mozilla/5.0 (Windows NT 6.1; WOW64; rv:52.0) Gecko/20100101 Firefox/52.0"
66.249.75.6 - - [21/May/2017:14:45:59 +0200] "GET /geoweb/links.html HTTP/1.1" 200 1366 "-" "Mozilla/5.0 (Linux; Android 6.0.1; Nexus 5X Build/MMB29P) AppleWebKit/537.36 (KHTML, like Gecko) Chrome/41.0.2272.96 Mobile Safari/537.36 (compatible; Googlebot/2.1; +http://www.google.com/bot.html)"
104.197.197.203 - - [21/May/2017:14:46:20 +0200] "GET /acpross2017/?feed=rss2 HTTP/1.1" 200 3664 "-" "Java/1.8.0_121"
180.76.15.14 - - [21/May/2017:14:46:22 +0200] "GET / HTTP/1.1" 200 11462 "-" "Mozilla/5.0 (compatible; Baiduspider/2.0; +http://www.baidu.com/search/spider.html)"
107.167.107.217 - - [21/May/2017:14:47:18 +0200] "GET /~lopresti/Didattica/Arch_Calc/ALU_AppB.pdf HTTP/1.1" 200 128502 "http://www.google.co.in/search?q=arithmetic+logic+unit+in+combinational+logic+circuit&client=ms-opera-mini-android&channel=new&gws_rd=cr&ei=C40hWd7PIIHKmwHU9IHICQ" "Opera/9.80 (Android; Opera Mini/7.5.33725/62.178; U; en) Presto/2.12.423 Version/12.16"
180.76.15.139 - - [21/May/2017:14:47:48 +0200] "GET / HTTP/1.1" 200 11462 "-" "Mozilla/5.0 (compatible; Baiduspider/2.0; +http://www.baidu.com/search/spider.html)"
93.71.49.113 - - [21/May/2017:14:48:01 +0200] "GET /courses/ac05/lucidi/Floating_2pp.pdf HTTP/1.1" 200 176708 "-" "Dalvik/2.1.0 (Linux; U; Android 7.0; SM-G920F Build/NRD90M)"
106.120.188.71 - - [21/May/2017:14:49:48 +0200] "GET /robots.txt HTTP/1.1" 200 76 "-" "Sogou web spider/4.0(+http://www.sogou.com/docs/help/webmasters.htm#07)"
106.120.188.71 - - [21/May/2017:14:49:57 +0200] "GET /~lopresti/Didattica/Arch_Calc/ALU_AppB.pdf HTTP/1.1" 200 128502 "-" "Sogou web spider/4.0(+http://www.sogou.com/docs/help/webmasters.htm#07)"
2.236.21.146 - - [21/May/2017:14:50:20 +0200] "GET / HTTP/1.1" 200 3469 "-" "Mozilla/5.0 (iPhone; CPU iPhone OS 10_3_1 like Mac OS X) AppleWebKit/603.1.30 (KHTML, like Gecko) Version/10.0 Mobile/14E304 Safari/602.1"
2.236.21.146 - - [21/May/2017:14:50:21 +0200] "GET /apple-touch-icon-120x120-precomposed.png HTTP/1.1" 404 270 "-" "MobileSafari/602.1 CFNetwork/811.4.18 Darwin/16.5.0"
2.236.21.146 - - [21/May/2017:14:50:21 +0200] "GET /apple-touch-icon-120x120.png HTTP/1.1" 404 263 "-" "MobileSafari/602.1 CFNetwork/811.4.18 Darwin/16.5.0"
2.236.21.146 - - [21/May/2017:14:50:21 +0200] "GET /apple-touch-icon-precomposed.png HTTP/1.1" 404 264 "-" "MobileSafari/602.1 CFNetwork/811.4.18 Darwin/16.5.0"
2.236.21.146 - - [21/May/2017:14:50:21 +0200] "GET /apple-touch-icon.png HTTP/1.1" 404 256 "-" "MobileSafari/602.1 CFNetwork/811.4.18 Darwin/16.5.0"
2.236.21.146 - - [21/May/2017:14:50:21 +0200] "GET /favicon.ico HTTP/1.1" 404 248 "-" "MobileSafari/602.1 CFNetwork/811.4.18 Darwin/16.5.0"
2.236.21.146 - - [21/May/2017:14:50:22 +0200] "GET /apple-touch-icon-120x120-precomposed.png HTTP/1.1" 404 270 "-" "MobileSafari/602.1 CFNetwork/811.4.18 Darwin/16.5.0"
2.236.21.146 - - [21/May/2017:14:50:23 +0200] "GET /apple-touch-icon-120x120.png HTTP/1.1" 404 263 "-" "MobileSafari/602.1 CFNetwork/811.4.18 Darwin/16.5.0"
2.236.21.146 - - [21/May/2017:14:50:23 +0200] "GET /apple-touch-icon-precomposed.png HTTP/1.1" 404 264 "-" "MobileSafari/602.1 CFNetwork/811.4.18 Darwin/16.5.0"
2.236.21.146 - - [21/May/2017:14:50:23 +0200] "GET /apple-touch-icon.png HTTP/1.1" 404 256 "-" "MobileSafari/602.1 CFNetwork/811.4.18 Darwin/16.5.0"
2.236.21.146 - - [21/May/2017:14:50:23 +0200] "GET /favicon.ico HTTP/1.1" 404 248 "-" "MobileSafari/602.1 CFNetwork/811.4.18 Darwin/16.5.0"
82.57.168.221 - - [21/May/2017:14:50:26 +0200] "GET /~valeria/ HTTP/1.1" 200 6053 "https://www.google.it/" "Mozilla/5.0 (Linux; Android 6.0.1; P01T_1 Build/MMB29P) AppleWebKit/537.36 (KHTML, like Gecko) Chrome/58.0.3029.83 Safari/537.36"
82.57.168.221 - - [21/May/2017:14:50:26 +0200] "GET /~valeria/images/puntina.gif HTTP/1.1" 200 1041 "http://www.ce.uniroma2.it/~valeria/" "Mozilla/5.0 (Linux; Android 6.0.1; P01T_1 Build/MMB29P) AppleWebKit/537.36 (KHTML, like Gecko) Chrome/58.0.3029.83 Safari/537.36"
82.57.168.221 - - [21/May/2017:14:50:26 +0200] "GET /~valeria/images/line.colorbar_ani.gif HTTP/1.1" 200 4491 "http://www.ce.uniroma2.it/~valeria/" "Mozilla/5.0 (Linux; Android 6.0.1; P01T_1 Build/MMB29P) AppleWebKit/537.36 (KHTML, like Gecko) Chrome/58.0.3029.83 Safari/537.36"
82.57.168.221 - - [21/May/2017:14:50:26 +0200] "GET /~valeria/images/address.gif HTTP/1.1" 200 1066 "http://www.ce.uniroma2.it/~valeria/" "Mozilla/5.0 (Linux; Android 6.0.1; P01T_1 Build/MMB29P) AppleWebKit/537.36 (KHTML, like Gecko) Chrome/58.0.3029.83 Safari/537.36"
82.57.168.221 - - [21/May/2017:14:50:26 +0200] "GET /~valeria/images/open.jpg HTTP/1.1" 200 48444 "http://www.ce.uniroma2.it/~valeria/" "Mozilla/5.0 (Linux; Android 6.0.1; P01T_1 Build/MMB29P) AppleWebKit/537.36 (KHTML, like Gecko) Chrome/58.0.3029.83 Safari/537.36"
82.57.168.221 - - [21/May/2017:14:50:32 +0200] "GET /courses/sabd1617/ HTTP/1.1" 200 7646 "http://www.ce.uniroma2.it/~valeria/" "Mozilla/5.0 (Linux; Android 6.0.1; P01T_1 Build/MMB29P) AppleWebKit/537.36 (KHTML, like Gecko) Chrome/58.0.3029.83 Safari/537.36"
82.57.168.221 - - [21/May/2017:14:50:53 +0200] "GET /courses/sabd1617/slides/Storage_HandsOn_HDFS.pdf HTTP/1.1" 200 1697137 "http://www.ce.uniroma2.it/courses/sabd1617/" "Mozilla/5.0 (Linux; Android 6.0.1; P01T_1 Build/MMB29P) AppleWebKit/537.36 (KHTML, like Gecko) Chrome/58.0.3029.83 Safari/537.36"
93.45.127.20 - - [21/May/2017:14:50:57 +0200] "GET /favicon.ico HTTP/1.1" 200 318 "http://www.ce.uniroma2.it/~lopresti/Didattica/Biss2010/BGP/BGP_Design_and_Implementation.pdf" "Mozilla/5.0 (Windows NT 10.0; WOW64) AppleWebKit/537.36 (KHTML, like Gecko) Chrome/56.0.2924.87 Safari/537.36"
93.45.127.20 - - [21/May/2017:14:50:56 +0200] "GET /~lopresti/Didattica/Biss2010/BGP/BGP_Design_and_Implementation.pdf HTTP/1.1" 200 13794196 "https://www.google.it/" "Mozilla/5.0 (Windows NT 10.0; WOW64) AppleWebKit/537.36 (KHTML, like Gecko) Chrome/56.0.2924.87 Safari/537.36"
104.154.49.2 - - [21/May/2017:14:51:03 +0200] "GET /asbda2017/?feed=rss2 HTTP/1.1" 200 3487 "-" "Java/1.8.0_121"
104.152.72.4 - - [21/May/2017:14:51:03 +0200] "GET /courses/MMI/cloudResProv.pdf HTTP/1.1" 200 847083 "-" "python-requests/2.12.4"
106.120.188.71 - - [21/May/2017:14:52:05 +0200] "GET /~lopresti/Didattica/Arch_Calc/ALU_AppB.pdf HTTP/1.1" 200 128502 "-" "Sogou web spider/4.0(+http://www.sogou.com/docs/help/webmasters.htm#07)"
93.45.127.20 - - [21/May/2017:14:52:22 +0200] "GET /~lopresti/Didattica/Biss2010/BGP/ HTTP/1.1" 403 263 "-" "Mozilla/5.0 (Windows NT 10.0; WOW64) AppleWebKit/537.36 (KHTML, like Gecko) Chrome/56.0.2924.87 Safari/537.36"
93.45.127.20 - - [21/May/2017:14:52:25 +0200] "GET /~lopresti/Didattica/Biss2010 HTTP/1.1" 301 267 "-" "Mozilla/5.0 (Windows NT 10.0; WOW64) AppleWebKit/537.36 (KHTML, like Gecko) Chrome/56.0.2924.87 Safari/537.36"
93.45.127.20 - - [21/May/2017:14:52:25 +0200] "GET /~lopresti/Didattica/Biss2010/ HTTP/1.1" 403 260 "-" "Mozilla/5.0 (Windows NT 10.0; WOW64) AppleWebKit/537.36 (KHTML, like Gecko) Chrome/56.0.2924.87 Safari/537.36"
93.45.127.20 - - [21/May/2017:14:52:29 +0200] "GET /~lopresti/Didattica HTTP/1.1" 301 260 "-" "Mozilla/5.0 (Windows NT 10.0; WOW64) AppleWebKit/537.36 (KHTML, like Gecko) Chrome/56.0.2924.87 Safari/537.36"
93.45.127.20 - - [21/May/2017:14:52:29 +0200] "GET /~lopresti/Didattica/ HTTP/1.1" 403 253 "-" "Mozilla/5.0 (Windows NT 10.0; WOW64) AppleWebKit/537.36 (KHTML, like Gecko) Chrome/56.0.2924.87 Safari/537.36"
93.45.127.20 - - [21/May/2017:14:52:33 +0200] "GET /~lopresti/ HTTP/1.1" 200 825 "-" "Mozilla/5.0 (Windows NT 10.0; WOW64) AppleWebKit/537.36 (KHTML, like Gecko) Chrome/56.0.2924.87 Safari/537.36"
93.45.127.20 - - [21/May/2017:14:52:33 +0200] "GET /~lopresti/stile.css HTTP/1.1" 200 402 "http://www.ce.uniroma2.it/~lopresti/" "Mozilla/5.0 (Windows NT 10.0; WOW64) AppleWebKit/537.36 (KHTML, like Gecko) Chrome/56.0.2924.87 Safari/537.36"
93.45.127.20 - - [21/May/2017:14:52:33 +0200] "GET /~lopresti/blebul1a.gif HTTP/1.1" 200 51 "http://www.ce.uniroma2.it/~lopresti/" "Mozilla/5.0 (Windows NT 10.0; WOW64) AppleWebKit/537.36 (KHTML, like Gecko) Chrome/56.0.2924.87 Safari/537.36"
93.45.127.20 - - [21/May/2017:14:52:53 +0200] "GET /~lopresti/pubblicazioni3.htm HTTP/1.1" 200 6693 "http://www.ce.uniroma2.it/~lopresti/" "Mozilla/5.0 (Windows NT 10.0; WOW64) AppleWebKit/537.36 (KHTML, like Gecko) Chrome/56.0.2924.87 Safari/537.36"
93.45.127.20 - - [21/May/2017:14:52:54 +0200] "GET /~lopresti/didattica2.htm HTTP/1.1" 200 926 "http://www.ce.uniroma2.it/~lopresti/" "Mozilla/5.0 (Windows NT 10.0; WOW64) AppleWebKit/537.36 (KHTML, like Gecko) Chrome/56.0.2924.87 Safari/537.36"
207.46.13.103 - - [21/May/2017:14:52:54 +0200] "GET /index.php/comunicazioni/visualizza/opportunita_di_internship_o_programmi_internazionali_a_cui_partecipare HTTP/1.1" 200 2671 "-" "Mozilla/5.0 (compatible; bingbot/2.0; +http://www.bing.com/bingbot.htm)"
93.45.127.20 - - [21/May/2017:14:52:58 +0200] "GET /~lopresti/curriculum2.pdf HTTP/1.1" 200 137656 "http://www.ce.uniroma2.it/~lopresti/" "Mozilla/5.0 (Windows NT 10.0; WOW64) AppleWebKit/537.36 (KHTML, like Gecko) Chrome/56.0.2924.87 Safari/537.36"
93.45.127.20 - - [21/May/2017:14:52:58 +0200] "GET /~lopresti/curriculum2.pdf HTTP/1.1" 206 57026 "http://www.ce.uniroma2.it/~lopresti/" "Mozilla/5.0 (Windows NT 10.0; WOW64) AppleWebKit/537.36 (KHTML, like Gecko) Chrome/56.0.2924.87 Safari/537.36"
93.45.127.20 - - [21/May/2017:14:53:04 +0200] "GET /~lopresti/curriculum2.pdf HTTP/1.1" 200 137656 "http://www.ce.uniroma2.it/~lopresti/" "Mozilla/5.0 (Windows NT 10.0; WOW64) AppleWebKit/537.36 (KHTML, like Gecko) Chrome/56.0.2924.87 Safari/537.36"
79.41.59.215 - - [21/May/2017:14:53:18 +0200] "GET /media/ComLaureeIngInfoFeb17.pdf HTTP/1.1" 200 976246 "https://www.google.it/" "Mozilla/5.0 (Windows NT 10.0; Win64; x64) AppleWebKit/537.36 (KHTML, like Gecko) Chrome/51.0.2704.79 Safari/537.36 Edge/14.14393"
79.41.59.215 - - [21/May/2017:14:53:18 +0200] "GET /favicon.ico HTTP/1.1" 404 248 "-" "Mozilla/5.0 (Windows NT 10.0; Win64; x64) AppleWebKit/537.36 (KHTML, like Gecko) Chrome/51.0.2704.79 Safari/537.36 Edge/14.14393"
79.41.59.215 - - [21/May/2017:14:53:18 +0200] "GET /media/ComLaureeIngInfoFeb17.pdf HTTP/1.1" 206 963443 "http://inginformatica.uniroma2.it/media/ComLaureeIngInfoFeb17.pdf" "Mozilla/5.0 (Windows NT 10.0; Win64; x64) AppleWebKit/537.36 (KHTML, like Gecko) Chrome/51.0.2704.79 Safari/537.36 Edge/14.14393"
216.244.66.246 - - [21/May/2017:14:53:28 +0200] "GET /robots.txt HTTP/1.1" 404 297 "-" "Mozilla/5.0 (compatible; DotBot/1.1; http://www.opensiteexplorer.org/dotbot, help@moz.com)"
93.45.127.20 - - [21/May/2017:14:53:37 +0200] "GET /~lopresti/Didattica/RetiWeb/RetiWeb1617/RetiWeb_frame.htm HTTP/1.1" 200 496 "http://www.ce.uniroma2.it/~lopresti/didattica2.htm" "Mozilla/5.0 (Windows NT 10.0; WOW64) AppleWebKit/537.36 (KHTML, like Gecko) Chrome/56.0.2924.87 Safari/537.36"
93.45.127.20 - - [21/May/2017:14:53:37 +0200] "GET /~lopresti/Didattica/RetiWeb/RetiWeb1617/RetiWeb_head.htm HTTP/1.1" 200 309 "http://www.ce.uniroma2.it/~lopresti/Didattica/RetiWeb/RetiWeb1617/RetiWeb_frame.htm" "Mozilla/5.0 (Windows NT 10.0; WOW64) AppleWebKit/537.36 (KHTML, like Gecko) Chrome/56.0.2924.87 Safari/537.36"
93.45.127.20 - - [21/May/2017:14:53:37 +0200] "GET /~lopresti/Didattica/RetiWeb/RetiWeb1617/RetiWeb_book.htm HTTP/1.1" 200 392 "http://www.ce.uniroma2.it/~lopresti/Didattica/RetiWeb/RetiWeb1617/RetiWeb_frame.htm" "Mozilla/5.0 (Windows NT 10.0; WOW64) AppleWebKit/537.36 (KHTML, like Gecko) Chrome/56.0.2924.87 Safari/537.36"
93.45.127.20 - - [21/May/2017:14:53:37 +0200] "GET /~lopresti/Didattica/RetiWeb/RetiWeb1617/RetiWeb_body.htm HTTP/1.1" 200 2951 "http://www.ce.uniroma2.it/~lopresti/Didattica/RetiWeb/RetiWeb1617/RetiWeb_frame.htm" "Mozilla/5.0 (Windows NT 10.0; WOW64) AppleWebKit/537.36 (KHTML, like Gecko) Chrome/56.0.2924.87 Safari/537.36"
95.234.253.39 - - [21/May/2017:14:55:03 +0200] "GET /~lopresti/Didattica/Fondamenti/Fond0607/Strutture%20di%20Controllo.pdf HTTP/1.1" 200 3486454 "-" "Dalvik/2.1.0 (Linux; U; Android 6.0.1; SM-G920F Build/MMB29K)"
159.20.153.15 - - [21/May/2017:14:55:13 +0200] "GET /~lopresti/Didattica/Fondamenti/Fond0607/Array.pdf HTTP/1.1" 200 2053939 "https://www.google.it/" "Mozilla/5.0 (iPhone; CPU iPhone OS 10_3_1 like Mac OS X) AppleWebKit/603.1.30 (KHTML, like Gecko) Version/10.0 Mobile/14E304 Safari/602.1"
93.45.127.20 - - [21/May/2017:14:57:33 +0200] "GET / HTTP/1.1" 200 1764 "-" "Mozilla/5.0 (Windows NT 10.0; WOW64) AppleWebKit/537.36 (KHTML, like Gecko) Chrome/56.0.2924.87 Safari/537.36"
93.45.127.20 - - [21/May/2017:14:57:33 +0200] "GET /logoUniroma2.gif HTTP/1.1" 200 9945 "http://www.ce.uniroma2.it/" "Mozilla/5.0 (Windows NT 10.0; WOW64) AppleWebKit/537.36 (KHTML, like Gecko) Chrome/56.0.2924.87 Safari/537.36"
93.45.127.20 - - [21/May/2017:14:57:33 +0200] "GET /LogoCE-blue.gif HTTP/1.1" 200 775 "http://www.ce.uniroma2.it/" "Mozilla/5.0 (Windows NT 10.0; WOW64) AppleWebKit/537.36 (KHTML, like Gecko) Chrome/56.0.2924.87 Safari/537.36"
93.45.127.20 - - [21/May/2017:14:57:33 +0200] "GET /logoIngegneriapiccolo.jpg HTTP/1.1" 200 4023 "http://www.ce.uniroma2.it/" "Mozilla/5.0 (Windows NT 10.0; WOW64) AppleWebKit/537.36 (KHTML, like Gecko) Chrome/56.0.2924.87 Safari/537.36"
104.197.197.203 - - [21/May/2017:14:58:15 +0200] "GET /acpross2017/?feed=rss2 HTTP/1.1" 200 3664 "-" "Java/1.8.0_121"
93.45.127.20 - - [21/May/2017:14:59:01 +0200] "GET /teaching.html HTTP/1.1" 200 1565 "http://www.ce.uniroma2.it/" "Mozilla/5.0 (Windows NT 10.0; WOW64) AppleWebKit/537.36 (KHTML, like Gecko) Chrome/56.0.2924.87 Safari/537.36"
216.58.57.80 - - [21/May/2017:14:59:20 +0200] "GET /courses/sabd1617/slides/Storage_HandsOn_HDFS.pdf HTTP/1.1" 206 58737 "https://www.google.ca/" "Mozilla/5.0 (Windows NT 10.0; WOW64; rv:53.0) Gecko/20100101 Firefox/53.0"
216.58.57.80 - - [21/May/2017:14:59:20 +0200] "GET /courses/sabd1617/slides/Storage_HandsOn_HDFS.pdf HTTP/1.1" 206 65536 "https://www.google.ca/" "Mozilla/5.0 (Windows NT 10.0; WOW64; rv:53.0) Gecko/20100101 Firefox/53.0"
216.58.57.80 - - [21/May/2017:14:59:21 +0200] "GET /courses/sabd1617/slides/Storage_HandsOn_HDFS.pdf HTTP/1.1" 206 65536 "https://www.google.ca/" "Mozilla/5.0 (Windows NT 10.0; WOW64; rv:53.0) Gecko/20100101 Firefox/53.0"
216.58.57.80 - - [21/May/2017:14:59:20 +0200] "GET /courses/sabd1617/slides/Storage_HandsOn_HDFS.pdf HTTP/1.1" 200 1697137 "https://www.google.ca/" "Mozilla/5.0 (Windows NT 10.0; WOW64; rv:53.0) Gecko/20100101 Firefox/53.0"
93.45.127.20 - - [21/May/2017:14:59:23 +0200] "GET /courses/sdcc1213/ HTTP/1.1" 200 15297 "http://www.ce.uniroma2.it/teaching.html" "Mozilla/5.0 (Windows NT 10.0; WOW64) AppleWebKit/537.36 (KHTML, like Gecko) Chrome/56.0.2924.87 Safari/537.36"
93.45.127.20 - - [21/May/2017:14:59:23 +0200] "GET /courses/sdcc1213/img/valeria_t.gif HTTP/1.1" 200 1044 "http://www.ce.uniroma2.it/courses/sdcc1213/" "Mozilla/5.0 (Windows NT 10.0; WOW64) AppleWebKit/537.36 (KHTML, like Gecko) Chrome/56.0.2924.87 Safari/537.36"
216.58.57.80 - - [21/May/2017:14:59:23 +0200] "GET /favicon.ico HTTP/1.1" 200 318 "-" "Mozilla/5.0 (Windows NT 10.0; WOW64; rv:53.0) Gecko/20100101 Firefox/53.0"
180.76.15.159 - - [21/May/2017:14:59:53 +0200] "GET /~lopresti/Didattica/RetiWeb/RetiWeb1011/HTML2.pdf HTTP/1.1" 200 599428 "-" "Mozilla/5.0 (compatible; Baiduspider/2.0; +http://www.baidu.com/search/spider.html)"
104.154.49.2 - - [21/May/2017:15:00:07 +0200] "GET /asbda2017/?feed=rss2 HTTP/1.1" 200 3487 "-" "Java/1.8.0_121"
62.210.215.113 - - [21/May/2017:15:01:50 +0200] "GET /~nardelli/ HTTP/1.1" 200 4250 "-" "Mozilla/5.0 (X11; Linux i686) AppleWebKit/537.36 (KHTML, like Gecko) Chrome/30.0.1599.66 Safari/537.36"
217.73.208.146 - - [21/May/2017:15:02:11 +0200] "GET /~valeria/software.html HTTP/1.0" 200 1439 "-" "istellabot/t.1"
93.45.127.20 - - [21/May/2017:15:02:11 +0200] "GET /~lopresti/Didattica/Fondamenti/Fond1112/Fond_frame.htm HTTP/1.1" 200 452 "http://www.ce.uniroma2.it/~lopresti/didattica2.htm" "Mozilla/5.0 (Windows NT 10.0; WOW64) AppleWebKit/537.36 (KHTML, like Gecko) Chrome/56.0.2924.87 Safari/537.36"
93.45.127.20 - - [21/May/2017:15:02:11 +0200] "GET /~lopresti/Didattica/Fondamenti/Fond1112/Fond_head.htm HTTP/1.1" 200 310 "http://www.ce.uniroma2.it/~lopresti/Didattica/Fondamenti/Fond1112/Fond_frame.htm" "Mozilla/5.0 (Windows NT 10.0; WOW64) AppleWebKit/537.36 (KHTML, like Gecko) Chrome/56.0.2924.87 Safari/537.36"
93.45.127.20 - - [21/May/2017:15:02:11 +0200] "GET /~lopresti/Didattica/Fondamenti/Fond1112/Fond_book.htm HTTP/1.1" 200 534 "http://www.ce.uniroma2.it/~lopresti/Didattica/Fondamenti/Fond1112/Fond_frame.htm" "Mozilla/5.0 (Windows NT 10.0; WOW64) AppleWebKit/537.36 (KHTML, like Gecko) Chrome/56.0.2924.87 Safari/537.36"
93.45.127.20 - - [21/May/2017:15:02:11 +0200] "GET /~lopresti/Didattica/Fondamenti/Fond1112/Fond_body.htm HTTP/1.1" 200 3008 "http://www.ce.uniroma2.it/~lopresti/Didattica/Fondamenti/Fond1112/Fond_frame.htm" "Mozilla/5.0 (Windows NT 10.0; WOW64) AppleWebKit/537.36 (KHTML, like Gecko) Chrome/56.0.2924.87 Safari/537.36"
93.45.127.20 - - [21/May/2017:15:02:11 +0200] "GET /~lopresti/Didattica/Fondamenti/Fond1112/blebul1a.gif HTTP/1.1" 200 663 "http://www.ce.uniroma2.it/~lopresti/Didattica/Fondamenti/Fond1112/Fond_body.htm" "Mozilla/5.0 (Windows NT 10.0; WOW64) AppleWebKit/537.36 (KHTML, like Gecko) Chrome/56.0.2924.87 Safari/537.36"
93.45.127.20 - - [21/May/2017:15:02:11 +0200] "GET /~lopresti/Didattica/Fondamenti/Fond1112/blebul2a.gif HTTP/1.1" 200 308 "http://www.ce.uniroma2.it/~lopresti/Didattica/Fondamenti/Fond1112/Fond_body.htm" "Mozilla/5.0 (Windows NT 10.0; WOW64) AppleWebKit/537.36 (KHTML, like Gecko) Chrome/56.0.2924.87 Safari/537.36"
93.45.127.20 - - [21/May/2017:15:02:12 +0200] "GET /~lopresti/Didattica/Fondamenti/Fond1112/blebul3a.gif HTTP/1.1" 200 311 "http://www.ce.uniroma2.it/~lopresti/Didattica/Fondamenti/Fond1112/Fond_body.htm" "Mozilla/5.0 (Windows NT 10.0; WOW64) AppleWebKit/537.36 (KHTML, like Gecko) Chrome/56.0.2924.87 Safari/537.36"
93.45.127.20 - - [21/May/2017:15:02:38 +0200] "GET /~lopresti/Didattica/Fondamenti/Fond1112/Esercizi/setoperations.cpp HTTP/1.1" 200 760 "http://www.ce.uniroma2.it/~lopresti/Didattica/Fondamenti/Fond1112/Fond_body.htm" "Mozilla/5.0 (Windows NT 10.0; WOW64) AppleWebKit/537.36 (KHTML, like Gecko) Chrome/56.0.2924.87 Safari/537.36"
216.244.66.246 - - [21/May/2017:15:03:02 +0200] "GET /%7Emartone/confs/bashrc.html HTTP/1.1" 200 21808 "-" "Mozilla/5.0 (compatible; DotBot/1.1; http://www.opensiteexplorer.org/dotbot, help@moz.com)"
80.117.124.243 - - [21/May/2017:15:03:28 +0200] "GET /~lopresti/Didattica/RetiWeb/RetiWeb1415/Socket_1.pdf HTTP/1.1" 200 361451 "-" "Mozilla/5.0 (Windows NT 10.0; Win64; x64) AppleWebKit/537.36 (KHTML, like Gecko) Chrome/58.0.3029.110 Safari/537.36"
80.117.124.243 - - [21/May/2017:15:03:28 +0200] "GET /favicon.ico HTTP/1.1" 200 318 "http://www.ce.uniroma2.it/~lopresti/Didattica/RetiWeb/RetiWeb1415/Socket_1.pdf" "Mozilla/5.0 (Windows NT 10.0; Win64; x64) AppleWebKit/537.36 (KHTML, like Gecko) Chrome/58.0.3029.110 Safari/537.36"
93.45.127.20 - - [21/May/2017:15:03:56 +0200] "GET /~lopresti/Didattica/RetiWeb/RetiWeb1617/Socket_1.pdf HTTP/1.1" 200 361451 "http://www.ce.uniroma2.it/~lopresti/Didattica/RetiWeb/RetiWeb1617/RetiWeb_body.htm" "Mozilla/5.0 (Windows NT 10.0; WOW64) AppleWebKit/537.36 (KHTML, like Gecko) Chrome/56.0.2924.87 Safari/537.36"
93.45.127.20 - - [21/May/2017:15:03:56 +0200] "GET /~lopresti/Didattica/RetiWeb/RetiWeb1617/Socket_1.pdf HTTP/1.1" 206 47552 "http://www.ce.uniroma2.it/~lopresti/Didattica/RetiWeb/RetiWeb1617/RetiWeb_body.htm" "Mozilla/5.0 (Windows NT 10.0; WOW64) AppleWebKit/537.36 (KHTML, like Gecko) Chrome/56.0.2924.87 Safari/537.36"
93.45.127.20 - - [21/May/2017:15:03:56 +0200] "GET /~lopresti/Didattica/RetiWeb/RetiWeb1617/Socket_1.pdf HTTP/1.1" 206 77323 "http://www.ce.uniroma2.it/~lopresti/Didattica/RetiWeb/RetiWeb1617/RetiWeb_body.htm" "Mozilla/5.0 (Windows NT 10.0; WOW64) AppleWebKit/537.36 (KHTML, like Gecko) Chrome/56.0.2924.87 Safari/537.36"
93.45.127.20 - - [21/May/2017:15:03:56 +0200] "GET /~lopresti/Didattica/RetiWeb/RetiWeb1617/Socket_1.pdf HTTP/1.1" 206 31523 "http://www.ce.uniroma2.it/~lopresti/Didattica/RetiWeb/RetiWeb1617/RetiWeb_body.htm" "Mozilla/5.0 (Windows NT 10.0; WOW64) AppleWebKit/537.36 (KHTML, like Gecko) Chrome/56.0.2924.87 Safari/537.36"
93.45.127.20 - - [21/May/2017:15:03:56 +0200] "GET /~lopresti/Didattica/RetiWeb/RetiWeb1617/Socket_1.pdf HTTP/1.1" 206 168923 "http://www.ce.uniroma2.it/~lopresti/Didattica/RetiWeb/RetiWeb1617/RetiWeb_body.htm" "Mozilla/5.0 (Windows NT 10.0; WOW64) AppleWebKit/537.36 (KHTML, like Gecko) Chrome/56.0.2924.87 Safari/537.36"
93.45.127.20 - - [21/May/2017:15:04:48 +0200] "GET /events.html HTTP/1.1" 200 1869 "http://www.ce.uniroma2.it/teaching.html" "Mozilla/5.0 (Windows NT 10.0; WOW64) AppleWebKit/537.36 (KHTML, like Gecko) Chrome/56.0.2924.87 Safari/537.36"
93.45.127.20 - - [21/May/2017:15:04:53 +0200] "GET /publications.html HTTP/1.1" 200 11958 "http://www.ce.uniroma2.it/events.html" "Mozilla/5.0 (Windows NT 10.0; WOW64) AppleWebKit/537.36 (KHTML, like Gecko) Chrome/56.0.2924.87 Safari/537.36"
93.45.127.20 - - [21/May/2017:15:05:32 +0200] "GET /people.html HTTP/1.1" 200 4791 "http://www.ce.uniroma2.it/" "Mozilla/5.0 (Windows NT 10.0; WOW64) AppleWebKit/537.36 (KHTML, like Gecko) Chrome/56.0.2924.87 Safari/537.36"
