66.249.93.71 - - [21/May/2017:11:13:32 +0200] "GET / HTTP/1.1" 200 1764 "-" "Mozilla/5.0 (X11; Linux x86_64) AppleWebKit/537.36 (KHTML, like Gecko) Chrome/49.0.2623.75 Safari/537.36 Google Favicon"
66.249.93.75 - - [21/May/2017:11:13:32 +0200] "GET /favicon.ico HTTP/1.1" 200 318 "-" "Mozilla/5.0 (X11; Linux x86_64) AppleWebKit/537.36 (KHTML, like Gecko) Chrome/49.0.2623.75 Safari/537.36 Google Favicon"
2.237.50.53 - - [21/May/2017:11:15:04 +0200] "GET / HTTP/1.1" 200 1764 "-" "Mozilla/5.0 (iPhone; CPU iPhone OS 10_1_1 like Mac OS X) AppleWebKit/602.2.14 (KHTML, like Gecko) Version/10.0 Mobile/14B100 Safari/602.1"
2.237.50.53 - - [21/May/2017:11:15:04 +0200] "GET /logoIngegneriapiccolo.jpg HTTP/1.1" 200 4023 "http://www.ce.uniroma2.it/" "Mozilla/5.0 (iPhone; CPU iPhone OS 10_1_1 like Mac OS X) AppleWebKit/602.2.14 (KHTML, like Gecko) Version/10.0 Mobile/14B100 Safari/602.1"
2.237.50.53 - - [21/May/2017:11:15:04 +0200] "GET /logoUniroma2.gif HTTP/1.1" 200 9945 "http://www.ce.uniroma2.it/" "Mozilla/5.0 (iPhone; CPU iPhone OS 10_1_1 like Mac OS X) AppleWebKit/602.2.14 (KHTML, like Gecko) Version/10.0 Mobile/14B100 Safari/602.1"
2.237.50.53 - - [21/May/2017:11:15:04 +0200] "GET /LogoCE-blue.gif HTTP/1.1" 200 775 "http://www.ce.uniroma2.it/" "Mozilla/5.0 (iPhone; CPU iPhone OS 10_1_1 like Mac OS X) AppleWebKit/602.2.14 (KHTML, like Gecko) Version/10.0 Mobile/14B100 Safari/602.1"
104.197.197.203 - - [21/May/2017:11:17:27 +0200] "GET /acpross2017/?feed=rss2 HTTP/1.1" 200 3664 "-" "Java/1.8.0_121"
66.249.75.63 - - [21/May/2017:11:17:50 +0200] "GET /~buttari/MiBe/page_IMG_2091.JPG.html HTTP/1.1" 200 554 "-" "Mozilla/5.0 (Linux; Android 6.0.1; Nexus 5X Build/MMB29P) AppleWebKit/537.36 (KHTML, like Gecko) Chrome/41.0.2272.96 Mobile Safari/537.36 (compatible; Googlebot/2.1; +http://www.google.com/bot.html)"
104.154.49.2 - - [21/May/2017:11:19:16 +0200] "GET /asbda2017/?feed=rss2 HTTP/1.1" 200 3487 "-" "Java/1.8.0_121"
45.45.193.190 - - [21/May/2017:11:20:13 +0200] "GET /courses/iw08/lucidi/Tecndin_2pp.pdf HTTP/1.1" 200 426687 "-" "Mozilla/5.0 (Windows NT 6.1) AppleWebKit/537.36 (KHTML, like Gecko) Chrome/40.0.2214.93 Safari/537.36"
212.83.174.55 - - [21/May/2017:11:20:56 +0200] "GET / HTTP/1.1" 200 11462 "-" "Mozilla"
66.249.75.63 - - [21/May/2017:11:22:35 +0200] "GET /courses/sd1112/lucidi/esb_bpel.pdf HTTP/1.1" 304 - "-" "Mozilla/5.0 (compatible; Googlebot/2.1; +http://www.google.com/bot.html)"
52.71.155.178 - - [21/May/2017:11:24:10 +0200] "GET /index.php/corsi HTTP/1.1" 200 4184 "-" "Mozilla/5.0 (Macintosh; Intel Mac OS X 10_10_1) AppleWebKit/600.1.25 (KHTML, like Gecko) Version/8.0 Safari/600.1.25"
52.71.155.178 - - [21/May/2017:11:24:14 +0200] "GET /index.php/triennale_didattica HTTP/1.1" 200 4070 "-" "Mozilla/5.0 (Macintosh; Intel Mac OS X 10_10_1) AppleWebKit/600.1.25 (KHTML, like Gecko) Version/8.0 Safari/600.1.25"
52.71.155.178 - - [21/May/2017:11:24:19 +0200] "GET /index.php/triennale_piani HTTP/1.1" 200 3602 "-" "Mozilla/5.0 (Macintosh; Intel Mac OS X 10_10_1) AppleWebKit/600.1.25 (KHTML, like Gecko) Version/8.0 Safari/600.1.25"
52.71.155.178 - - [21/May/2017:11:24:25 +0200] "GET /index.php/organizzazione HTTP/1.1" 200 3027 "-" "Mozilla/5.0 (Macintosh; Intel Mac OS X 10_10_1) AppleWebKit/600.1.25 (KHTML, like Gecko) Version/8.0 Safari/600.1.25"
52.71.155.178 - - [21/May/2017:11:24:51 +0200] "GET /index.php/triennale_calendario HTTP/1.1" 200 3078 "-" "Mozilla/5.0 (Macintosh; Intel Mac OS X 10_10_1) AppleWebKit/600.1.25 (KHTML, like Gecko) Version/8.0 Safari/600.1.25"
52.71.155.178 - - [21/May/2017:11:25:16 +0200] "GET /index.php/docenti HTTP/1.1" 200 5972 "-" "Mozilla/5.0 (Macintosh; Intel Mac OS X 10_10_1) AppleWebKit/600.1.25 (KHTML, like Gecko) Version/8.0 Safari/600.1.25"
37.182.139.11 - - [21/May/2017:11:25:28 +0200] "GET /~lopresti/ HTTP/1.1" 200 825 "https://www.google.it/" "Mozilla/5.0 (X11; Ubuntu; Linux x86_64; rv:50.0) Gecko/20100101 Firefox/50.0"
37.182.139.11 - - [21/May/2017:11:25:28 +0200] "GET /~lopresti/stile.css HTTP/1.1" 200 402 "http://www.ce.uniroma2.it/~lopresti/" "Mozilla/5.0 (X11; Ubuntu; Linux x86_64; rv:50.0) Gecko/20100101 Firefox/50.0"
37.182.139.11 - - [21/May/2017:11:25:28 +0200] "GET /~lopresti/blebul1a.gif HTTP/1.1" 200 51 "http://www.ce.uniroma2.it/~lopresti/" "Mozilla/5.0 (X11; Ubuntu; Linux x86_64; rv:50.0) Gecko/20100101 Firefox/50.0"
37.182.139.11 - - [21/May/2017:11:25:28 +0200] "GET /favicon.ico HTTP/1.1" 200 318 "-" "Mozilla/5.0 (X11; Ubuntu; Linux x86_64; rv:50.0) Gecko/20100101 Firefox/50.0"
37.182.139.11 - - [21/May/2017:11:25:30 +0200] "GET /~lopresti/didattica2.htm HTTP/1.1" 200 926 "http://www.ce.uniroma2.it/~lopresti/" "Mozilla/5.0 (X11; Ubuntu; Linux x86_64; rv:50.0) Gecko/20100101 Firefox/50.0"
37.182.139.11 - - [21/May/2017:11:25:37 +0200] "GET /~lopresti/Didattica/RetiWeb/RetiWeb1011/RetiWeb_frame.htm HTTP/1.1" 200 452 "http://www.ce.uniroma2.it/~lopresti/didattica2.htm" "Mozilla/5.0 (X11; Ubuntu; Linux x86_64; rv:50.0) Gecko/20100101 Firefox/50.0"
37.182.139.11 - - [21/May/2017:11:25:37 +0200] "GET /~lopresti/Didattica/RetiWeb/RetiWeb1011/RetiWeb_head.htm HTTP/1.1" 200 311 "http://www.ce.uniroma2.it/~lopresti/Didattica/RetiWeb/RetiWeb1011/RetiWeb_frame.htm" "Mozilla/5.0 (X11; Ubuntu; Linux x86_64; rv:50.0) Gecko/20100101 Firefox/50.0"
37.182.139.11 - - [21/May/2017:11:25:37 +0200] "GET /~lopresti/Didattica/RetiWeb/RetiWeb1011/RetiWeb_book.htm HTTP/1.1" 200 513 "http://www.ce.uniroma2.it/~lopresti/Didattica/RetiWeb/RetiWeb1011/RetiWeb_frame.htm" "Mozilla/5.0 (X11; Ubuntu; Linux x86_64; rv:50.0) Gecko/20100101 Firefox/50.0"
37.182.139.11 - - [21/May/2017:11:25:37 +0200] "GET /~lopresti/Didattica/RetiWeb/RetiWeb1011/RetiWeb_body.htm HTTP/1.1" 200 5522 "http://www.ce.uniroma2.it/~lopresti/Didattica/RetiWeb/RetiWeb1011/RetiWeb_frame.htm" "Mozilla/5.0 (X11; Ubuntu; Linux x86_64; rv:50.0) Gecko/20100101 Firefox/50.0"
37.182.139.11 - - [21/May/2017:11:25:37 +0200] "GET /~lopresti/Didattica/RetiWeb/RetiWeb1011/blebul1a.gif HTTP/1.1" 200 663 "http://www.ce.uniroma2.it/~lopresti/Didattica/RetiWeb/RetiWeb1011/RetiWeb_body.htm" "Mozilla/5.0 (X11; Ubuntu; Linux x86_64; rv:50.0) Gecko/20100101 Firefox/50.0"
37.182.139.11 - - [21/May/2017:11:25:37 +0200] "GET /~lopresti/Didattica/RetiWeb/RetiWeb1011/blebul2a.gif HTTP/1.1" 200 308 "http://www.ce.uniroma2.it/~lopresti/Didattica/RetiWeb/RetiWeb1011/RetiWeb_body.htm" "Mozilla/5.0 (X11; Ubuntu; Linux x86_64; rv:50.0) Gecko/20100101 Firefox/50.0"
37.182.139.11 - - [21/May/2017:11:25:38 +0200] "GET /~lopresti/Didattica/RetiWeb/RetiWeb1011/blebul3a.gif HTTP/1.1" 200 311 "http://www.ce.uniroma2.it/~lopresti/Didattica/RetiWeb/RetiWeb1011/RetiWeb_body.htm" "Mozilla/5.0 (X11; Ubuntu; Linux x86_64; rv:50.0) Gecko/20100101 Firefox/50.0"
37.182.139.11 - - [21/May/2017:11:25:49 +0200] "GET /~lopresti/Didattica/RetiWeb/RetiWeb1011/CompitoReti230911.pdf HTTP/1.1" 200 49135 "http://www.ce.uniroma2.it/~lopresti/Didattica/RetiWeb/RetiWeb1011/RetiWeb_body.htm" "Mozilla/5.0 (X11; Ubuntu; Linux x86_64; rv:50.0) Gecko/20100101 Firefox/50.0"
37.182.139.11 - - [21/May/2017:11:25:56 +0200] "GET /~lopresti/Didattica/RetiWeb/RetiWeb1011/CompitoReti130911.pdf HTTP/1.1" 200 48594 "http://www.ce.uniroma2.it/~lopresti/Didattica/RetiWeb/RetiWeb1011/RetiWeb_body.htm" "Mozilla/5.0 (X11; Ubuntu; Linux x86_64; rv:50.0) Gecko/20100101 Firefox/50.0"
37.182.139.11 - - [21/May/2017:11:26:02 +0200] "GET /~lopresti/Didattica/RetiWeb/RetiWeb1011/CompitoReti190711.pdf HTTP/1.1" 200 47266 "http://www.ce.uniroma2.it/~lopresti/Didattica/RetiWeb/RetiWeb1011/RetiWeb_body.htm" "Mozilla/5.0 (X11; Ubuntu; Linux x86_64; rv:50.0) Gecko/20100101 Firefox/50.0"
37.182.139.11 - - [21/May/2017:11:26:11 +0200] "GET /~lopresti/Didattica/RetiWeb/RetiWeb1011/ParzialeReti1011.pdf HTTP/1.1" 200 5042 "http://www.ce.uniroma2.it/~lopresti/Didattica/RetiWeb/RetiWeb1011/RetiWeb_body.htm" "Mozilla/5.0 (X11; Ubuntu; Linux x86_64; rv:50.0) Gecko/20100101 Firefox/50.0"
104.197.197.203 - - [21/May/2017:11:26:12 +0200] "GET /acpross2017/?feed=rss2 HTTP/1.1" 200 3664 "-" "Java/1.8.0_121"
104.154.49.2 - - [21/May/2017:11:26:12 +0200] "GET /asbda2017/?feed=rss2 HTTP/1.1" 200 3487 "-" "Java/1.8.0_121"
151.26.50.13 - - [21/May/2017:11:26:17 +0200] "GET /courses/sd0910/lucidi/SincronizzazioneSD_1.pdf HTTP/1.1" 200 629394 "https://www.google.it/" "Mozilla/5.0 (X11; Linux x86_64) AppleWebKit/537.36 (KHTML, like Gecko) Chrome/58.0.3029.110 Safari/537.36"
151.26.50.13 - - [21/May/2017:11:26:20 +0200] "GET /favicon.ico HTTP/1.1" 200 318 "http://www.ce.uniroma2.it/courses/sd0910/lucidi/SincronizzazioneSD_1.pdf" "Mozilla/5.0 (X11; Linux x86_64) AppleWebKit/537.36 (KHTML, like Gecko) Chrome/58.0.3029.110 Safari/537.36"
37.182.139.11 - - [21/May/2017:11:26:46 +0200] "GET /~lopresti/Didattica/RetiWeb/RetiWeb1213/RetiWeb_frame.htm HTTP/1.1" 200 455 "http://www.ce.uniroma2.it/~lopresti/didattica2.htm" "Mozilla/5.0 (X11; Ubuntu; Linux x86_64; rv:50.0) Gecko/20100101 Firefox/50.0"
37.182.139.11 - - [21/May/2017:11:26:46 +0200] "GET /~lopresti/Didattica/RetiWeb/RetiWeb1213/RetiWeb_head.htm HTTP/1.1" 200 323 "http://www.ce.uniroma2.it/~lopresti/Didattica/RetiWeb/RetiWeb1213/RetiWeb_frame.htm" "Mozilla/5.0 (X11; Ubuntu; Linux x86_64; rv:50.0) Gecko/20100101 Firefox/50.0"
37.182.139.11 - - [21/May/2017:11:26:46 +0200] "GET /~lopresti/Didattica/RetiWeb/RetiWeb1213/RetiWeb_book.htm HTTP/1.1" 200 519 "http://www.ce.uniroma2.it/~lopresti/Didattica/RetiWeb/RetiWeb1213/RetiWeb_frame.htm" "Mozilla/5.0 (X11; Ubuntu; Linux x86_64; rv:50.0) Gecko/20100101 Firefox/50.0"
37.182.139.11 - - [21/May/2017:11:26:46 +0200] "GET /~lopresti/Didattica/RetiWeb/RetiWeb1213/RetiWeb_body.htm HTTP/1.1" 200 5268 "http://www.ce.uniroma2.it/~lopresti/Didattica/RetiWeb/RetiWeb1213/RetiWeb_frame.htm" "Mozilla/5.0 (X11; Ubuntu; Linux x86_64; rv:50.0) Gecko/20100101 Firefox/50.0"
37.182.139.11 - - [21/May/2017:11:26:46 +0200] "GET /~lopresti/Didattica/RetiWeb/RetiWeb1213/blebul1a.gif HTTP/1.1" 200 663 "http://www.ce.uniroma2.it/~lopresti/Didattica/RetiWeb/RetiWeb1213/RetiWeb_body.htm" "Mozilla/5.0 (X11; Ubuntu; Linux x86_64; rv:50.0) Gecko/20100101 Firefox/50.0"
37.182.139.11 - - [21/May/2017:11:26:46 +0200] "GET /~lopresti/Didattica/RetiWeb/RetiWeb1213/blebul2a.gif HTTP/1.1" 200 308 "http://www.ce.uniroma2.it/~lopresti/Didattica/RetiWeb/RetiWeb1213/RetiWeb_body.htm" "Mozilla/5.0 (X11; Ubuntu; Linux x86_64; rv:50.0) Gecko/20100101 Firefox/50.0"
37.182.139.11 - - [21/May/2017:11:26:46 +0200] "GET /~lopresti/Didattica/RetiWeb/RetiWeb1213/blebul3a.gif HTTP/1.1" 200 311 "http://www.ce.uniroma2.it/~lopresti/Didattica/RetiWeb/RetiWeb1213/RetiWeb_body.htm" "Mozilla/5.0 (X11; Ubuntu; Linux x86_64; rv:50.0) Gecko/20100101 Firefox/50.0"
37.182.139.11 - - [21/May/2017:11:27:16 +0200] "GET /~lopresti/Didattica/RetiWeb/RetiWeb1314/RetiWeb_frame.htm HTTP/1.1" 200 455 "http://www.ce.uniroma2.it/~lopresti/didattica2.htm" "Mozilla/5.0 (X11; Ubuntu; Linux x86_64; rv:50.0) Gecko/20100101 Firefox/50.0"
37.182.139.11 - - [21/May/2017:11:27:16 +0200] "GET /~lopresti/Didattica/RetiWeb/RetiWeb1314/RetiWeb_head.htm HTTP/1.1" 200 322 "http://www.ce.uniroma2.it/~lopresti/Didattica/RetiWeb/RetiWeb1314/RetiWeb_frame.htm" "Mozilla/5.0 (X11; Ubuntu; Linux x86_64; rv:50.0) Gecko/20100101 Firefox/50.0"
37.182.139.11 - - [21/May/2017:11:27:16 +0200] "GET /~lopresti/Didattica/RetiWeb/RetiWeb1314/RetiWeb_book.htm HTTP/1.1" 200 519 "http://www.ce.uniroma2.it/~lopresti/Didattica/RetiWeb/RetiWeb1314/RetiWeb_frame.htm" "Mozilla/5.0 (X11; Ubuntu; Linux x86_64; rv:50.0) Gecko/20100101 Firefox/50.0"
37.182.139.11 - - [21/May/2017:11:27:16 +0200] "GET /~lopresti/Didattica/RetiWeb/RetiWeb1314/RetiWeb_body.htm HTTP/1.1" 200 5278 "http://www.ce.uniroma2.it/~lopresti/Didattica/RetiWeb/RetiWeb1314/RetiWeb_frame.htm" "Mozilla/5.0 (X11; Ubuntu; Linux x86_64; rv:50.0) Gecko/20100101 Firefox/50.0"
37.182.139.11 - - [21/May/2017:11:27:16 +0200] "GET /~lopresti/Didattica/RetiWeb/RetiWeb1314/blebul1a.gif HTTP/1.1" 200 663 "http://www.ce.uniroma2.it/~lopresti/Didattica/RetiWeb/RetiWeb1314/RetiWeb_body.htm" "Mozilla/5.0 (X11; Ubuntu; Linux x86_64; rv:50.0) Gecko/20100101 Firefox/50.0"
37.182.139.11 - - [21/May/2017:11:27:16 +0200] "GET /~lopresti/Didattica/RetiWeb/RetiWeb1314/blebul2a.gif HTTP/1.1" 200 308 "http://www.ce.uniroma2.it/~lopresti/Didattica/RetiWeb/RetiWeb1314/RetiWeb_body.htm" "Mozilla/5.0 (X11; Ubuntu; Linux x86_64; rv:50.0) Gecko/20100101 Firefox/50.0"
37.182.139.11 - - [21/May/2017:11:27:16 +0200] "GET /~lopresti/Didattica/RetiWeb/RetiWeb1314/blebul3a.gif HTTP/1.1" 200 311 "http://www.ce.uniroma2.it/~lopresti/Didattica/RetiWeb/RetiWeb1314/RetiWeb_body.htm" "Mozilla/5.0 (X11; Ubuntu; Linux x86_64; rv:50.0) Gecko/20100101 Firefox/50.0"
37.182.139.11 - - [21/May/2017:11:27:25 +0200] "GET /~lopresti/Didattica/RetiWeb/RetiWeb1112/RetiWeb_frame.htm HTTP/1.1" 200 455 "http://www.ce.uniroma2.it/~lopresti/didattica2.htm" "Mozilla/5.0 (X11; Ubuntu; Linux x86_64; rv:50.0) Gecko/20100101 Firefox/50.0"
37.182.139.11 - - [21/May/2017:11:27:25 +0200] "GET /~lopresti/Didattica/RetiWeb/RetiWeb1112/RetiWeb_head.htm HTTP/1.1" 200 318 "http://www.ce.uniroma2.it/~lopresti/Didattica/RetiWeb/RetiWeb1112/RetiWeb_frame.htm" "Mozilla/5.0 (X11; Ubuntu; Linux x86_64; rv:50.0) Gecko/20100101 Firefox/50.0"
37.182.139.11 - - [21/May/2017:11:27:25 +0200] "GET /~lopresti/Didattica/RetiWeb/RetiWeb1112/RetiWeb_book.htm HTTP/1.1" 200 519 "http://www.ce.uniroma2.it/~lopresti/Didattica/RetiWeb/RetiWeb1112/RetiWeb_frame.htm" "Mozilla/5.0 (X11; Ubuntu; Linux x86_64; rv:50.0) Gecko/20100101 Firefox/50.0"
37.182.139.11 - - [21/May/2017:11:27:25 +0200] "GET /~lopresti/Didattica/RetiWeb/RetiWeb1112/RetiWeb_body.htm HTTP/1.1" 200 5632 "http://www.ce.uniroma2.it/~lopresti/Didattica/RetiWeb/RetiWeb1112/RetiWeb_frame.htm" "Mozilla/5.0 (X11; Ubuntu; Linux x86_64; rv:50.0) Gecko/20100101 Firefox/50.0"
37.182.139.11 - - [21/May/2017:11:27:25 +0200] "GET /~lopresti/Didattica/RetiWeb/RetiWeb1112/blebul1a.gif HTTP/1.1" 200 663 "http://www.ce.uniroma2.it/~lopresti/Didattica/RetiWeb/RetiWeb1112/RetiWeb_body.htm" "Mozilla/5.0 (X11; Ubuntu; Linux x86_64; rv:50.0) Gecko/20100101 Firefox/50.0"
37.182.139.11 - - [21/May/2017:11:27:25 +0200] "GET /~lopresti/Didattica/RetiWeb/RetiWeb1112/blebul2a.gif HTTP/1.1" 200 308 "http://www.ce.uniroma2.it/~lopresti/Didattica/RetiWeb/RetiWeb1112/RetiWeb_body.htm" "Mozilla/5.0 (X11; Ubuntu; Linux x86_64; rv:50.0) Gecko/20100101 Firefox/50.0"
37.182.139.11 - - [21/May/2017:11:27:26 +0200] "GET /~lopresti/Didattica/RetiWeb/RetiWeb1112/blebul3a.gif HTTP/1.1" 200 311 "http://www.ce.uniroma2.it/~lopresti/Didattica/RetiWeb/RetiWeb1112/RetiWeb_body.htm" "Mozilla/5.0 (X11; Ubuntu; Linux x86_64; rv:50.0) Gecko/20100101 Firefox/50.0"
2.236.21.146 - - [21/May/2017:11:31:05 +0200] "GET / HTTP/1.1" 200 3467 "-" "Mozilla/5.0 (iPhone; CPU iPhone OS 10_3_1 like Mac OS X) AppleWebKit/603.1.30 (KHTML, like Gecko) Version/10.0 Mobile/14E304 Safari/602.1"
2.236.21.146 - - [21/May/2017:11:31:05 +0200] "GET /apple-touch-icon-120x120-precomposed.png HTTP/1.1" 404 270 "-" "MobileSafari/602.1 CFNetwork/811.4.18 Darwin/16.5.0"
2.236.21.146 - - [21/May/2017:11:31:05 +0200] "GET /apple-touch-icon-120x120.png HTTP/1.1" 404 263 "-" "MobileSafari/602.1 CFNetwork/811.4.18 Darwin/16.5.0"
2.236.21.146 - - [21/May/2017:11:31:05 +0200] "GET /apple-touch-icon-precomposed.png HTTP/1.1" 404 264 "-" "MobileSafari/602.1 CFNetwork/811.4.18 Darwin/16.5.0"
2.236.21.146 - - [21/May/2017:11:31:05 +0200] "GET /apple-touch-icon.png HTTP/1.1" 404 256 "-" "MobileSafari/602.1 CFNetwork/811.4.18 Darwin/16.5.0"
2.236.21.146 - - [21/May/2017:11:31:05 +0200] "GET /favicon.ico HTTP/1.1" 404 248 "-" "MobileSafari/602.1 CFNetwork/811.4.18 Darwin/16.5.0"
2.236.21.146 - - [21/May/2017:11:31:05 +0200] "GET /apple-touch-icon-120x120-precomposed.png HTTP/1.1" 404 270 "-" "MobileSafari/602.1 CFNetwork/811.4.18 Darwin/16.5.0"
2.236.21.146 - - [21/May/2017:11:31:05 +0200] "GET /apple-touch-icon-120x120.png HTTP/1.1" 404 263 "-" "MobileSafari/602.1 CFNetwork/811.4.18 Darwin/16.5.0"
2.236.21.146 - - [21/May/2017:11:31:05 +0200] "GET /apple-touch-icon-precomposed.png HTTP/1.1" 404 264 "-" "MobileSafari/602.1 CFNetwork/811.4.18 Darwin/16.5.0"
2.236.21.146 - - [21/May/2017:11:31:05 +0200] "GET /apple-touch-icon.png HTTP/1.1" 404 256 "-" "MobileSafari/602.1 CFNetwork/811.4.18 Darwin/16.5.0"
2.236.21.146 - - [21/May/2017:11:31:05 +0200] "GET /favicon.ico HTTP/1.1" 404 248 "-" "MobileSafari/602.1 CFNetwork/811.4.18 Darwin/16.5.0"
151.15.119.190 - - [21/May/2017:11:31:45 +0200] "GET /courses/sabd1617/ HTTP/1.1" 304 - "-" "Mozilla/5.0 (Windows NT 10.0; Win64; x64) AppleWebKit/537.36 (KHTML, like Gecko) Chrome/58.0.3029.110 Safari/537.36"
66.249.75.63 - - [21/May/2017:11:32:35 +0200] "GET /~lopresti/Didattica/RetiWeb/RetiWeb1112/Microsoft%20PowerPoint%20-%20IntroJSP.pdf HTTP/1.1" 304 - "-" "Mozilla/5.0 (compatible; Googlebot/2.1; +http://www.google.com/bot.html)"
104.154.49.2 - - [21/May/2017:11:32:44 +0200] "GET /asbda2017/?feed=rss2 HTTP/1.1" 200 3487 "-" "Java/1.8.0_121"
104.197.197.203 - - [21/May/2017:11:34:34 +0200] "GET /acpross2017/?feed=rss2 HTTP/1.1" 200 3664 "-" "Java/1.8.0_121"
217.64.113.195 - - [21/May/2017:11:34:59 +0200] "GET /courses/sd0910/lucidi/P2P.pdf HTTP/1.1" 200 2082590 "-" "Mozilla/5.0 (Windows NT 10.0; WOW64) AppleWebKit/537.36 (KHTML, like Gecko) Chrome/54.0.2840.99 Safari/537.36"
49.205.130.52 - - [21/May/2017:11:36:13 +0200] "GET /wp-login.php HTTP/1.1" 404 294 "-" "Mozilla/5.0 (Windows NT 6.1; WOW64; rv:40.0) Gecko/20100101 Firefox/40.1"
49.205.130.52 - - [21/May/2017:11:36:13 +0200] "GET / HTTP/1.1" 200 5735 "-" "Mozilla/5.0 (Windows NT 6.1; WOW64; rv:40.0) Gecko/20100101 Firefox/40.1"
79.49.19.227 - - [21/May/2017:11:36:18 +0200] "GET /media/css/style.css HTTP/1.1" 304 - "-" "Mozilla/5.0 (Linux; Android 5.0; SM-N9005 Build/LRX21V) AppleWebKit/537.36 (KHTML, like Gecko) Chrome/58.0.3029.83 Mobile Safari/537.36"
79.49.19.227 - - [21/May/2017:11:36:24 +0200] "GET /media/css/binary7.gif HTTP/1.1" 304 - "-" "Mozilla/5.0 (Linux; Android 5.0; SM-N9005 Build/LRX21V) AppleWebKit/537.36 (KHTML, like Gecko) Chrome/58.0.3029.83 Mobile Safari/537.36"
79.49.19.227 - - [21/May/2017:11:36:25 +0200] "GET /media/css/logo5.gif HTTP/1.1" 304 - "-" "Mozilla/5.0 (Linux; Android 5.0; SM-N9005 Build/LRX21V) AppleWebKit/537.36 (KHTML, like Gecko) Chrome/58.0.3029.83 Mobile Safari/537.36"
79.49.19.227 - - [21/May/2017:11:36:25 +0200] "GET /media/css/binary4.jpg HTTP/1.1" 304 - "-" "Mozilla/5.0 (Linux; Android 5.0; SM-N9005 Build/LRX21V) AppleWebKit/537.36 (KHTML, like Gecko) Chrome/58.0.3029.83 Mobile Safari/537.36"
46.4.110.148 - - [21/May/2017:11:37:11 +0200] "HEAD /dottorato/doc/thesis/Ottaviani.pdf HTTP/1.1" 200 - "http://www.ce.uniroma2.it/dottorato/doc/thesis/Ottaviani.pdf" "Mozilla/4.0 (compatible; MSIE 6.0; Windows NT 5.1; SV1)"
66.249.75.3 - - [21/May/2017:11:38:22 +0200] "GET /~lopresti/Didattica/Fondamenti/Fond0607/Organizz_Corso.pdf HTTP/1.1" 304 - "-" "Mozilla/5.0 (compatible; Googlebot/2.1; +http://www.google.com/bot.html)"
63.249.66.212 - - [21/May/2017:11:39:42 +0200] "GET /robots.txt HTTP/1.1" 200 61 "-" "Mozilla/5.0 (compatible; changedetection/7.0; +http://www.changedetection.com/bot.html)"
63.249.66.212 - - [21/May/2017:11:39:43 +0200] "GET /courses/sd1112/ HTTP/1.1" 200 57595 "-" "Mozilla/5.0 (compatible; changedetection/7.0; +http://www.changedetection.com/bot.html)"
84.220.56.114 - - [21/May/2017:11:40:26 +0200] "GET /courses/aac07/lucidi/Organizzazione_4pp.pdf HTTP/1.1" 200 14146 "https://www.google.it/" "Mozilla/5.0 (Windows NT 6.3; WOW64; rv:53.0) Gecko/20100101 Firefox/53.0"
84.220.56.114 - - [21/May/2017:11:40:27 +0200] "GET /favicon.ico HTTP/1.1" 200 318 "-" "Mozilla/5.0 (Windows NT 6.3; WOW64; rv:53.0) Gecko/20100101 Firefox/53.0"
104.154.49.2 - - [21/May/2017:11:41:30 +0200] "GET /asbda2017/?feed=rss2 HTTP/1.1" 200 3487 "-" "Java/1.8.0_121"
104.197.197.203 - - [21/May/2017:11:41:57 +0200] "GET /acpross2017/?feed=rss2 HTTP/1.1" 200 3664 "-" "Java/1.8.0_121"
94.75.231.82 - - [21/May/2017:11:42:06 +0200] "GET /courses/sdcc1617/ HTTP/1.0" 200 64828 "-" "Mozilla/5.0 (Macintosh; Intel Mac OS X 10.12; rv:53.0) Gecko/20100101 Firefox/53.0"
66.249.75.3 - - [21/May/2017:11:42:45 +0200] "GET /~lopresti/Didattica/RetiWeb/RetiWeb1213/RetiWeb_frame.htm HTTP/1.1" 304 - "-" "Mozilla/5.0 (compatible; Googlebot/2.1; +http://www.google.com/bot.html)"
180.76.15.6 - - [21/May/2017:11:43:44 +0200] "GET / HTTP/1.1" 200 11462 "-" "Mozilla/5.0 (compatible; Baiduspider/2.0; +http://www.baidu.com/search/spider.html)"
180.76.15.16 - - [21/May/2017:11:45:05 +0200] "GET / HTTP/1.1" 200 11462 "-" "Mozilla/5.0 (compatible; Baiduspider/2.0; +http://www.baidu.com/search/spider.html)"
79.25.112.34 - - [21/May/2017:11:46:57 +0200] "GET /index.php/magistrale_sessioni HTTP/1.1" 200 3392 "-" "Mozilla/5.0 (Macintosh; Intel Mac OS X 10_12_4) AppleWebKit/603.1.30 (KHTML, like Gecko)"
79.25.112.34 - - [21/May/2017:11:46:57 +0200] "GET /apple-touch-icon-precomposed.png HTTP/1.1" 404 264 "-" "Safari/12603.1.30.0.34 CFNetwork/811.4.18 Darwin/16.5.0 (x86_64)"
79.25.112.34 - - [21/May/2017:11:46:58 +0200] "GET /apple-touch-icon.png HTTP/1.1" 404 256 "-" "Safari/12603.1.30.0.34 CFNetwork/811.4.18 Darwin/16.5.0 (x86_64)"
79.25.112.34 - - [21/May/2017:11:46:58 +0200] "GET /favicon.ico HTTP/1.1" 404 248 "-" "Safari/12603.1.30.0.34 CFNetwork/811.4.18 Darwin/16.5.0 (x86_64)"
79.25.112.34 - - [21/May/2017:11:46:58 +0200] "GET /apple-touch-icon-precomposed.png HTTP/1.1" 404 264 "-" "Safari/12603.1.30.0.34 CFNetwork/811.4.18 Darwin/16.5.0 (x86_64)"
79.25.112.34 - - [21/May/2017:11:46:58 +0200] "GET /apple-touch-icon.png HTTP/1.1" 404 256 "-" "Safari/12603.1.30.0.34 CFNetwork/811.4.18 Darwin/16.5.0 (x86_64)"
79.25.112.34 - - [21/May/2017:11:46:58 +0200] "GET /favicon.ico HTTP/1.1" 404 248 "-" "Safari/12603.1.30.0.34 CFNetwork/811.4.18 Darwin/16.5.0 (x86_64)"
79.25.112.34 - - [21/May/2017:11:46:58 +0200] "GET /index.php/magistrale_sessioni HTTP/1.1" 200 3392 "-" "Mozilla/5.0 (iPhone; CPU iPhone OS 10_0 like Mac OS X) AppleWebKit/602.1.38 (KHTML, like Gecko) Version/10.0 Mobile/14A300 Safari/602.1"
79.25.112.34 - - [21/May/2017:11:46:58 +0200] "GET /apple-touch-icon-precomposed.png HTTP/1.1" 404 264 "-" "Safari/12603.1.30.0.34 CFNetwork/811.4.18 Darwin/16.5.0 (x86_64)"
79.25.112.34 - - [21/May/2017:11:46:58 +0200] "GET /apple-touch-icon.png HTTP/1.1" 404 256 "-" "Safari/12603.1.30.0.34 CFNetwork/811.4.18 Darwin/16.5.0 (x86_64)"
79.25.112.34 - - [21/May/2017:11:46:58 +0200] "GET /favicon.ico HTTP/1.1" 404 248 "-" "Safari/12603.1.30.0.34 CFNetwork/811.4.18 Darwin/16.5.0 (x86_64)"
79.25.112.34 - - [21/May/2017:11:46:58 +0200] "GET /apple-touch-icon-precomposed.png HTTP/1.1" 404 264 "-" "Safari/12603.1.30.0.34 CFNetwork/811.4.18 Darwin/16.5.0 (x86_64)"
79.25.112.34 - - [21/May/2017:11:46:59 +0200] "GET /apple-touch-icon.png HTTP/1.1" 404 256 "-" "Safari/12603.1.30.0.34 CFNetwork/811.4.18 Darwin/16.5.0 (x86_64)"
79.25.112.34 - - [21/May/2017:11:46:59 +0200] "GET /favicon.ico HTTP/1.1" 404 248 "-" "Safari/12603.1.30.0.34 CFNetwork/811.4.18 Darwin/16.5.0 (x86_64)"
212.83.174.55 - - [21/May/2017:11:47:04 +0200] "GET / HTTP/1.1" 200 11462 "-" "Mozilla"
87.9.242.133 - - [21/May/2017:11:47:06 +0200] "GET /~lopresti/Didattica/RetiWeb/RetiWeb1415/P2P_distribuito1415.pdf HTTP/1.1" 200 85701 "https://www.google.it/" "Mozilla/5.0 (Windows NT 10.0; Win64; x64) AppleWebKit/537.36 (KHTML, like Gecko) Chrome/58.0.3029.110 Safari/537.36"
87.9.242.133 - - [21/May/2017:11:47:07 +0200] "GET /favicon.ico HTTP/1.1" 200 318 "http://www.ce.uniroma2.it/~lopresti/Didattica/RetiWeb/RetiWeb1415/P2P_distribuito1415.pdf" "Mozilla/5.0 (Windows NT 10.0; Win64; x64) AppleWebKit/537.36 (KHTML, like Gecko) Chrome/58.0.3029.110 Safari/537.36"
87.9.242.133 - - [21/May/2017:11:47:08 +0200] "GET /~lopresti/Didattica/RetiWeb/RetiWeb1415/P2P_distribuito1415.pdf HTTP/1.1" 206 12230 "http://www.ce.uniroma2.it/~lopresti/Didattica/RetiWeb/RetiWeb1415/P2P_distribuito1415.pdf" "Mozilla/5.0 (Windows NT 10.0; Win64; x64) AppleWebKit/537.36 (KHTML, like Gecko) Chrome/58.0.3029.110 Safari/537.36"
66.249.75.6 - - [21/May/2017:11:47:55 +0200] "GET /~lopresti/Didattica/Arch_Calc/Arch_Calc0506/Processore_1.pdf HTTP/1.1" 200 614065 "-" "Mozilla/5.0 (compatible; Googlebot/2.1; +http://www.google.com/bot.html)"
66.249.75.6 - - [21/May/2017:11:49:04 +0200] "GET /~lopresti/Didattica/RetiWeb/RetiWeb1011/Risultati_Reti130911.html HTTP/1.1" 200 638 "-" "Mozilla/5.0 (Linux; Android 6.0.1; Nexus 5X Build/MMB29P) AppleWebKit/537.36 (KHTML, like Gecko) Chrome/41.0.2272.96 Mobile Safari/537.36 (compatible; Googlebot/2.1; +http://www.google.com/bot.html)"
104.197.197.203 - - [21/May/2017:11:49:34 +0200] "GET /acpross2017/?feed=rss2 HTTP/1.1" 200 3664 "-" "Java/1.8.0_121"
104.154.49.2 - - [21/May/2017:11:50:51 +0200] "GET /asbda2017/?feed=rss2 HTTP/1.1" 200 3487 "-" "Java/1.8.0_121"
176.32.23.26 - - [21/May/2017:11:51:04 +0200] "GET /courses/ac05/lucidi/Controllo_4pp.pdf HTTP/1.1" 200 235930 "https://www.google.it/" "Mozilla/5.0 (Windows NT 10.0; Win64; x64) AppleWebKit/537.36 (KHTML, like Gecko) Chrome/58.0.3029.110 Safari/537.36"
176.32.23.26 - - [21/May/2017:11:51:05 +0200] "GET /favicon.ico HTTP/1.1" 200 318 "http://www.ce.uniroma2.it/courses/ac05/lucidi/Controllo_4pp.pdf" "Mozilla/5.0 (Windows NT 10.0; Win64; x64) AppleWebKit/537.36 (KHTML, like Gecko) Chrome/58.0.3029.110 Safari/537.36"
87.9.242.133 - - [21/May/2017:11:51:07 +0200] "GET /~lopresti/Didattica/RetiWeb/RetiWeb1112/Socket_1.pdf HTTP/1.1" 200 361451 "https://www.google.it/" "Mozilla/5.0 (Windows NT 10.0; Win64; x64) AppleWebKit/537.36 (KHTML, like Gecko) Chrome/58.0.3029.110 Safari/537.36"
87.9.242.133 - - [21/May/2017:11:51:08 +0200] "GET /~lopresti/Didattica/RetiWeb/RetiWeb1112/Socket_1.pdf HTTP/1.1" 206 261039 "http://www.ce.uniroma2.it/~lopresti/Didattica/RetiWeb/RetiWeb1112/Socket_1.pdf" "Mozilla/5.0 (Windows NT 10.0; Win64; x64) AppleWebKit/537.36 (KHTML, like Gecko) Chrome/58.0.3029.110 Safari/537.36"
157.55.39.52 - - [21/May/2017:11:52:12 +0200] "GET /publications/icsoc2010-perc.pdf HTTP/1.1" 200 241599 "-" "Mozilla/5.0 (compatible; bingbot/2.0; +http://www.bing.com/bingbot.htm)"
66.249.75.6 - - [21/May/2017:11:53:05 +0200] "GET /courses/sdcc1617/lucidi/TolleranzaSD.pdf HTTP/1.1" 200 7016255 "-" "Mozilla/5.0 (Linux; Android 6.0.1; Nexus 5X Build/MMB29P) AppleWebKit/537.36 (KHTML, like Gecko) Chrome/41.0.2272.96 Mobile Safari/537.36 (compatible; Googlebot/2.1; +http://www.google.com/bot.html)"
79.43.104.214 - - [21/May/2017:11:54:10 +0200] "GET /courses/ac05/lucidi/Processore1_2pp.pdf HTTP/1.1" 200 254838 "https://www.google.it/" "Mozilla/5.0 (Windows NT 6.1; Win64; x64) AppleWebKit/537.36 (KHTML, like Gecko) Chrome/58.0.3029.110 Safari/537.36"
87.7.187.81 - - [21/May/2017:11:54:10 +0200] "GET /courses/sdcc1617/ HTTP/1.1" 200 17254 "-" "Mozilla/5.0 (Windows NT 10.0; WOW64) AppleWebKit/537.36 (KHTML, like Gecko) Chrome/56.0.2924.87 Safari/537.36"
93.32.44.242 - - [21/May/2017:11:54:19 +0200] "GET /index.php/laurea_triennale_online HTTP/1.1" 200 2159 "-" "Mozilla/5.0 (iPad; CPU OS 10_3_1 like Mac OS X) AppleWebKit/603.1.30 (KHTML, like Gecko) Version/10.0 Mobile/14E304 Safari/602.1"
93.32.44.242 - - [21/May/2017:11:54:20 +0200] "GET /apple-touch-icon-152x152-precomposed.png HTTP/1.1" 404 270 "-" "MobileSafari/602.1 CFNetwork/811.4.18 Darwin/16.5.0"
93.32.44.242 - - [21/May/2017:11:54:20 +0200] "GET /apple-touch-icon-152x152.png HTTP/1.1" 404 263 "-" "MobileSafari/602.1 CFNetwork/811.4.18 Darwin/16.5.0"
93.32.44.242 - - [21/May/2017:11:54:21 +0200] "GET /apple-touch-icon-precomposed.png HTTP/1.1" 404 264 "-" "MobileSafari/602.1 CFNetwork/811.4.18 Darwin/16.5.0"
93.32.44.242 - - [21/May/2017:11:54:21 +0200] "GET /apple-touch-icon.png HTTP/1.1" 404 256 "-" "MobileSafari/602.1 CFNetwork/811.4.18 Darwin/16.5.0"
93.32.44.242 - - [21/May/2017:11:54:21 +0200] "GET /favicon.ico HTTP/1.1" 404 248 "-" "MobileSafari/602.1 CFNetwork/811.4.18 Darwin/16.5.0"
93.32.44.242 - - [21/May/2017:11:54:21 +0200] "GET /apple-touch-icon-152x152-precomposed.png HTTP/1.1" 404 270 "-" "MobileSafari/602.1 CFNetwork/811.4.18 Darwin/16.5.0"
93.32.44.242 - - [21/May/2017:11:54:21 +0200] "GET /apple-touch-icon-152x152.png HTTP/1.1" 404 263 "-" "MobileSafari/602.1 CFNetwork/811.4.18 Darwin/16.5.0"
93.32.44.242 - - [21/May/2017:11:54:21 +0200] "GET /apple-touch-icon-precomposed.png HTTP/1.1" 404 264 "-" "MobileSafari/602.1 CFNetwork/811.4.18 Darwin/16.5.0"
93.32.44.242 - - [21/May/2017:11:54:21 +0200] "GET /apple-touch-icon.png HTTP/1.1" 404 256 "-" "MobileSafari/602.1 CFNetwork/811.4.18 Darwin/16.5.0"
93.32.44.242 - - [21/May/2017:11:54:21 +0200] "GET /favicon.ico HTTP/1.1" 404 248 "-" "MobileSafari/602.1 CFNetwork/811.4.18 Darwin/16.5.0"
104.154.49.2 - - [21/May/2017:11:56:32 +0200] "GET /asbda2017/?feed=rss2 HTTP/1.1" 200 3487 "-" "Java/1.8.0_121"
87.7.232.125 - - [21/May/2017:11:56:55 +0200] "GET /~lopresti/Didattica/RetiWeb/RetiWeb1617/RetiWeb_frame.htm HTTP/1.1" 200 496 "-" "Mozilla/5.0 (Windows NT 10.0; Win64; x64) AppleWebKit/537.36 (KHTML, like Gecko) Chrome/58.0.3029.110 Safari/537.36"
87.7.232.125 - - [21/May/2017:11:56:55 +0200] "GET /~lopresti/stile.css HTTP/1.1" 200 402 "http://www.ce.uniroma2.it/~lopresti/Didattica/RetiWeb/RetiWeb1617/RetiWeb_frame.htm" "Mozilla/5.0 (Windows NT 10.0; Win64; x64) AppleWebKit/537.36 (KHTML, like Gecko) Chrome/58.0.3029.110 Safari/537.36"
87.7.232.125 - - [21/May/2017:11:56:55 +0200] "GET /~lopresti/Didattica/RetiWeb/RetiWeb1617/RetiWeb_head.htm HTTP/1.1" 200 309 "http://www.ce.uniroma2.it/~lopresti/Didattica/RetiWeb/RetiWeb1617/RetiWeb_frame.htm" "Mozilla/5.0 (Windows NT 10.0; Win64; x64) AppleWebKit/537.36 (KHTML, like Gecko) Chrome/58.0.3029.110 Safari/537.36"
87.7.232.125 - - [21/May/2017:11:56:55 +0200] "GET /~lopresti/Didattica/RetiWeb/RetiWeb1617/RetiWeb_book.htm HTTP/1.1" 200 392 "http://www.ce.uniroma2.it/~lopresti/Didattica/RetiWeb/RetiWeb1617/RetiWeb_frame.htm" "Mozilla/5.0 (Windows NT 10.0; Win64; x64) AppleWebKit/537.36 (KHTML, like Gecko) Chrome/58.0.3029.110 Safari/537.36"
87.7.232.125 - - [21/May/2017:11:56:55 +0200] "GET /~lopresti/Didattica/RetiWeb/RetiWeb1617/RetiWeb_body.htm HTTP/1.1" 200 2951 "http://www.ce.uniroma2.it/~lopresti/Didattica/RetiWeb/RetiWeb1617/RetiWeb_frame.htm" "Mozilla/5.0 (Windows NT 10.0; Win64; x64) AppleWebKit/537.36 (KHTML, like Gecko) Chrome/58.0.3029.110 Safari/537.36"
66.249.75.6 - - [21/May/2017:11:58:06 +0200] "GET /courses/sd0910/lucidi/TolleranzaSD.pdf HTTP/1.1" 304 - "-" "Mozilla/5.0 (compatible; Googlebot/2.1; +http://www.google.com/bot.html)"
104.197.197.203 - - [21/May/2017:11:58:27 +0200] "GET /acpross2017/?feed=rss2 HTTP/1.1" 200 3664 "-" "Java/1.8.0_121"
63.249.66.212 - - [21/May/2017:11:58:42 +0200] "GET /robots.txt HTTP/1.1" 200 61 "-" "Mozilla/5.0 (compatible; changedetection/7.0; +http://www.changedetection.com/bot.html)"
63.249.66.212 - - [21/May/2017:11:58:42 +0200] "GET /courses/sdcc1314/ HTTP/1.1" 200 66147 "-" "Mozilla/5.0 (compatible; changedetection/7.0; +http://www.changedetection.com/bot.html)"
79.49.96.245 - - [21/May/2017:11:58:43 +0200] "GET / HTTP/1.1" 200 3469 "https://www.google.it/" "Mozilla/5.0 (Windows NT 10.0; WOW64; rv:53.0) Gecko/20100101 Firefox/53.0"
79.49.96.245 - - [21/May/2017:11:58:44 +0200] "GET /media/css/style.css HTTP/1.1" 200 2258 "http://inginformatica.uniroma2.it/" "Mozilla/5.0 (Windows NT 10.0; WOW64; rv:53.0) Gecko/20100101 Firefox/53.0"
79.49.96.245 - - [21/May/2017:11:58:44 +0200] "GET /media/css/tvg.gif HTTP/1.1" 200 5430 "http://inginformatica.uniroma2.it/" "Mozilla/5.0 (Windows NT 10.0; WOW64; rv:53.0) Gecko/20100101 Firefox/53.0"
79.49.96.245 - - [21/May/2017:11:58:44 +0200] "GET /media/css/mattoni6.jpg HTTP/1.1" 200 56364 "http://inginformatica.uniroma2.it/" "Mozilla/5.0 (Windows NT 10.0; WOW64; rv:53.0) Gecko/20100101 Firefox/53.0"
79.49.96.245 - - [21/May/2017:11:58:44 +0200] "GET /media/css/binary7.gif HTTP/1.1" 200 7470 "http://inginformatica.uniroma2.it/media/css/style.css" "Mozilla/5.0 (Windows NT 10.0; WOW64; rv:53.0) Gecko/20100101 Firefox/53.0"
79.49.96.245 - - [21/May/2017:11:58:44 +0200] "GET /media/css/binary4.jpg HTTP/1.1" 200 35918 "http://inginformatica.uniroma2.it/media/css/style.css" "Mozilla/5.0 (Windows NT 10.0; WOW64; rv:53.0) Gecko/20100101 Firefox/53.0"
79.49.96.245 - - [21/May/2017:11:58:44 +0200] "GET /media/css/logo5.gif HTTP/1.1" 200 5129 "http://inginformatica.uniroma2.it/media/css/style.css" "Mozilla/5.0 (Windows NT 10.0; WOW64; rv:53.0) Gecko/20100101 Firefox/53.0"
79.49.96.245 - - [21/May/2017:11:58:44 +0200] "GET /media/css/comunicazioni.gif HTTP/1.1" 200 1708 "http://inginformatica.uniroma2.it/media/css/style.css" "Mozilla/5.0 (Windows NT 10.0; WOW64; rv:53.0) Gecko/20100101 Firefox/53.0"
79.49.96.245 - - [21/May/2017:11:58:44 +0200] "GET /media/css/links.gif HTTP/1.1" 200 1381 "http://inginformatica.uniroma2.it/media/css/style.css" "Mozilla/5.0 (Windows NT 10.0; WOW64; rv:53.0) Gecko/20100101 Firefox/53.0"
79.49.96.245 - - [21/May/2017:11:58:44 +0200] "GET /favicon.ico HTTP/1.1" 404 248 "-" "Mozilla/5.0 (Windows NT 10.0; WOW64; rv:53.0) Gecko/20100101 Firefox/53.0"
40.77.167.34 - - [21/May/2017:11:58:50 +0200] "GET /~buttari/galleria/linguine.jpg HTTP/1.1" 200 160239 "-" "Mozilla/5.0 (compatible; bingbot/2.0; +http://www.bing.com/bingbot.htm)"
109.115.97.184 - - [21/May/2017:11:59:22 +0200] "GET /courses/PSW/slides/L3.1.pdf HTTP/1.1" 200 1011751 "https://www.google.it/" "Mozilla/5.0 (X11; Ubuntu; Linux x86_64; rv:53.0) Gecko/20100101 Firefox/53.0"
109.115.97.184 - - [21/May/2017:11:59:22 +0200] "GET /courses/PSW/slides/L3.1.pdf HTTP/1.1" 206 65536 "https://www.google.it/" "Mozilla/5.0 (X11; Ubuntu; Linux x86_64; rv:53.0) Gecko/20100101 Firefox/53.0"
109.115.97.184 - - [21/May/2017:11:59:23 +0200] "GET /courses/PSW/slides/L3.1.pdf HTTP/1.1" 206 28711 "https://www.google.it/" "Mozilla/5.0 (X11; Ubuntu; Linux x86_64; rv:53.0) Gecko/20100101 Firefox/53.0"
109.115.97.184 - - [21/May/2017:11:59:23 +0200] "GET /favicon.ico HTTP/1.1" 200 318 "-" "Mozilla/5.0 (X11; Ubuntu; Linux x86_64; rv:53.0) Gecko/20100101 Firefox/53.0"
66.249.76.67 - - [21/May/2017:11:59:36 +0200] "GET / HTTP/1.1" 200 3467 "-" "Mozilla/5.0 (Linux; Android 6.0.1; Nexus 5X Build/MMB29P) AppleWebKit/537.36 (KHTML, like Gecko) Chrome/41.0.2272.96 Mobile Safari/537.36 (compatible; Googlebot/2.1; +http://www.google.com/bot.html)"
79.49.96.245 - - [21/May/2017:12:01:08 +0200] "GET / HTTP/1.1" 200 3466 "http://inginformatica.uniroma2.it/" "Mozilla/5.0 (Windows NT 10.0; WOW64; rv:53.0) Gecko/20100101 Firefox/53.0"
79.49.96.245 - - [21/May/2017:12:01:24 +0200] "GET /index.php/prospettive HTTP/1.1" 200 6031 "http://inginformatica.uniroma2.it/" "Mozilla/5.0 (Windows NT 10.0; WOW64; rv:53.0) Gecko/20100101 Firefox/53.0"
157.55.39.133 - - [21/May/2017:12:01:39 +0200] "GET /robots.txt HTTP/1.1" 200 76 "-" "Mozilla/5.0 (compatible; bingbot/2.0; +http://www.bing.com/bingbot.htm)"
157.55.39.52 - - [21/May/2017:12:01:45 +0200] "GET /~buttari/galleria/fori.jpg HTTP/1.1" 200 119039 "-" "Mozilla/5.0 (compatible; bingbot/2.0; +http://www.bing.com/bingbot.htm)"
10.220.103.233 - - [21/May/2017:12:03:03 +0200] "GET /~lopresti/ HTTP/1.1" 200 825 "https://www.google.it/" "Mozilla/5.0 (Macintosh; Intel Mac OS X 10_10_5) AppleWebKit/537.36 (KHTML, like Gecko) Chrome/58.0.3029.110 Safari/537.36"
10.220.103.233 - - [21/May/2017:12:03:04 +0200] "GET /~lopresti/stile.css HTTP/1.1" 200 402 "http://www.ce.uniroma2.it/~lopresti/" "Mozilla/5.0 (Macintosh; Intel Mac OS X 10_10_5) AppleWebKit/537.36 (KHTML, like Gecko) Chrome/58.0.3029.110 Safari/537.36"
10.220.103.233 - - [21/May/2017:12:03:04 +0200] "GET /~lopresti/blebul1a.gif HTTP/1.1" 200 51 "http://www.ce.uniroma2.it/~lopresti/" "Mozilla/5.0 (Macintosh; Intel Mac OS X 10_10_5) AppleWebKit/537.36 (KHTML, like Gecko) Chrome/58.0.3029.110 Safari/537.36"
10.220.103.233 - - [21/May/2017:12:03:04 +0200] "GET /favicon.ico HTTP/1.1" 200 318 "http://www.ce.uniroma2.it/~lopresti/" "Mozilla/5.0 (Macintosh; Intel Mac OS X 10_10_5) AppleWebKit/537.36 (KHTML, like Gecko) Chrome/58.0.3029.110 Safari/537.36"
10.220.103.233 - - [21/May/2017:12:03:05 +0200] "GET /~lopresti/didattica2.htm HTTP/1.1" 200 926 "http://www.ce.uniroma2.it/~lopresti/" "Mozilla/5.0 (Macintosh; Intel Mac OS X 10_10_5) AppleWebKit/537.36 (KHTML, like Gecko) Chrome/58.0.3029.110 Safari/537.36"
10.220.103.233 - - [21/May/2017:12:03:06 +0200] "GET /~lopresti/Didattica/RetiWeb/RetiWeb1617/RetiWeb_frame.htm HTTP/1.1" 200 496 "http://www.ce.uniroma2.it/~lopresti/didattica2.htm" "Mozilla/5.0 (Macintosh; Intel Mac OS X 10_10_5) AppleWebKit/537.36 (KHTML, like Gecko) Chrome/58.0.3029.110 Safari/537.36"
10.220.103.233 - - [21/May/2017:12:03:06 +0200] "GET /~lopresti/Didattica/RetiWeb/RetiWeb1617/RetiWeb_head.htm HTTP/1.1" 200 309 "http://www.ce.uniroma2.it/~lopresti/Didattica/RetiWeb/RetiWeb1617/RetiWeb_frame.htm" "Mozilla/5.0 (Macintosh; Intel Mac OS X 10_10_5) AppleWebKit/537.36 (KHTML, like Gecko) Chrome/58.0.3029.110 Safari/537.36"
10.220.103.233 - - [21/May/2017:12:03:06 +0200] "GET /~lopresti/Didattica/RetiWeb/RetiWeb1617/RetiWeb_book.htm HTTP/1.1" 200 392 "http://www.ce.uniroma2.it/~lopresti/Didattica/RetiWeb/RetiWeb1617/RetiWeb_frame.htm" "Mozilla/5.0 (Macintosh; Intel Mac OS X 10_10_5) AppleWebKit/537.36 (KHTML, like Gecko) Chrome/58.0.3029.110 Safari/537.36"
10.220.103.233 - - [21/May/2017:12:03:06 +0200] "GET /~lopresti/Didattica/RetiWeb/RetiWeb1617/RetiWeb_body.htm HTTP/1.1" 200 2951 "http://www.ce.uniroma2.it/~lopresti/Didattica/RetiWeb/RetiWeb1617/RetiWeb_frame.htm" "Mozilla/5.0 (Macintosh; Intel Mac OS X 10_10_5) AppleWebKit/537.36 (KHTML, like Gecko) Chrome/58.0.3029.110 Safari/537.36"
10.220.103.233 - - [21/May/2017:12:03:10 +0200] "GET /~lopresti/Didattica/RetiWeb/RetiWeb1617/Cap4_2a.pdf HTTP/1.1" 200 2378717 "http://www.ce.uniroma2.it/~lopresti/Didattica/RetiWeb/RetiWeb1617/RetiWeb_body.htm" "Mozilla/5.0 (Macintosh; Intel Mac OS X 10_10_5) AppleWebKit/537.36 (KHTML, like Gecko) Chrome/58.0.3029.110 Safari/537.36"
66.249.69.87 - - [21/May/2017:12:03:18 +0200] "GET /robots.txt HTTP/1.1" 404 239 "-" "Mozilla/5.0 (compatible; Googlebot/2.1; +http://www.google.com/bot.html)"
66.249.69.87 - - [21/May/2017:12:03:18 +0200] "GET / HTTP/1.1" 200 3472 "-" "Mozilla/5.0 (compatible; Googlebot/2.1; +http://www.google.com/bot.html)"
10.220.103.233 - - [21/May/2017:12:03:11 +0200] "GET /~lopresti/Didattica/RetiWeb/RetiWeb1617/Cap4_2a.pdf HTTP/1.1" 206 2009379 "http://www.ce.uniroma2.it/~lopresti/Didattica/RetiWeb/RetiWeb1617/Cap4_2a.pdf" "Mozilla/5.0 (Macintosh; Intel Mac OS X 10_10_5) AppleWebKit/537.36 (KHTML, like Gecko) Chrome/58.0.3029.110 Safari/537.36"
10.220.103.233 - - [21/May/2017:12:03:24 +0200] "GET /~lopresti/Didattica/RetiWeb/RetiWeb1617/Cap4_2a.pdf HTTP/1.1" 206 369664 "http://www.ce.uniroma2.it/~lopresti/Didattica/RetiWeb/RetiWeb1617/Cap4_2a.pdf" "Mozilla/5.0 (Macintosh; Intel Mac OS X 10_10_5) AppleWebKit/537.36 (KHTML, like Gecko) Chrome/58.0.3029.110 Safari/537.36"
10.220.103.233 - - [21/May/2017:12:03:32 +0200] "GET /~lopresti/Didattica/RetiWeb/RetiWeb1617/Cap5_2.pdf HTTP/1.1" 200 2683299 "http://www.ce.uniroma2.it/~lopresti/Didattica/RetiWeb/RetiWeb1617/RetiWeb_body.htm" "Mozilla/5.0 (Macintosh; Intel Mac OS X 10_10_5) AppleWebKit/537.36 (KHTML, like Gecko) Chrome/58.0.3029.110 Safari/537.36"
10.220.103.233 - - [21/May/2017:12:03:33 +0200] "GET /~lopresti/Didattica/RetiWeb/RetiWeb1617/Cap5_2.pdf HTTP/1.1" 206 1789093 "http://www.ce.uniroma2.it/~lopresti/Didattica/RetiWeb/RetiWeb1617/Cap5_2.pdf" "Mozilla/5.0 (Macintosh; Intel Mac OS X 10_10_5) AppleWebKit/537.36 (KHTML, like Gecko) Chrome/58.0.3029.110 Safari/537.36"
10.220.103.233 - - [21/May/2017:12:03:40 +0200] "GET /~lopresti/Didattica/RetiWeb/RetiWeb1617/Cap5_2.pdf HTTP/1.1" 206 894976 "http://www.ce.uniroma2.it/~lopresti/Didattica/RetiWeb/RetiWeb1617/Cap5_2.pdf" "Mozilla/5.0 (Macintosh; Intel Mac OS X 10_10_5) AppleWebKit/537.36 (KHTML, like Gecko) Chrome/58.0.3029.110 Safari/537.36"
157.55.39.52 - - [21/May/2017:12:03:56 +0200] "GET /courses/sd1112/ HTTP/1.1" 200 14125 "-" "Mozilla/5.0 (compatible; bingbot/2.0; +http://www.bing.com/bingbot.htm)"
216.244.66.246 - - [21/May/2017:12:04:16 +0200] "GET /robots.txt HTTP/1.1" 404 300 "-" "Mozilla/5.0 (compatible; DotBot/1.1; http://www.opensiteexplorer.org/dotbot, help@moz.com)"
216.244.66.246 - - [21/May/2017:12:04:16 +0200] "GET /robots.txt HTTP/1.1" 200 61 "-" "Mozilla/5.0 (compatible; DotBot/1.1; http://www.opensiteexplorer.org/dotbot, help@moz.com)"
104.154.49.2 - - [21/May/2017:12:04:17 +0200] "GET /asbda2017/?feed=rss2 HTTP/1.1" 200 3487 "-" "Java/1.8.0_121"
87.7.187.81 - - [21/May/2017:12:04:51 +0200] "GET /courses/sdcc1617/ HTTP/1.1" 200 17254 "-" "Mozilla/5.0 (Windows NT 10.0; WOW64) AppleWebKit/537.36 (KHTML, like Gecko) Chrome/56.0.2924.87 Safari/537.36"
79.0.36.164 - - [21/May/2017:12:05:42 +0200] "GET /favicon.ico HTTP/1.1" 200 318 "http://www.ce.uniroma2.it/courses/sd0910/lucidi/Pthread.pdf" "Mozilla/5.0 (X11; Linux x86_64) AppleWebKit/537.36 (KHTML, like Gecko) Chrome/58.0.3029.81 Safari/537.36"
79.0.36.164 - - [21/May/2017:12:05:42 +0200] "GET /courses/sd0910/lucidi/Pthread.pdf HTTP/1.1" 200 348460 "https://www.google.it/" "Mozilla/5.0 (X11; Linux x86_64) AppleWebKit/537.36 (KHTML, like Gecko) Chrome/58.0.3029.81 Safari/537.36"
141.212.122.96 - - [21/May/2017:12:06:30 +0200] "GET /x HTTP/1.1" 400 322 "-" "Telesphoreo"
66.249.75.3 - - [21/May/2017:12:06:36 +0200] "GET /~nardelli/ HTTP/1.1" 200 4250 "-" "Mozilla/5.0 (compatible; Googlebot/2.1; +http://www.google.com/bot.html)"
104.197.197.203 - - [21/May/2017:12:06:59 +0200] "GET /acpross2017/?feed=rss2 HTTP/1.1" 200 3664 "-" "Java/1.8.0_121"
5.169.122.15 - - [21/May/2017:12:08:13 +0200] "GET /courses/sdcc1516/lucidi/DistributedDataStreamProcessing.pdf HTTP/1.1" 200 1255685 "https://www.google.it/" "Mozilla/5.0 (iPhone; CPU iPhone OS 10_3_1 like Mac OS X) AppleWebKit/603.1.30 (KHTML, like Gecko) Version/10.0 Mobile/14E304 Safari/602.1"
66.249.69.79 - - [21/May/2017:12:08:16 +0200] "GET / HTTP/1.1" 200 3469 "-" "Mozilla/5.0 (Linux; Android 6.0.1; Nexus 5X Build/MMB29P) AppleWebKit/537.36 (KHTML, like Gecko) Chrome/41.0.2272.96 Mobile Safari/537.36 (compatible; Googlebot/2.1; +http://www.google.com/bot.html)"
87.7.187.81 - - [21/May/2017:12:08:21 +0200] "GET /courses/sdcc1617/ HTTP/1.1" 200 17254 "-" "Mozilla/5.0 (Windows NT 10.0; WOW64) AppleWebKit/537.36 (KHTML, like Gecko) Chrome/56.0.2924.87 Safari/537.36"
2.237.156.187 - - [21/May/2017:12:08:31 +0200] "GET /favicon.ico HTTP/1.1" 200 318 "http://www.ce.uniroma2.it/courses/sdcc1516/lucidi/Virtualizzazione.pdf" "Mozilla/5.0 (Windows NT 10.0; Win64; x64) AppleWebKit/537.36 (KHTML, like Gecko) Chrome/58.0.3029.110 Safari/537.36"
2.237.156.187 - - [21/May/2017:12:08:31 +0200] "GET /courses/sdcc1516/lucidi/Virtualizzazione.pdf HTTP/1.1" 200 6816429 "https://www.google.it/" "Mozilla/5.0 (Windows NT 10.0; Win64; x64) AppleWebKit/537.36 (KHTML, like Gecko) Chrome/58.0.3029.110 Safari/537.36"
2.237.156.187 - - [21/May/2017:12:08:31 +0200] "GET /courses/sdcc1516/lucidi/Virtualizzazione.pdf HTTP/1.1" 206 65536 "http://www.ce.uniroma2.it/courses/sdcc1516/lucidi/Virtualizzazione.pdf" "Mozilla/5.0 (Windows NT 10.0; Win64; x64) AppleWebKit/537.36 (KHTML, like Gecko) Chrome/58.0.3029.110 Safari/537.36"
5.169.122.15 - - [21/May/2017:12:08:39 +0200] "GET /apple-touch-icon-120x120-precomposed.png HTTP/1.1" 404 264 "-" "MobileSafari/602.1 CFNetwork/811.4.18 Darwin/16.5.0"
5.169.122.15 - - [21/May/2017:12:08:39 +0200] "GET /apple-touch-icon-120x120.png HTTP/1.1" 404 256 "-" "MobileSafari/602.1 CFNetwork/811.4.18 Darwin/16.5.0"
5.169.122.15 - - [21/May/2017:12:08:39 +0200] "GET /apple-touch-icon.png HTTP/1.1" 404 251 "-" "MobileSafari/602.1 CFNetwork/811.4.18 Darwin/16.5.0"
5.169.122.15 - - [21/May/2017:12:08:39 +0200] "GET /apple-touch-icon.png HTTP/1.1" 404 251 "-" "MobileSafari/602.1 CFNetwork/811.4.18 Darwin/16.5.0"
2.237.156.187 - - [21/May/2017:12:08:32 +0200] "GET /courses/sdcc1516/lucidi/Virtualizzazione.pdf HTTP/1.1" 206 6540918 "http://www.ce.uniroma2.it/courses/sdcc1516/lucidi/Virtualizzazione.pdf" "Mozilla/5.0 (Windows NT 10.0; Win64; x64) AppleWebKit/537.36 (KHTML, like Gecko) Chrome/58.0.3029.110 Safari/537.36"
66.249.75.3 - - [21/May/2017:12:08:57 +0200] "GET /~nardelli/ HTTP/1.1" 200 4250 "-" "Mozilla/5.0 (Linux; Android 6.0.1; Nexus 5X Build/MMB29P) AppleWebKit/537.36 (KHTML, like Gecko) Chrome/41.0.2272.96 Mobile Safari/537.36 (compatible; Googlebot/2.1; +http://www.google.com/bot.html)"
207.46.13.103 - - [21/May/2017:12:09:10 +0200] "GET /~buttari/hpcc05/thumb_IMG_3168.JPG HTTP/1.1" 200 28235 "-" "Mozilla/5.0 (compatible; bingbot/2.0; +http://www.bing.com/bingbot.htm)"
157.55.39.52 - - [21/May/2017:12:09:17 +0200] "GET /psblas/UserGuide-3.1/img58.png HTTP/1.1" 200 2631 "-" "Mozilla/5.0 (compatible; bingbot/2.0; +http://www.bing.com/bingbot.htm)"
79.49.96.245 - - [21/May/2017:12:09:40 +0200] "GET /index.php/dove_siamo HTTP/1.1" 200 2920 "http://inginformatica.uniroma2.it/index.php/prospettive" "Mozilla/5.0 (Windows NT 10.0; WOW64; rv:53.0) Gecko/20100101 Firefox/53.0"
79.49.96.245 - - [21/May/2017:12:09:59 +0200] "GET /index.php/contatti HTTP/1.1" 200 2603 "http://inginformatica.uniroma2.it/index.php/dove_siamo" "Mozilla/5.0 (Windows NT 10.0; WOW64; rv:53.0) Gecko/20100101 Firefox/53.0"
220.181.108.120 - - [21/May/2017:12:10:02 +0200] "GET / HTTP/1.1" 200 1764 "-" "Mozilla/5.0 (compatible; Baiduspider/2.0; +http://www.baidu.com/search/spider.html)"
79.49.96.245 - - [21/May/2017:12:10:21 +0200] "GET /index.php/comunicazioni HTTP/1.1" 200 5494 "http://inginformatica.uniroma2.it/index.php/contatti" "Mozilla/5.0 (Windows NT 10.0; WOW64; rv:53.0) Gecko/20100101 Firefox/53.0"
104.154.49.2 - - [21/May/2017:12:10:56 +0200] "GET /asbda2017/?feed=rss2 HTTP/1.1" 200 3487 "-" "Java/1.8.0_121"
79.49.96.245 - - [21/May/2017:12:11:11 +0200] "GET /index.php/organizzazione HTTP/1.1" 200 3027 "http://inginformatica.uniroma2.it/index.php/comunicazioni" "Mozilla/5.0 (Windows NT 10.0; WOW64; rv:53.0) Gecko/20100101 Firefox/53.0"
79.49.96.245 - - [21/May/2017:12:11:11 +0200] "GET /media/organization1.jpg HTTP/1.1" 200 30780 "http://inginformatica.uniroma2.it/index.php/organizzazione" "Mozilla/5.0 (Windows NT 10.0; WOW64; rv:53.0) Gecko/20100101 Firefox/53.0"
87.7.187.81 - - [21/May/2017:12:11:52 +0200] "GET /courses/sdcc1617/ HTTP/1.1" 200 17254 "-" "Mozilla/5.0 (Windows NT 10.0; WOW64) AppleWebKit/537.36 (KHTML, like Gecko) Chrome/56.0.2924.87 Safari/537.36"
180.76.15.135 - - [21/May/2017:12:12:28 +0200] "GET / HTTP/1.1" 200 11462 "-" "Mozilla/5.0 (compatible; Baiduspider/2.0; +http://www.baidu.com/search/spider.html)"
180.76.15.163 - - [21/May/2017:12:12:32 +0200] "GET / HTTP/1.1" 200 11462 "-" "Mozilla/5.0 (compatible; Baiduspider/2.0; +http://www.baidu.com/search/spider.html)"
79.49.96.245 - - [21/May/2017:12:12:44 +0200] "GET /index.php/docenti HTTP/1.1" 200 5972 "http://inginformatica.uniroma2.it/index.php/organizzazione" "Mozilla/5.0 (Windows NT 10.0; WOW64; rv:53.0) Gecko/20100101 Firefox/53.0"
79.49.96.245 - - [21/May/2017:12:13:06 +0200] "GET /index.php/corsi HTTP/1.1" 200 4184 "http://inginformatica.uniroma2.it/index.php/docenti" "Mozilla/5.0 (Windows NT 10.0; WOW64; rv:53.0) Gecko/20100101 Firefox/53.0"
66.249.75.63 - - [21/May/2017:12:13:15 +0200] "GET /~lopresti/Didattica/Arch_Calc/ALU_AppB.pdf HTTP/1.1" 304 - "-" "Mozilla/5.0 (compatible; Googlebot/2.1; +http://www.google.com/bot.html)"
79.49.96.245 - - [21/May/2017:12:14:22 +0200] "GET /index.php/laurea_triennale HTTP/1.1" 200 2816 "http://inginformatica.uniroma2.it/index.php/corsi" "Mozilla/5.0 (Windows NT 10.0; WOW64; rv:53.0) Gecko/20100101 Firefox/53.0"
95.247.199.67 - - [21/May/2017:12:15:04 +0200] "GET /courses/aac07/lucidi/Cache_1_2pp.pdf HTTP/1.1" 200 778786 "https://www.google.it/" "Mozilla/5.0 (Windows NT 10.0; Win64; x64) AppleWebKit/537.36 (KHTML, like Gecko) Chrome/58.0.3029.110 Safari/537.36"
79.49.96.245 - - [21/May/2017:12:15:10 +0200] "GET /index.php/triennale_didattica HTTP/1.1" 200 4070 "http://inginformatica.uniroma2.it/index.php/laurea_triennale" "Mozilla/5.0 (Windows NT 10.0; WOW64; rv:53.0) Gecko/20100101 Firefox/53.0"
141.8.142.197 - - [21/May/2017:12:15:20 +0200] "GET /robots.txt HTTP/1.1" 404 300 "-" "Mozilla/5.0 (compatible; YandexBot/3.0; +http://yandex.com/bots)"
87.7.187.81 - - [21/May/2017:12:15:22 +0200] "GET /courses/sdcc1617/ HTTP/1.1" 200 17254 "-" "Mozilla/5.0 (Windows NT 10.0; WOW64) AppleWebKit/537.36 (KHTML, like Gecko) Chrome/56.0.2924.87 Safari/537.36"
141.8.142.197 - - [21/May/2017:12:15:24 +0200] "GET /media/valut_pfin_trien16.pdf HTTP/1.1" 200 65923 "-" "Mozilla/5.0 (compatible; YandexBot/3.0; +http://yandex.com/bots)"
62.98.250.156 - - [21/May/2017:12:16:35 +0200] "GET /courses/sd1112/lucidi/esb_bpel.pdf HTTP/1.1" 200 396949 "https://www.google.it/" "Mozilla/5.0 (iPhone; CPU iPhone OS 10_3_1 like Mac OS X) AppleWebKit/603.1.30 (KHTML, like Gecko) Version/10.0 Mobile/14E304 Safari/602.1"
157.55.39.13 - - [21/May/2017:12:17:12 +0200] "GET /robots.txt HTTP/1.1" 200 76 "-" "Mozilla/5.0 (compatible; bingbot/2.0; +http://www.bing.com/bingbot.htm)"
104.197.197.203 - - [21/May/2017:12:17:41 +0200] "GET /acpross2017/?feed=rss2 HTTP/1.1" 200 3664 "-" "Java/1.8.0_121"
216.244.66.246 - - [21/May/2017:12:17:47 +0200] "GET /courses/sdcc1415/prog_pthreads/filosofi.c HTTP/1.1" 200 4551 "-" "Mozilla/5.0 (compatible; DotBot/1.1; http://www.opensiteexplorer.org/dotbot, help@moz.com)"
79.49.96.245 - - [21/May/2017:12:18:18 +0200] "GET /index.php/triennale_sessioni HTTP/1.1" 200 4020 "http://inginformatica.uniroma2.it/index.php/triennale_didattica" "Mozilla/5.0 (Windows NT 10.0; WOW64; rv:53.0) Gecko/20100101 Firefox/53.0"
