217.69.133.222 - - [21/May/2017:06:36:09 +0200] "GET /robots.txt HTTP/1.0" 404 300 "-" "Mozilla/5.0 (compatible; Linux x86_64; Mail.RU_Bot/2.0; +http://go.mail.ru/help/robots)"
217.69.133.225 - - [21/May/2017:06:36:10 +0200] "GET /media/RegolamentoCCSTempoParziale.pdf HTTP/1.1" 200 65479 "-" "Mozilla/5.0 (compatible; Linux x86_64; Mail.RU_Bot/2.0; +http://go.mail.ru/help/robots)"
157.55.39.52 - - [21/May/2017:06:36:07 +0200] "GET /~lopresti/Didattica/Fondamenti/Fond0607/IntroC.pdf HTTP/1.1" 200 4765538 "-" "Mozilla/5.0 (compatible; bingbot/2.0; +http://www.bing.com/bingbot.htm)"
104.197.197.203 - - [21/May/2017:06:37:10 +0200] "GET /acpross2017/?feed=rss2 HTTP/1.1" 200 3664 "-" "Java/1.8.0_121"
149.202.205.11 - - [21/May/2017:06:37:50 +0200] "GET /?URL=freedatingsitesnofees1.wordpress.com HTTP/1.1" 200 223 "-" "Mozilla/5.0 (Windows; U; Windows NT 5.1; en-GB; rv:1.8.1.6) Gecko/20070725 Firefox/2.0.0.6"
66.249.75.63 - - [21/May/2017:06:37:55 +0200] "GET /~buttari/hpcc05/page_IMG_3186.JPG.html HTTP/1.1" 200 565 "-" "Mozilla/5.0 (Linux; Android 6.0.1; Nexus 5X Build/MMB29P) AppleWebKit/537.36 (KHTML, like Gecko) Chrome/41.0.2272.96 Mobile Safari/537.36 (compatible; Googlebot/2.1; +http://www.google.com/bot.html)"
217.69.133.218 - - [21/May/2017:06:38:04 +0200] "GET /robots.txt HTTP/1.0" 404 297 "-" "Mozilla/5.0 (compatible; Linux x86_64; Mail.RU_Bot/2.0; +http://go.mail.ru/help/robots)"
217.69.133.85 - - [21/May/2017:06:38:05 +0200] "GET /~martone/docs/mm.slides.2004.pdf HTTP/1.1" 200 1767982 "-" "Mozilla/5.0 (compatible; Linux x86_64; Mail.RU_Bot/2.0; +http://go.mail.ru/help/robots)"
37.117.122.202 - - [21/May/2017:06:38:09 +0200] "GET /index.php/triennale_didattica HTTP/1.1" 200 4070 "-" "Mozilla/5.0 (Macintosh; Intel Mac OS X 10_12_2) AppleWebKit/602.3.12 (KHTML, like Gecko)"
37.117.122.202 - - [21/May/2017:06:38:09 +0200] "GET /apple-touch-icon-precomposed.png HTTP/1.1" 404 264 "-" "Safari/12602.3.12.0.1 CFNetwork/807.2.14 Darwin/16.3.0 (x86_64)"
37.117.122.202 - - [21/May/2017:06:38:09 +0200] "GET /apple-touch-icon.png HTTP/1.1" 404 256 "-" "Safari/12602.3.12.0.1 CFNetwork/807.2.14 Darwin/16.3.0 (x86_64)"
37.117.122.202 - - [21/May/2017:06:38:09 +0200] "GET /favicon.ico HTTP/1.1" 404 248 "-" "Safari/12602.3.12.0.1 CFNetwork/807.2.14 Darwin/16.3.0 (x86_64)"
37.117.122.202 - - [21/May/2017:06:38:09 +0200] "GET /apple-touch-icon-precomposed.png HTTP/1.1" 404 264 "-" "Safari/12602.3.12.0.1 CFNetwork/807.2.14 Darwin/16.3.0 (x86_64)"
37.117.122.202 - - [21/May/2017:06:38:09 +0200] "GET /apple-touch-icon.png HTTP/1.1" 404 256 "-" "Safari/12602.3.12.0.1 CFNetwork/807.2.14 Darwin/16.3.0 (x86_64)"
37.117.122.202 - - [21/May/2017:06:38:10 +0200] "GET /favicon.ico HTTP/1.1" 404 248 "-" "Safari/12602.3.12.0.1 CFNetwork/807.2.14 Darwin/16.3.0 (x86_64)"
37.117.122.202 - - [21/May/2017:06:38:10 +0200] "GET /index.php/triennale_didattica HTTP/1.1" 200 4070 "-" "Mozilla/5.0 (iPhone; CPU iPhone OS 10_0 like Mac OS X) AppleWebKit/602.1.38 (KHTML, like Gecko) Version/10.0 Mobile/14A300 Safari/602.1"
37.117.122.202 - - [21/May/2017:06:38:10 +0200] "GET /apple-touch-icon-precomposed.png HTTP/1.1" 404 264 "-" "Safari/12602.3.12.0.1 CFNetwork/807.2.14 Darwin/16.3.0 (x86_64)"
37.117.122.202 - - [21/May/2017:06:38:10 +0200] "GET /apple-touch-icon.png HTTP/1.1" 404 256 "-" "Safari/12602.3.12.0.1 CFNetwork/807.2.14 Darwin/16.3.0 (x86_64)"
37.117.122.202 - - [21/May/2017:06:38:10 +0200] "GET /favicon.ico HTTP/1.1" 404 248 "-" "Safari/12602.3.12.0.1 CFNetwork/807.2.14 Darwin/16.3.0 (x86_64)"
37.117.122.202 - - [21/May/2017:06:38:11 +0200] "GET /apple-touch-icon-precomposed.png HTTP/1.1" 404 264 "-" "Safari/12602.3.12.0.1 CFNetwork/807.2.14 Darwin/16.3.0 (x86_64)"
37.117.122.202 - - [21/May/2017:06:38:11 +0200] "GET /apple-touch-icon.png HTTP/1.1" 404 256 "-" "Safari/12602.3.12.0.1 CFNetwork/807.2.14 Darwin/16.3.0 (x86_64)"
37.117.122.202 - - [21/May/2017:06:38:11 +0200] "GET /favicon.ico HTTP/1.1" 404 248 "-" "Safari/12602.3.12.0.1 CFNetwork/807.2.14 Darwin/16.3.0 (x86_64)"
212.83.174.55 - - [21/May/2017:06:39:07 +0200] "GET / HTTP/1.1" 200 11462 "-" "Mozilla"
37.117.122.202 - - [21/May/2017:06:40:46 +0200] "GET /index.php/triennale_didattica HTTP/1.1" 200 4070 "-" "Mozilla/5.0 (Macintosh; Intel Mac OS X 10_12_2) AppleWebKit/602.3.12 (KHTML, like Gecko)"
37.117.122.202 - - [21/May/2017:06:40:47 +0200] "GET /apple-touch-icon-precomposed.png HTTP/1.1" 404 264 "-" "Safari/12602.3.12.0.1 CFNetwork/807.2.14 Darwin/16.3.0 (x86_64)"
37.117.122.202 - - [21/May/2017:06:40:47 +0200] "GET /apple-touch-icon.png HTTP/1.1" 404 256 "-" "Safari/12602.3.12.0.1 CFNetwork/807.2.14 Darwin/16.3.0 (x86_64)"
37.117.122.202 - - [21/May/2017:06:40:47 +0200] "GET /favicon.ico HTTP/1.1" 404 248 "-" "Safari/12602.3.12.0.1 CFNetwork/807.2.14 Darwin/16.3.0 (x86_64)"
37.117.122.202 - - [21/May/2017:06:40:47 +0200] "GET /apple-touch-icon-precomposed.png HTTP/1.1" 404 264 "-" "Safari/12602.3.12.0.1 CFNetwork/807.2.14 Darwin/16.3.0 (x86_64)"
37.117.122.202 - - [21/May/2017:06:40:47 +0200] "GET /apple-touch-icon.png HTTP/1.1" 404 256 "-" "Safari/12602.3.12.0.1 CFNetwork/807.2.14 Darwin/16.3.0 (x86_64)"
37.117.122.202 - - [21/May/2017:06:40:47 +0200] "GET /favicon.ico HTTP/1.1" 404 248 "-" "Safari/12602.3.12.0.1 CFNetwork/807.2.14 Darwin/16.3.0 (x86_64)"
37.117.122.202 - - [21/May/2017:06:40:48 +0200] "GET /index.php/triennale_didattica HTTP/1.1" 200 4070 "-" "Mozilla/5.0 (iPhone; CPU iPhone OS 10_0 like Mac OS X) AppleWebKit/602.1.38 (KHTML, like Gecko) Version/10.0 Mobile/14A300 Safari/602.1"
37.117.122.202 - - [21/May/2017:06:40:48 +0200] "GET /apple-touch-icon-precomposed.png HTTP/1.1" 404 264 "-" "Safari/12602.3.12.0.1 CFNetwork/807.2.14 Darwin/16.3.0 (x86_64)"
37.117.122.202 - - [21/May/2017:06:40:48 +0200] "GET /apple-touch-icon.png HTTP/1.1" 404 256 "-" "Safari/12602.3.12.0.1 CFNetwork/807.2.14 Darwin/16.3.0 (x86_64)"
37.117.122.202 - - [21/May/2017:06:40:48 +0200] "GET /favicon.ico HTTP/1.1" 404 248 "-" "Safari/12602.3.12.0.1 CFNetwork/807.2.14 Darwin/16.3.0 (x86_64)"
37.117.122.202 - - [21/May/2017:06:40:48 +0200] "GET /apple-touch-icon-precomposed.png HTTP/1.1" 404 264 "-" "Safari/12602.3.12.0.1 CFNetwork/807.2.14 Darwin/16.3.0 (x86_64)"
37.117.122.202 - - [21/May/2017:06:40:49 +0200] "GET /apple-touch-icon.png HTTP/1.1" 404 256 "-" "Safari/12602.3.12.0.1 CFNetwork/807.2.14 Darwin/16.3.0 (x86_64)"
37.117.122.202 - - [21/May/2017:06:40:49 +0200] "GET /favicon.ico HTTP/1.1" 404 248 "-" "Safari/12602.3.12.0.1 CFNetwork/807.2.14 Darwin/16.3.0 (x86_64)"
94.75.231.82 - - [21/May/2017:06:41:41 +0200] "GET /courses/sdcc1617/ HTTP/1.0" 200 64828 "-" "Mozilla/5.0 (Macintosh; Intel Mac OS X 10.12; rv:53.0) Gecko/20100101 Firefox/53.0"
104.154.49.2 - - [21/May/2017:06:42:21 +0200] "GET /asbda2017/?feed=rss2 HTTP/1.1" 200 3487 "-" "Java/1.8.0_121"
66.249.75.3 - - [21/May/2017:06:42:56 +0200] "GET /courses/aac07/lucidi/Pipeline_dati_4pp.pdf HTTP/1.1" 304 - "-" "Mozilla/5.0 (compatible; Googlebot/2.1; +http://www.google.com/bot.html)"
66.249.75.3 - - [21/May/2017:06:42:57 +0200] "GET /logoIngegneriapiccolo.jpg HTTP/1.1" 200 4023 "-" "Googlebot-Image/1.0"
149.202.205.11 - - [21/May/2017:06:43:22 +0200] "GET /?URL=freedatingsitesnofees1.wordpress.com HTTP/1.1" 200 223 "-" "Opera/9.00 (Windows NT 5.1; U; en)"
104.197.197.203 - - [21/May/2017:06:43:53 +0200] "GET /acpross2017/?feed=rss2 HTTP/1.1" 200 3664 "-" "Java/1.8.0_121"
180.76.15.17 - - [21/May/2017:06:46:22 +0200] "GET / HTTP/1.1" 200 11462 "-" "Mozilla/5.0 (compatible; Baiduspider/2.0; +http://www.baidu.com/search/spider.html)"
87.16.251.110 - - [21/May/2017:06:47:42 +0200] "GET /media/css/style.css HTTP/1.1" 304 - "-" "Mozilla/5.0 (Linux; Android 5.1.1; SM-N7505 Build/LMY47X) AppleWebKit/537.36 (KHTML, like Gecko) Chrome/58.0.3029.83 Mobile Safari/537.36"
87.16.251.110 - - [21/May/2017:06:47:43 +0200] "GET /media/css/binary7.gif HTTP/1.1" 304 - "-" "Mozilla/5.0 (Linux; Android 5.1.1; SM-N7505 Build/LMY47X) AppleWebKit/537.36 (KHTML, like Gecko) Chrome/58.0.3029.83 Mobile Safari/537.36"
87.16.251.110 - - [21/May/2017:06:47:43 +0200] "GET /media/css/logo5.gif HTTP/1.1" 304 - "-" "Mozilla/5.0 (Linux; Android 5.1.1; SM-N7505 Build/LMY47X) AppleWebKit/537.36 (KHTML, like Gecko) Chrome/58.0.3029.83 Mobile Safari/537.36"
87.16.251.110 - - [21/May/2017:06:47:43 +0200] "GET /media/css/binary4.jpg HTTP/1.1" 304 - "-" "Mozilla/5.0 (Linux; Android 5.1.1; SM-N7505 Build/LMY47X) AppleWebKit/537.36 (KHTML, like Gecko) Chrome/58.0.3029.83 Mobile Safari/537.36"
180.76.15.17 - - [21/May/2017:06:47:45 +0200] "GET / HTTP/1.1" 200 11462 "-" "Mozilla/5.0 (compatible; Baiduspider/2.0; +http://www.baidu.com/search/spider.html)"
66.249.75.6 - - [21/May/2017:06:48:10 +0200] "GET /courses/ac05/lucidi/DispositiviIO_2pp.pdf HTTP/1.1" 304 - "-" "Mozilla/5.0 (compatible; Googlebot/2.1; +http://www.google.com/bot.html)"
100.33.135.14 - - [21/May/2017:06:48:58 +0200] "GET /~lopresti/Didattica/Arch_Calc/ALU_AppB.pdf HTTP/1.1" 200 128502 "https://www.google.com/" "Mozilla/5.0 (Macintosh; Intel Mac OS X 10_12_5) AppleWebKit/537.36 (KHTML, like Gecko) Chrome/58.0.3029.110 Safari/537.36"
100.33.135.14 - - [21/May/2017:06:48:59 +0200] "GET /favicon.ico HTTP/1.1" 200 318 "http://www.ce.uniroma2.it/~lopresti/Didattica/Arch_Calc/ALU_AppB.pdf" "Mozilla/5.0 (Macintosh; Intel Mac OS X 10_12_5) AppleWebKit/537.36 (KHTML, like Gecko) Chrome/58.0.3029.110 Safari/537.36"
104.154.49.2 - - [21/May/2017:06:50:30 +0200] "GET /asbda2017/?feed=rss2 HTTP/1.1" 200 3487 "-" "Java/1.8.0_121"
211.214.88.92 - - [21/May/2017:06:51:14 +0200] "GET /favicon.ico HTTP/1.1" 200 318 "http://www.ce.uniroma2.it/courses/sdcc1415/lucidi/AWS.pdf" "Mozilla/5.0 (Windows NT 6.1; Win64; x64) AppleWebKit/537.36 (KHTML, like Gecko) Chrome/58.0.3029.110 Safari/537.36"
211.214.88.92 - - [21/May/2017:06:51:14 +0200] "GET /courses/sdcc1415/lucidi/AWS.pdf HTTP/1.1" 200 2865586 "https://www.google.co.kr/" "Mozilla/5.0 (Windows NT 6.1; Win64; x64) AppleWebKit/537.36 (KHTML, like Gecko) Chrome/58.0.3029.110 Safari/537.36"
211.214.88.92 - - [21/May/2017:06:51:15 +0200] "GET /courses/sdcc1415/lucidi/AWS.pdf HTTP/1.1" 206 2840835 "http://www.ce.uniroma2.it/courses/sdcc1415/lucidi/AWS.pdf" "Mozilla/5.0 (Windows NT 6.1; Win64; x64) AppleWebKit/537.36 (KHTML, like Gecko) Chrome/58.0.3029.110 Safari/537.36"
211.214.88.92 - - [21/May/2017:06:51:20 +0200] "GET /courses/sdcc1415/lucidi/AWS.pdf HTTP/1.1" 206 65536 "http://www.ce.uniroma2.it/courses/sdcc1415/lucidi/AWS.pdf" "Mozilla/5.0 (Windows NT 6.1; Win64; x64) AppleWebKit/537.36 (KHTML, like Gecko) Chrome/58.0.3029.110 Safari/537.36"
211.214.88.92 - - [21/May/2017:06:51:23 +0200] "GET /courses/sdcc1415/lucidi/AWS.pdf HTTP/1.1" 206 2357597 "http://www.ce.uniroma2.it/courses/sdcc1415/lucidi/AWS.pdf" "Mozilla/5.0 (Windows NT 6.1; Win64; x64) AppleWebKit/537.36 (KHTML, like Gecko) Chrome/58.0.3029.110 Safari/537.36"
5.91.113.193 - - [21/May/2017:06:53:01 +0200] "GET / HTTP/1.1" 200 3469 "-" "Mozilla/5.0 (iPad; CPU OS 10_2_1 like Mac OS X) AppleWebKit/602.4.6 (KHTML, like Gecko) Version/10.0 Mobile/14D27 Safari/602.1"
5.91.113.193 - - [21/May/2017:06:53:01 +0200] "GET /apple-touch-icon-152x152-precomposed.png HTTP/1.1" 404 270 "-" "MobileSafari/602.1 CFNetwork/808.3 Darwin/16.3.0"
5.91.113.193 - - [21/May/2017:06:53:01 +0200] "GET /apple-touch-icon-152x152.png HTTP/1.1" 404 263 "-" "MobileSafari/602.1 CFNetwork/808.3 Darwin/16.3.0"
5.91.113.193 - - [21/May/2017:06:53:02 +0200] "GET /apple-touch-icon-precomposed.png HTTP/1.1" 404 264 "-" "MobileSafari/602.1 CFNetwork/808.3 Darwin/16.3.0"
5.91.113.193 - - [21/May/2017:06:53:02 +0200] "GET /apple-touch-icon.png HTTP/1.1" 404 256 "-" "MobileSafari/602.1 CFNetwork/808.3 Darwin/16.3.0"
5.91.113.193 - - [21/May/2017:06:53:02 +0200] "GET /favicon.ico HTTP/1.1" 404 248 "-" "MobileSafari/602.1 CFNetwork/808.3 Darwin/16.3.0"
66.249.75.6 - - [21/May/2017:06:53:07 +0200] "GET /slides/Finucci.pdf HTTP/1.1" 200 702582 "-" "Mozilla/5.0 (compatible; Googlebot/2.1; +http://www.google.com/bot.html)"
104.197.197.203 - - [21/May/2017:06:53:42 +0200] "GET /acpross2017/?feed=rss2 HTTP/1.1" 200 3664 "-" "Java/1.8.0_121"
212.83.174.55 - - [21/May/2017:06:55:44 +0200] "GET / HTTP/1.1" 200 11462 "-" "Mozilla"
212.83.174.55 - - [21/May/2017:06:56:31 +0200] "GET / HTTP/1.1" 200 11462 "-" "Mozilla"
66.249.75.3 - - [21/May/2017:06:58:16 +0200] "GET / HTTP/1.1" 200 1764 "-" "Mozilla/5.0 (compatible; Googlebot/2.1; +http://www.google.com/bot.html)"
40.77.167.34 - - [21/May/2017:06:58:20 +0200] "GET /index.php/laurea_magistrale HTTP/1.1" 200 2653 "-" "Mozilla/5.0 (iPhone; CPU iPhone OS 7_0 like Mac OS X) AppleWebKit/537.51.1 (KHTML, like Gecko) Version/7.0 Mobile/11A465 Safari/9537.53 (compatible; bingbot/2.0; +http://www.bing.com/bingbot.htm)"
104.154.49.2 - - [21/May/2017:06:58:27 +0200] "GET /asbda2017/?feed=rss2 HTTP/1.1" 200 3487 "-" "Java/1.8.0_121"
157.55.39.52 - - [21/May/2017:06:59:28 +0200] "GET /courses/iw08/lucidi/HTTP_TCP_2pp.pdf HTTP/1.1" 200 166989 "-" "Mozilla/5.0 (compatible; bingbot/2.0; +http://www.bing.com/bingbot.htm)"
66.249.76.64 - - [21/May/2017:07:00:19 +0200] "GET /robots.txt HTTP/1.1" 404 249 "-" "Mozilla/5.0 (compatible; Googlebot/2.1; +http://www.google.com/bot.html)"
66.249.75.6 - - [21/May/2017:07:01:36 +0200] "GET /~lopresti/Didattica/RetiWeb/Chapters/Hall%20Servlets%200130893404%20/Hall%20Servlets%200130893404%20/toprinter/Core-Servlets-and-JSP/Chapters/Servlets-First-Servlets.pdf HTTP/1.1" 404 313 "-" "Mozilla/5.0 (Linux; Android 6.0.1; Nexus 5X Build/MMB29P) AppleWebKit/537.36 (KHTML, like Gecko) Chrome/41.0.2272.96 Mobile Safari/537.36 (compatible; Googlebot/2.1; +http://www.google.com/bot.html)"
104.197.197.203 - - [21/May/2017:07:02:09 +0200] "GET /acpross2017/?feed=rss2 HTTP/1.1" 200 3664 "-" "Java/1.8.0_121"
66.249.76.94 - - [21/May/2017:07:02:14 +0200] "GET /?URL=t.co/3KvLEW6yms HTTP/1.1" 200 213 "-" "Mozilla/5.0 (compatible; Googlebot/2.1; +http://www.google.com/bot.html)"
66.249.75.3 - - [21/May/2017:07:03:47 +0200] "GET /~lopresti/Didattica/RetiWeb/RetiWeb1112/Apache.pdf HTTP/1.1" 304 - "-" "Mozilla/5.0 (compatible; Googlebot/2.1; +http://www.google.com/bot.html)"
104.154.49.2 - - [21/May/2017:07:05:27 +0200] "GET /asbda2017/?feed=rss2 HTTP/1.1" 200 3487 "-" "Java/1.8.0_121"
40.77.167.34 - - [21/May/2017:07:07:14 +0200] "GET /~lopresti/Articoli/Topology_loss.pdf HTTP/1.1" 200 538661 "-" "Mozilla/5.0 (compatible; bingbot/2.0; +http://www.bing.com/bingbot.htm)"
104.197.197.203 - - [21/May/2017:07:10:07 +0200] "GET /acpross2017/?feed=rss2 HTTP/1.1" 200 3664 "-" "Java/1.8.0_121"
88.4.15.175 - - [21/May/2017:07:11:00 +0200] "GET /wp-login.php HTTP/1.1" 404 294 "-" "Mozilla/5.0 (Windows NT 6.1; WOW64; rv:40.0) Gecko/20100101 Firefox/40.1"
88.4.15.175 - - [21/May/2017:07:11:00 +0200] "GET / HTTP/1.1" 200 5735 "-" "Mozilla/5.0 (Windows NT 6.1; WOW64; rv:40.0) Gecko/20100101 Firefox/40.1"
157.55.39.52 - - [21/May/2017:07:12:22 +0200] "GET /~lopresti/Articoli/ads09_final2.pdf HTTP/1.1" 200 665162 "-" "Mozilla/5.0 (iPhone; CPU iPhone OS 7_0 like Mac OS X) AppleWebKit/537.51.1 (KHTML, like Gecko) Version/7.0 Mobile/11A465 Safari/9537.53 (compatible; bingbot/2.0; +http://www.bing.com/bingbot.htm)"
62.210.97.48 - - [21/May/2017:07:13:10 +0200] "GET /robots.txt HTTP/1.1" 200 61 "-" "Mozilla/5.0 (compatible; MJ12bot/v1.4.7; http://mj12bot.com/)"
62.210.97.48 - - [21/May/2017:07:13:13 +0200] "GET /~nardelli/ HTTP/1.1" 200 13700 "-" "Mozilla/5.0 (compatible; MJ12bot/v1.4.7; http://mj12bot.com/)"
104.154.49.2 - - [21/May/2017:07:13:45 +0200] "GET /asbda2017/?feed=rss2 HTTP/1.1" 200 3487 "-" "Java/1.8.0_121"
62.210.97.48 - - [21/May/2017:07:13:46 +0200] "GET /~nardelli/ HTTP/1.1" 200 4250 "-" "Mozilla/5.0 (compatible; MJ12bot/v1.4.7; http://mj12bot.com/)"
62.210.97.48 - - [21/May/2017:07:14:08 +0200] "GET /~nardelli/ HTTP/1.1" 200 4250 "-" "Mozilla/5.0 (compatible; MJ12bot/v1.4.7; http://mj12bot.com/)"
66.249.75.63 - - [21/May/2017:07:14:10 +0200] "GET /~buttari/MiBe/page_IMG_2125.JPG.html HTTP/1.1" 200 556 "-" "Mozilla/5.0 (Linux; Android 6.0.1; Nexus 5X Build/MMB29P) AppleWebKit/537.36 (KHTML, like Gecko) Chrome/41.0.2272.96 Mobile Safari/537.36 (compatible; Googlebot/2.1; +http://www.google.com/bot.html)"
62.210.97.48 - - [21/May/2017:07:14:32 +0200] "GET /~nardelli/ HTTP/1.1" 200 4250 "-" "Mozilla/5.0 (compatible; MJ12bot/v1.4.7; http://mj12bot.com/)"
62.210.97.48 - - [21/May/2017:07:14:49 +0200] "GET /~nardelli/ HTTP/1.1" 200 4250 "-" "Mozilla/5.0 (compatible; MJ12bot/v1.4.7; http://mj12bot.com/)"
62.210.97.48 - - [21/May/2017:07:15:05 +0200] "GET /~nardelli/ HTTP/1.1" 200 4250 "-" "Mozilla/5.0 (compatible; MJ12bot/v1.4.7; http://mj12bot.com/)"
180.76.15.13 - - [21/May/2017:07:15:13 +0200] "GET / HTTP/1.1" 200 11462 "-" "Mozilla/5.0 (compatible; Baiduspider/2.0; +http://www.baidu.com/search/spider.html)"
180.76.15.136 - - [21/May/2017:07:15:20 +0200] "GET / HTTP/1.1" 200 11462 "-" "Mozilla/5.0 (compatible; Baiduspider/2.0; +http://www.baidu.com/search/spider.html)"
62.210.97.48 - - [21/May/2017:07:15:28 +0200] "GET /~nardelli/ HTTP/1.1" 200 13700 "-" "Mozilla/5.0 (compatible; MJ12bot/v1.4.7; http://mj12bot.com/)"
180.76.15.152 - - [21/May/2017:07:16:21 +0200] "GET /~lopresti/Didattica/RetiWeb/RetiWeb1516/Chapter_6.pdf HTTP/1.1" 200 4132331 "-" "Mozilla/5.0 (compatible; Baiduspider/2.0; +http://www.baidu.com/search/spider.html)"
104.197.197.203 - - [21/May/2017:07:17:38 +0200] "GET /acpross2017/?feed=rss2 HTTP/1.1" 200 3664 "-" "Java/1.8.0_121"
66.249.75.6 - - [21/May/2017:07:18:36 +0200] "GET /~lopresti/Didattica/Fondamenti/Fond0607/Strutture%20di%20Controllo.pdf HTTP/1.1" 200 3486454 "-" "Mozilla/5.0 (compatible; Googlebot/2.1; +http://www.google.com/bot.html)"
213.136.91.209 - - [21/May/2017:07:20:00 +0200] "GET /robots.txt HTTP/1.1" 404 300 "-" "Mozilla/5.0 (compatible; MJ12bot/v1.4.7; http://mj12bot.com/)"
213.136.91.209 - - [21/May/2017:07:20:02 +0200] "GET /index.php/comunicazioni HTTP/1.1" 200 22931 "-" "Mozilla/5.0 (compatible; MJ12bot/v1.4.7; http://mj12bot.com/)"
213.136.91.209 - - [21/May/2017:07:20:04 +0200] "GET /index.php/comunicazioni/visualizza/acm_student_chapter_inizia_la_sua_attivita_a_tor_vergata HTTP/1.1" 200 2579 "-" "Mozilla/5.0 (compatible; MJ12bot/v1.4.7; http://mj12bot.com/)"
213.136.91.209 - - [21/May/2017:07:20:06 +0200] "GET /index.php/comunicazioni/visualizza/bando_erasmus_2017_18 HTTP/1.1" 200 2978 "-" "Mozilla/5.0 (compatible; MJ12bot/v1.4.7; http://mj12bot.com/)"
213.136.91.209 - - [21/May/2017:07:20:07 +0200] "GET /index.php/comunicazioni/visualizza/certificazione_di_lingua_inglese_presso_centro_linguistico_di_ateneo HTTP/1.1" 200 2868 "-" "Mozilla/5.0 (compatible; MJ12bot/v1.4.7; http://mj12bot.com/)"
213.136.91.209 - - [21/May/2017:07:20:09 +0200] "GET /index.php/comunicazioni/visualizza/summer_of_hpc_2017 HTTP/1.1" 200 2730 "-" "Mozilla/5.0 (compatible; MJ12bot/v1.4.7; http://mj12bot.com/)"
213.136.91.209 - - [21/May/2017:07:20:11 +0200] "GET /index.php/contatti HTTP/1.1" 200 2603 "-" "Mozilla/5.0 (compatible; MJ12bot/v1.4.7; http://mj12bot.com/)"
213.136.91.209 - - [21/May/2017:07:20:13 +0200] "GET /index.php/corsi HTTP/1.1" 200 4184 "-" "Mozilla/5.0 (compatible; MJ12bot/v1.4.7; http://mj12bot.com/)"
213.136.91.209 - - [21/May/2017:07:20:14 +0200] "GET /index.php/credits HTTP/1.1" 200 2297 "-" "Mozilla/5.0 (compatible; MJ12bot/v1.4.7; http://mj12bot.com/)"
213.136.91.209 - - [21/May/2017:07:20:16 +0200] "GET /index.php/docenti HTTP/1.1" 200 5972 "-" "Mozilla/5.0 (compatible; MJ12bot/v1.4.7; http://mj12bot.com/)"
213.136.91.209 - - [21/May/2017:07:20:18 +0200] "GET /index.php/domande_frequenti HTTP/1.1" 200 3284 "-" "Mozilla/5.0 (compatible; MJ12bot/v1.4.7; http://mj12bot.com/)"
213.136.91.209 - - [21/May/2017:07:20:19 +0200] "GET /index.php/dove_siamo HTTP/1.1" 200 2920 "-" "Mozilla/5.0 (compatible; MJ12bot/v1.4.7; http://mj12bot.com/)"
213.136.91.209 - - [21/May/2017:07:20:21 +0200] "GET /index.php/erasmus HTTP/1.1" 200 5574 "-" "Mozilla/5.0 (compatible; MJ12bot/v1.4.7; http://mj12bot.com/)"
213.136.91.209 - - [21/May/2017:07:20:24 +0200] "GET /index.php/indirizzo_computer_and_information_engineering HTTP/1.1" 200 3192 "-" "Mozilla/5.0 (compatible; MJ12bot/v1.4.7; http://mj12bot.com/)"
213.136.91.209 - - [21/May/2017:07:20:25 +0200] "GET /index.php/indirizzo_data_science_and_engineering HTTP/1.1" 200 3058 "-" "Mozilla/5.0 (compatible; MJ12bot/v1.4.7; http://mj12bot.com/)"
213.136.91.209 - - [21/May/2017:07:20:27 +0200] "GET /index.php/laurea_magistrale HTTP/1.1" 200 2653 "-" "Mozilla/5.0 (compatible; MJ12bot/v1.4.7; http://mj12bot.com/)"
213.136.91.209 - - [21/May/2017:07:20:29 +0200] "GET /index.php/magistrale_calendario HTTP/1.1" 200 2909 "-" "Mozilla/5.0 (compatible; MJ12bot/v1.4.7; http://mj12bot.com/)"
213.136.91.209 - - [21/May/2017:07:20:31 +0200] "GET /index.php/magistrale_didattica HTTP/1.1" 200 3877 "-" "Mozilla/5.0 (compatible; MJ12bot/v1.4.7; http://mj12bot.com/)"
213.136.91.209 - - [21/May/2017:07:20:32 +0200] "GET /index.php/magistrale_man HTTP/1.1" 200 2439 "-" "Mozilla/5.0 (compatible; MJ12bot/v1.4.7; http://mj12bot.com/)"
213.136.91.209 - - [21/May/2017:07:20:34 +0200] "GET /index.php/magistrale_piani HTTP/1.1" 200 3218 "-" "Mozilla/5.0 (compatible; MJ12bot/v1.4.7; http://mj12bot.com/)"
213.136.91.209 - - [21/May/2017:07:20:36 +0200] "GET /index.php/magistrale_reg HTTP/1.1" 200 2601 "-" "Mozilla/5.0 (compatible; MJ12bot/v1.4.7; http://mj12bot.com/)"
213.136.91.209 - - [21/May/2017:07:20:39 +0200] "GET /index.php/magistrale_sessioni HTTP/1.1" 200 3392 "-" "Mozilla/5.0 (compatible; MJ12bot/v1.4.7; http://mj12bot.com/)"
213.136.91.209 - - [21/May/2017:07:20:42 +0200] "GET /index.php/modulistica HTTP/1.1" 200 3261 "-" "Mozilla/5.0 (compatible; MJ12bot/v1.4.7; http://mj12bot.com/)"
213.136.91.209 - - [21/May/2017:07:20:43 +0200] "GET /index.php/offerte_di_lavoro HTTP/1.1" 200 14232 "-" "Mozilla/5.0 (compatible; MJ12bot/v1.4.7; http://mj12bot.com/)"
213.136.91.209 - - [21/May/2017:07:20:45 +0200] "GET /index.php/organizzazione HTTP/1.1" 200 3027 "-" "Mozilla/5.0 (compatible; MJ12bot/v1.4.7; http://mj12bot.com/)"
213.136.91.209 - - [21/May/2017:07:20:47 +0200] "GET /index.php/prospettive HTTP/1.1" 200 6031 "-" "Mozilla/5.0 (compatible; MJ12bot/v1.4.7; http://mj12bot.com/)"
213.136.91.209 - - [21/May/2017:07:20:49 +0200] "GET /index.php/soddisfazione HTTP/1.1" 200 2500 "-" "Mozilla/5.0 (compatible; MJ12bot/v1.4.7; http://mj12bot.com/)"
213.136.91.209 - - [21/May/2017:07:20:50 +0200] "GET /index.php/tempo_parziale HTTP/1.1" 200 2848 "-" "Mozilla/5.0 (compatible; MJ12bot/v1.4.7; http://mj12bot.com/)"
213.136.91.209 - - [21/May/2017:07:20:52 +0200] "GET /index.php/tesi_e_tirocini HTTP/1.1" 200 15687 "-" "Mozilla/5.0 (compatible; MJ12bot/v1.4.7; http://mj12bot.com/)"
213.136.91.209 - - [21/May/2017:07:20:54 +0200] "GET /index.php/triennale_calendario HTTP/1.1" 200 3078 "-" "Mozilla/5.0 (compatible; MJ12bot/v1.4.7; http://mj12bot.com/)"
213.136.91.209 - - [21/May/2017:07:20:56 +0200] "GET /index.php/triennale_didattica HTTP/1.1" 200 4070 "-" "Mozilla/5.0 (compatible; MJ12bot/v1.4.7; http://mj12bot.com/)"
213.136.91.209 - - [21/May/2017:07:20:57 +0200] "GET /index.php/triennale_man HTTP/1.1" 200 2435 "-" "Mozilla/5.0 (compatible; MJ12bot/v1.4.7; http://mj12bot.com/)"
213.136.91.209 - - [21/May/2017:07:20:59 +0200] "GET /index.php/triennale_piani HTTP/1.1" 200 3602 "-" "Mozilla/5.0 (compatible; MJ12bot/v1.4.7; http://mj12bot.com/)"
213.136.91.209 - - [21/May/2017:07:21:01 +0200] "GET /index.php/triennale_reg HTTP/1.1" 200 2601 "-" "Mozilla/5.0 (compatible; MJ12bot/v1.4.7; http://mj12bot.com/)"
213.136.91.209 - - [21/May/2017:07:21:02 +0200] "GET /index.php/triennale_sessioni HTTP/1.1" 200 4020 "-" "Mozilla/5.0 (compatible; MJ12bot/v1.4.7; http://mj12bot.com/)"
104.154.49.2 - - [21/May/2017:07:21:44 +0200] "GET /asbda2017/?feed=rss2 HTTP/1.1" 200 3487 "-" "Java/1.8.0_121"
212.83.174.55 - - [21/May/2017:07:23:20 +0200] "GET / HTTP/1.1" 200 11462 "-" "Mozilla"
212.83.174.55 - - [21/May/2017:07:23:21 +0200] "GET / HTTP/1.1" 200 11462 "-" "Mozilla"
66.249.75.3 - - [21/May/2017:07:23:47 +0200] "GET / HTTP/1.1" 200 1764 "-" "Mozilla/5.0 (Linux; Android 6.0.1; Nexus 5X Build/MMB29P) AppleWebKit/537.36 (KHTML, like Gecko) Chrome/41.0.2272.96 Mobile Safari/537.36 (compatible; Googlebot/2.1; +http://www.google.com/bot.html)"
66.249.75.3 - - [21/May/2017:07:24:02 +0200] "GET /publications/icsoc2010-soa.pdf HTTP/1.1" 200 412704 "-" "Googlebot/2.1 (+http://www.google.com/bot.html)"
104.197.197.203 - - [21/May/2017:07:26:32 +0200] "GET /acpross2017/?feed=rss2 HTTP/1.1" 200 3664 "-" "Java/1.8.0_121"
66.249.75.6 - - [21/May/2017:07:28:55 +0200] "GET /people/denitto.html HTTP/1.1" 304 - "-" "Mozilla/5.0 (compatible; Googlebot/2.1; +http://www.google.com/bot.html)"
5.86.102.10 - - [21/May/2017:07:29:26 +0200] "GET / HTTP/1.1" 200 3469 "https://www.google.it/" "Mozilla/5.0 (Windows NT 6.1; Win64; x64) AppleWebKit/537.36 (KHTML, like Gecko) Chrome/58.0.3029.110 Safari/537.36"
5.86.102.10 - - [21/May/2017:07:29:26 +0200] "GET /media/css/style.css HTTP/1.1" 200 2258 "http://inginformatica.uniroma2.it/" "Mozilla/5.0 (Windows NT 6.1; Win64; x64) AppleWebKit/537.36 (KHTML, like Gecko) Chrome/58.0.3029.110 Safari/537.36"
5.86.102.10 - - [21/May/2017:07:29:27 +0200] "GET /media/css/links.gif HTTP/1.1" 200 1381 "http://inginformatica.uniroma2.it/media/css/style.css" "Mozilla/5.0 (Windows NT 6.1; Win64; x64) AppleWebKit/537.36 (KHTML, like Gecko) Chrome/58.0.3029.110 Safari/537.36"
5.86.102.10 - - [21/May/2017:07:29:27 +0200] "GET /media/css/tvg.gif HTTP/1.1" 200 5430 "http://inginformatica.uniroma2.it/" "Mozilla/5.0 (Windows NT 6.1; Win64; x64) AppleWebKit/537.36 (KHTML, like Gecko) Chrome/58.0.3029.110 Safari/537.36"
5.86.102.10 - - [21/May/2017:07:29:27 +0200] "GET /media/css/binary7.gif HTTP/1.1" 200 7470 "http://inginformatica.uniroma2.it/media/css/style.css" "Mozilla/5.0 (Windows NT 6.1; Win64; x64) AppleWebKit/537.36 (KHTML, like Gecko) Chrome/58.0.3029.110 Safari/537.36"
5.86.102.10 - - [21/May/2017:07:29:27 +0200] "GET /media/css/binary4.jpg HTTP/1.1" 200 35918 "http://inginformatica.uniroma2.it/media/css/style.css" "Mozilla/5.0 (Windows NT 6.1; Win64; x64) AppleWebKit/537.36 (KHTML, like Gecko) Chrome/58.0.3029.110 Safari/537.36"
5.86.102.10 - - [21/May/2017:07:29:27 +0200] "GET /media/css/mattoni6.jpg HTTP/1.1" 200 56364 "http://inginformatica.uniroma2.it/" "Mozilla/5.0 (Windows NT 6.1; Win64; x64) AppleWebKit/537.36 (KHTML, like Gecko) Chrome/58.0.3029.110 Safari/537.36"
5.86.102.10 - - [21/May/2017:07:29:27 +0200] "GET /media/css/logo5.gif HTTP/1.1" 200 5129 "http://inginformatica.uniroma2.it/media/css/style.css" "Mozilla/5.0 (Windows NT 6.1; Win64; x64) AppleWebKit/537.36 (KHTML, like Gecko) Chrome/58.0.3029.110 Safari/537.36"
5.86.102.10 - - [21/May/2017:07:29:27 +0200] "GET /media/css/comunicazioni.gif HTTP/1.1" 200 1708 "http://inginformatica.uniroma2.it/media/css/style.css" "Mozilla/5.0 (Windows NT 6.1; Win64; x64) AppleWebKit/537.36 (KHTML, like Gecko) Chrome/58.0.3029.110 Safari/537.36"
5.86.102.10 - - [21/May/2017:07:29:27 +0200] "GET /favicon.ico HTTP/1.1" 404 248 "http://inginformatica.uniroma2.it/" "Mozilla/5.0 (Windows NT 6.1; Win64; x64) AppleWebKit/537.36 (KHTML, like Gecko) Chrome/58.0.3029.110 Safari/537.36"
104.154.49.2 - - [21/May/2017:07:29:39 +0200] "GET /asbda2017/?feed=rss2 HTTP/1.1" 200 3487 "-" "Java/1.8.0_121"
5.86.102.10 - - [21/May/2017:07:29:46 +0200] "GET /index.php/triennale_man HTTP/1.1" 200 2435 "http://inginformatica.uniroma2.it/" "Mozilla/5.0 (Windows NT 6.1; Win64; x64) AppleWebKit/537.36 (KHTML, like Gecko) Chrome/58.0.3029.110 Safari/537.36"
5.86.102.10 - - [21/May/2017:07:30:02 +0200] "GET /index.php/triennale_didattica HTTP/1.1" 200 4070 "http://inginformatica.uniroma2.it/index.php/triennale_man" "Mozilla/5.0 (Windows NT 6.1; Win64; x64) AppleWebKit/537.36 (KHTML, like Gecko) Chrome/58.0.3029.110 Safari/537.36"
5.86.102.10 - - [21/May/2017:07:30:21 +0200] "GET /index.php/triennale_piani HTTP/1.1" 200 3602 "http://inginformatica.uniroma2.it/index.php/triennale_didattica" "Mozilla/5.0 (Windows NT 6.1; Win64; x64) AppleWebKit/537.36 (KHTML, like Gecko) Chrome/58.0.3029.110 Safari/537.36"
5.86.102.10 - - [21/May/2017:07:30:27 +0200] "GET /index.php/triennale_man HTTP/1.1" 200 2435 "http://inginformatica.uniroma2.it/index.php/triennale_piani" "Mozilla/5.0 (Windows NT 6.1; Win64; x64) AppleWebKit/537.36 (KHTML, like Gecko) Chrome/58.0.3029.110 Safari/537.36"
5.86.102.10 - - [21/May/2017:07:30:32 +0200] "GET /index.php/triennale_calendario HTTP/1.1" 200 3078 "http://inginformatica.uniroma2.it/index.php/triennale_man" "Mozilla/5.0 (Windows NT 6.1; Win64; x64) AppleWebKit/537.36 (KHTML, like Gecko) Chrome/58.0.3029.110 Safari/537.36"
180.76.15.159 - - [21/May/2017:07:30:44 +0200] "GET / HTTP/1.1" 200 5735 "-" "Mozilla/5.0 (compatible; Baiduspider/2.0; +http://www.baidu.com/search/spider.html)"
66.249.75.63 - - [21/May/2017:07:31:20 +0200] "GET /courses/filippone/foi-2012-2013/foi-1.pdf HTTP/1.1" 200 5182368 "-" "Googlebot/2.1 (+http://www.google.com/bot.html)"
180.76.15.5 - - [21/May/2017:07:31:28 +0200] "GET / HTTP/1.1" 200 5735 "-" "Mozilla/5.0 (compatible; Baiduspider/2.0; +http://www.baidu.com/search/spider.html)"
5.86.102.10 - - [21/May/2017:07:32:03 +0200] "GET /index.php/triennale_didattica HTTP/1.1" 200 4070 "http://inginformatica.uniroma2.it/index.php/triennale_calendario" "Mozilla/5.0 (Windows NT 6.1; Win64; x64) AppleWebKit/537.36 (KHTML, like Gecko) Chrome/58.0.3029.110 Safari/537.36"
5.86.102.10 - - [21/May/2017:07:32:15 +0200] "GET /index.php/laurea_triennale HTTP/1.1" 200 2816 "http://inginformatica.uniroma2.it/index.php/triennale_didattica" "Mozilla/5.0 (Windows NT 6.1; Win64; x64) AppleWebKit/537.36 (KHTML, like Gecko) Chrome/58.0.3029.110 Safari/537.36"
5.86.102.10 - - [21/May/2017:07:32:29 +0200] "GET /index.php/corsi HTTP/1.1" 200 4184 "http://inginformatica.uniroma2.it/index.php/laurea_triennale" "Mozilla/5.0 (Windows NT 6.1; Win64; x64) AppleWebKit/537.36 (KHTML, like Gecko) Chrome/58.0.3029.110 Safari/537.36"
65.55.210.80 - - [21/May/2017:07:32:42 +0200] "GET /courses/sabd1617/template/css/style.css HTTP/1.1" 200 2216 "-" "Mozilla/5.0 (Windows NT 6.1; WOW64) AppleWebKit/534+ (KHTML, like Gecko) BingPreview/1.0b"
65.55.210.80 - - [21/May/2017:07:32:43 +0200] "GET /courses/sabd1617/template/css/bootstrap.css HTTP/1.1" 200 147144 "-" "Mozilla/5.0 (Windows NT 6.1; WOW64) AppleWebKit/534+ (KHTML, like Gecko) BingPreview/1.0b"
199.30.24.181 - - [21/May/2017:07:32:46 +0200] "GET /courses/sabd1617/template/js/bootstrap.js HTTP/1.1" 200 67546 "-" "Mozilla/5.0 (Windows NT 6.1; WOW64) AppleWebKit/534+ (KHTML, like Gecko) BingPreview/1.0b"
199.30.24.38 - - [21/May/2017:07:32:47 +0200] "GET /courses/sabd1617/template/js/script.js HTTP/1.1" 200 - "-" "Mozilla/5.0 (Windows NT 6.1; WOW64) AppleWebKit/534+ (KHTML, like Gecko) BingPreview/1.0b"
212.83.174.55 - - [21/May/2017:07:33:46 +0200] "GET / HTTP/1.1" 200 11462 "-" "Mozilla"
66.249.75.3 - - [21/May/2017:07:33:56 +0200] "GET /dottorato/index.php?option=com_content&view=article&id=108 HTTP/1.1" 200 3283 "-" "Mozilla/5.0 (compatible; Googlebot/2.1; +http://www.google.com/bot.html)"
104.197.197.203 - - [21/May/2017:07:35:52 +0200] "GET /acpross2017/?feed=rss2 HTTP/1.1" 200 3664 "-" "Java/1.8.0_121"
154.0.154.139 - - [21/May/2017:07:36:40 +0200] "GET /wp-login.php HTTP/1.1" 404 294 "-" "Mozilla/5.0 (Windows NT 6.1; WOW64; rv:40.0) Gecko/20100101 Firefox/40.1"
154.0.154.139 - - [21/May/2017:07:36:40 +0200] "GET / HTTP/1.1" 200 5735 "-" "Mozilla/5.0 (Windows NT 6.1; WOW64; rv:40.0) Gecko/20100101 Firefox/40.1"
216.244.66.246 - - [21/May/2017:07:36:46 +0200] "GET /robots.txt HTTP/1.1" 200 61 "-" "Mozilla/5.0 (compatible; DotBot/1.1; http://www.opensiteexplorer.org/dotbot, help@moz.com)"
104.154.49.2 - - [21/May/2017:07:38:30 +0200] "GET /asbda2017/?feed=rss2 HTTP/1.1" 200 3487 "-" "Java/1.8.0_121"
66.249.75.63 - - [21/May/2017:07:39:07 +0200] "GET /courses/sd0809/lucidi/Apache.pdf HTTP/1.1" 304 - "-" "Mozilla/5.0 (compatible; Googlebot/2.1; +http://www.google.com/bot.html)"
71.95.191.2 - - [21/May/2017:07:39:33 +0200] "GET /courses/sdcc1415/progetti/fog_bonomi2012.pdf HTTP/1.1" 200 549264 "http://www.cs.ucr.edu/~jiasi/teaching/cs204_spring17/syllabus.html" "Mozilla/5.0 (Windows NT 10.0; Win64; x64) AppleWebKit/537.36 (KHTML, like Gecko) Chrome/58.0.3029.110 Safari/537.36"
71.95.191.2 - - [21/May/2017:07:39:35 +0200] "GET /favicon.ico HTTP/1.1" 200 318 "http://www.ce.uniroma2.it/courses/sdcc1415/progetti/fog_bonomi2012.pdf" "Mozilla/5.0 (Windows NT 10.0; Win64; x64) AppleWebKit/537.36 (KHTML, like Gecko) Chrome/58.0.3029.110 Safari/537.36"
94.75.231.82 - - [21/May/2017:07:41:42 +0200] "GET /courses/sdcc1617/ HTTP/1.0" 200 64828 "-" "Mozilla/5.0 (Macintosh; Intel Mac OS X 10.12; rv:53.0) Gecko/20100101 Firefox/53.0"
66.249.75.6 - - [21/May/2017:07:42:57 +0200] "GET /~lopresti/Didattica/RetiWeb/Chapters/Hall%20Servlets%200130893404%20/Hall%20Servlets%200130893404%20/toprinter/Core-Servlets-and-JSP/Chapters/Servlets-Request-Headers.pdf HTTP/1.1" 404 315 "-" "Mozilla/5.0 (Linux; Android 6.0.1; Nexus 5X Build/MMB29P) AppleWebKit/537.36 (KHTML, like Gecko) Chrome/41.0.2272.96 Mobile Safari/537.36 (compatible; Googlebot/2.1; +http://www.google.com/bot.html)"
66.249.75.6 - - [21/May/2017:07:44:06 +0200] "GET /people/tucci.html HTTP/1.1" 304 - "-" "Mozilla/5.0 (compatible; Googlebot/2.1; +http://www.google.com/bot.html)"
104.197.197.203 - - [21/May/2017:07:44:07 +0200] "GET /acpross2017/?feed=rss2 HTTP/1.1" 200 3664 "-" "Java/1.8.0_121"
195.154.191.62 - - [21/May/2017:07:44:14 +0200] "GET /editor/editor/ HTTP/1.1" 404 290 "-" "compatible;Baiduspider/2.0; +http://www.baidu.com/search/spider.html"
66.249.75.3 - - [21/May/2017:07:45:34 +0200] "GET /courses/MMI/lsCloudSim.pdf HTTP/1.1" 200 898344 "-" "Googlebot/2.1 (+http://www.google.com/bot.html)"
66.249.75.63 - - [21/May/2017:07:45:49 +0200] "GET /dottorato/doc/thesis/Scarpato.pdf HTTP/1.1" 200 3343785 "-" "Googlebot/2.1 (+http://www.google.com/bot.html)"
104.154.49.2 - - [21/May/2017:07:46:38 +0200] "GET /asbda2017/?feed=rss2 HTTP/1.1" 200 3487 "-" "Java/1.8.0_121"
180.76.15.5 - - [21/May/2017:07:47:08 +0200] "GET /~lopresti/Didattica/Arch_Calc/Arch_Calc0607/ALU.pdf HTTP/1.1" 200 318921 "-" "Mozilla/5.0 (compatible; Baiduspider/2.0; +http://www.baidu.com/search/spider.html)"
66.249.75.63 - - [21/May/2017:07:49:10 +0200] "GET /~lopresti/Didattica/Arch_Calc/Arch_Calc0506/ALU.pdf HTTP/1.1" 200 274084 "-" "Mozilla/5.0 (compatible; Googlebot/2.1; +http://www.google.com/bot.html)"
207.46.13.103 - - [21/May/2017:07:48:49 +0200] "GET /courses/sabd1617/slides/Storage_NoSQL.pdf HTTP/1.1" 200 7732902 "-" "Mozilla/5.0 (compatible; bingbot/2.0; +http://www.bing.com/bingbot.htm)"
180.76.15.15 - - [21/May/2017:07:49:37 +0200] "GET /robots.txt HTTP/1.1" 404 239 "-" "Mozilla/5.0 (Windows NT 5.1; rv:6.0.2) Gecko/20100101 Firefox/6.0.2"
42.48.194.116 - - [21/May/2017:07:51:24 +0200] "GET /favicon.ico HTTP/1.1" 200 318 "http://www.ce.uniroma2.it/~lopresti/Didattica/RetiWeb/RetiWeb1112/Microsoft%20PowerPoint%20-%20IntroJSP.pdf" "Mozilla/5.0 (Windows NT 10.0; WOW64) AppleWebKit/537.36 (KHTML, like Gecko) Chrome/51.0.2704.106 Safari/537.36"
42.48.194.116 - - [21/May/2017:07:51:22 +0200] "GET /~lopresti/Didattica/RetiWeb/RetiWeb1112/Microsoft%20PowerPoint%20-%20IntroJSP.pdf HTTP/1.1" 200 122652 "http://cn.bing.com/academic/profile?id=07b02e0c48527db99635bdfd5751b366&encoded=0&v=paper_preview&mkt=zh-cn" "Mozilla/5.0 (Windows NT 10.0; WOW64) AppleWebKit/537.36 (KHTML, like Gecko) Chrome/51.0.2704.106 Safari/537.36"
42.48.194.116 - - [21/May/2017:07:51:25 +0200] "GET /~lopresti/Didattica/RetiWeb/RetiWeb1112/Microsoft%20PowerPoint%20-%20IntroJSP.pdf HTTP/1.1" 206 85478 "http://www.ce.uniroma2.it/~lopresti/Didattica/RetiWeb/RetiWeb1112/Microsoft%20PowerPoint%20-%20IntroJSP.pdf" "Mozilla/5.0 (Windows NT 10.0; WOW64) AppleWebKit/537.36 (KHTML, like Gecko) Chrome/51.0.2704.106 Safari/537.36"
104.197.197.203 - - [21/May/2017:07:51:54 +0200] "GET /acpross2017/?feed=rss2 HTTP/1.1" 200 3664 "-" "Java/1.8.0_121"
66.249.76.94 - - [21/May/2017:07:52:14 +0200] "GET /?URL=goo.gl/AE197S HTTP/1.1" 200 212 "-" "Mozilla/5.0 (compatible; Googlebot/2.1; +http://www.google.com/bot.html)"
180.76.15.144 - - [21/May/2017:07:52:25 +0200] "GET / HTTP/1.1" 200 3467 "-" "Mozilla/5.0 (compatible; Baiduspider/2.0; +http://www.baidu.com/search/spider.html)"
216.244.66.246 - - [21/May/2017:07:53:18 +0200] "GET /OpenSourceScuola/ HTTP/1.1" 200 7984 "-" "Mozilla/5.0 (compatible; DotBot/1.1; http://www.opensiteexplorer.org/dotbot, help@moz.com)"
66.249.75.3 - - [21/May/2017:07:54:06 +0200] "GET /~buttari/gallery.html HTTP/1.1" 200 2163 "-" "Mozilla/5.0 (compatible; Googlebot/2.1; +http://www.google.com/bot.html)"
104.154.49.2 - - [21/May/2017:07:54:16 +0200] "GET /asbda2017/?feed=rss2 HTTP/1.1" 200 3487 "-" "Java/1.8.0_121"
179.125.206.60 - - [21/May/2017:07:55:02 +0200] "GET /wp-login.php HTTP/1.1" 404 294 "-" "Mozilla/5.0 (Windows NT 6.1; WOW64; rv:40.0) Gecko/20100101 Firefox/40.1"
179.125.206.60 - - [21/May/2017:07:55:13 +0200] "GET / HTTP/1.1" 200 5735 "-" "Mozilla/5.0 (Windows NT 6.1; WOW64; rv:40.0) Gecko/20100101 Firefox/40.1"
79.13.177.186 - - [21/May/2017:07:55:48 +0200] "GET /favicon.ico HTTP/1.1" 404 248 "-" "Mozilla/5.0 (Windows NT 10.0; Win64; x64; rv:53.0) Gecko/20100101 Firefox/53.0"
79.13.177.186 - - [21/May/2017:07:55:49 +0200] "GET /favicon.ico HTTP/1.1" 404 248 "-" "Mozilla/5.0 (Windows NT 10.0; Win64; x64; rv:53.0) Gecko/20100101 Firefox/53.0"
207.46.13.103 - - [21/May/2017:07:56:06 +0200] "GET /courses/PRSI/WebApplication.pdf HTTP/1.1" 200 3933561 "-" "Mozilla/5.0 (compatible; bingbot/2.0; +http://www.bing.com/bingbot.htm)"
112.26.78.185 - - [21/May/2017:07:56:18 +0200] "HEAD /fckeditor/editor/ HTTP/1.1" 404 - "-" "compatible;Baiduspider/2.0; +http://www.baidu.com/search/spider.html"
64.113.122.146 - - [21/May/2017:07:56:57 +0200] "GET /favicon.ico HTTP/1.1" 200 318 "http://www.ce.uniroma2.it/~lopresti/Didattica/Arch_Calc/ALU_AppB.pdf" "Mozilla/5.0 (Macintosh; Intel Mac OS X 10_12_4) AppleWebKit/537.36 (KHTML, like Gecko) Chrome/58.0.3029.110 Safari/537.36"
64.113.122.146 - - [21/May/2017:07:56:56 +0200] "GET /~lopresti/Didattica/Arch_Calc/ALU_AppB.pdf HTTP/1.1" 200 128502 "https://www.google.com/" "Mozilla/5.0 (Macintosh; Intel Mac OS X 10_12_4) AppleWebKit/537.36 (KHTML, like Gecko) Chrome/58.0.3029.110 Safari/537.36"
66.249.75.6 - - [21/May/2017:07:59:15 +0200] "GET /courses/sdcc1314/lucidi/ArchitettureSD.pdf HTTP/1.1" 304 - "-" "Mozilla/5.0 (compatible; Googlebot/2.1; +http://www.google.com/bot.html)"
66.249.75.63 - - [21/May/2017:07:59:38 +0200] "GET /dottorato/components/com_comprofiler/plugin/templates/default/template.css HTTP/1.1" 200 6186 "http://www.ce.uniroma2.it/dottorato/index.php?option=com_comprofiler&task=login" "Mozilla/5.0 (compatible; Googlebot/2.1; +http://www.google.com/bot.html)"
104.197.197.203 - - [21/May/2017:08:01:33 +0200] "GET /acpross2017/?feed=rss2 HTTP/1.1" 200 3664 "-" "Java/1.8.0_121"
104.154.49.2 - - [21/May/2017:08:02:00 +0200] "GET /asbda2017/?feed=rss2 HTTP/1.1" 200 3487 "-" "Java/1.8.0_121"
151.21.239.180 - - [21/May/2017:08:02:36 +0200] "GET /wp-login.php HTTP/1.1" 404 294 "-" "Mozilla/5.0 (Windows NT 6.1; WOW64; rv:40.0) Gecko/20100101 Firefox/40.1"
151.21.239.180 - - [21/May/2017:08:02:36 +0200] "GET / HTTP/1.1" 200 5735 "-" "Mozilla/5.0 (Windows NT 6.1; WOW64; rv:40.0) Gecko/20100101 Firefox/40.1"
66.249.75.63 - - [21/May/2017:08:04:25 +0200] "GET / HTTP/1.1" 200 1764 "-" "Mozilla/5.0 (compatible; Googlebot/2.1; +http://www.google.com/bot.html)"
112.26.78.185 - - [21/May/2017:08:04:51 +0200] "HEAD /fckeditor/editor/ HTTP/1.1" 404 - "-" "compatible;Baiduspider/2.0; +http://www.baidu.com/search/spider.html"
5.91.113.193 - - [21/May/2017:08:08:51 +0200] "GET / HTTP/1.1" 200 3468 "-" "Mozilla/5.0 (iPad; CPU OS 10_2_1 like Mac OS X) AppleWebKit/602.4.6 (KHTML, like Gecko) Version/10.0 Mobile/14D27 Safari/602.1"
5.91.113.193 - - [21/May/2017:08:08:52 +0200] "GET /apple-touch-icon-152x152-precomposed.png HTTP/1.1" 404 270 "-" "MobileSafari/602.1 CFNetwork/808.3 Darwin/16.3.0"
5.91.113.193 - - [21/May/2017:08:08:52 +0200] "GET /apple-touch-icon-152x152.png HTTP/1.1" 404 263 "-" "MobileSafari/602.1 CFNetwork/808.3 Darwin/16.3.0"
5.91.113.193 - - [21/May/2017:08:08:52 +0200] "GET /apple-touch-icon-precomposed.png HTTP/1.1" 404 264 "-" "MobileSafari/602.1 CFNetwork/808.3 Darwin/16.3.0"
5.91.113.193 - - [21/May/2017:08:08:52 +0200] "GET /apple-touch-icon.png HTTP/1.1" 404 256 "-" "MobileSafari/602.1 CFNetwork/808.3 Darwin/16.3.0"
5.91.113.193 - - [21/May/2017:08:08:52 +0200] "GET /favicon.ico HTTP/1.1" 404 248 "-" "MobileSafari/602.1 CFNetwork/808.3 Darwin/16.3.0"
104.154.49.2 - - [21/May/2017:08:09:05 +0200] "GET /asbda2017/?feed=rss2 HTTP/1.1" 200 3487 "-" "Java/1.8.0_121"
160.80.85.34 - - [21/May/2017:08:09:05 +0200] "POST /asbda2017/wp-cron.php?doing_wp_cron=1495346945.8638100624084472656250 HTTP/1.1" 200 20 "http://www.ce.uniroma2.it/asbda2017/wp-cron.php?doing_wp_cron=1495346945.8638100624084472656250" "WordPress/4.7.5; http://www.ce.uniroma2.it/asbda2017"
66.249.75.63 - - [21/May/2017:08:09:28 +0200] "GET /courses/ac05/lucidi/Istruzioni3_4pp.pdf HTTP/1.1" 304 - "-" "Mozilla/5.0 (compatible; Googlebot/2.1; +http://www.google.com/bot.html)"
104.197.197.203 - - [21/May/2017:08:11:38 +0200] "GET /acpross2017/?feed=rss2 HTTP/1.1" 200 3664 "-" "Java/1.8.0_121"
160.80.85.34 - - [21/May/2017:08:11:38 +0200] "POST /acpross2017/wp-cron.php?doing_wp_cron=1495347098.7980520725250244140625 HTTP/1.1" 200 20 "http://www.ce.uniroma2.it/acpross2017/wp-cron.php?doing_wp_cron=1495347098.7980520725250244140625" "WordPress/4.6.1; http://www.ce.uniroma2.it/acpross2017"
66.249.75.6 - - [21/May/2017:08:14:27 +0200] "GET /~buttari/wordpress/?feed=atom HTTP/1.1" 200 851 "-" "Mozilla/5.0 (Linux; Android 6.0.1; Nexus 5X Build/MMB29P) AppleWebKit/537.36 (KHTML, like Gecko) Chrome/41.0.2272.96 Mobile Safari/537.36 (compatible; Googlebot/2.1; +http://www.google.com/bot.html)"
180.76.15.22 - - [21/May/2017:08:14:46 +0200] "GET / HTTP/1.1" 200 11462 "-" "Mozilla/5.0 (compatible; Baiduspider/2.0; +http://www.baidu.com/search/spider.html)"
180.76.15.16 - - [21/May/2017:08:14:53 +0200] "GET / HTTP/1.1" 200 11462 "-" "Mozilla/5.0 (compatible; Baiduspider/2.0; +http://www.baidu.com/search/spider.html)"
104.154.49.2 - - [21/May/2017:08:17:40 +0200] "GET /asbda2017/?feed=rss2 HTTP/1.1" 200 3487 "-" "Java/1.8.0_121"
66.249.75.63 - - [21/May/2017:08:19:36 +0200] "GET /courses/PSW/slides/L4.5.pdf HTTP/1.1" 304 - "-" "Mozilla/5.0 (compatible; Googlebot/2.1; +http://www.google.com/bot.html)"
104.197.197.203 - - [21/May/2017:08:21:37 +0200] "GET /acpross2017/?feed=rss2 HTTP/1.1" 200 3664 "-" "Java/1.8.0_121"
8.37.235.181 - - [21/May/2017:08:22:11 +0200] "GET / HTTP/1.1" 200 3470 "https://www.google.it/search?q=ingegneria+informatica&gws_rd=cr&ei=0TIhWbzBEMmIgAa505XwCw" "Mozilla/5.0 (Linux; U; Android 5.0.2; en-US; Redmi Note 2 Build/LRX22G) AppleWebKit/534.30 (KHTML, like Gecko) Version/4.0 UCBrowser/11.3.0.950 U3/0.8.0 Mobile Safari/534.30"
8.37.231.146 - - [21/May/2017:08:22:11 +0200] "GET / HTTP/1.1" 200 3468 "https://www.google.it/search?q=ingegneria+informatica&gws_rd=cr&ei=0TIhWbzBEMmIgAa505XwCw" "Mozilla/5.0 (Linux; U; Android 5.0.2; en-US; Redmi Note 2 Build/LRX22G) AppleWebKit/534.30 (KHTML, like Gecko) Version/4.0 UCBrowser/11.3.0.950 U3/0.8.0 Mobile Safari/534.30"
8.37.237.167 - - [21/May/2017:08:22:11 +0200] "GET / HTTP/1.1" 200 3470 "https://www.google.it/search?q=ingegneria+informatica&gws_rd=cr&ei=0TIhWbzBEMmIgAa505XwCw" "Mozilla/5.0 (Linux; U; Android 5.0.2; en-US; Redmi Note 2 Build/LRX22G) AppleWebKit/534.30 (KHTML, like Gecko) Version/4.0 UCBrowser/11.3.0.950 U3/0.8.0 Mobile Safari/534.30"
8.37.237.193 - - [21/May/2017:08:22:11 +0200] "GET / HTTP/1.1" 200 3468 "https://www.google.it/search?q=ingegneria+informatica&gws_rd=cr&ei=0TIhWbzBEMmIgAa505XwCw" "Mozilla/5.0 (Linux; U; Android 5.0.2; en-US; Redmi Note 2 Build/LRX22G) AppleWebKit/534.30 (KHTML, like Gecko) Version/4.0 UCBrowser/11.3.0.950 U3/0.8.0 Mobile Safari/534.30"
8.37.237.66 - - [21/May/2017:08:22:11 +0200] "GET / HTTP/1.1" 200 3470 "https://www.google.it/search?q=ingegneria+informatica&gws_rd=cr&ei=0TIhWbzBEMmIgAa505XwCw" "Mozilla/5.0 (Linux; U; Android 5.0.2; en-US; Redmi Note 2 Build/LRX22G) AppleWebKit/534.30 (KHTML, like Gecko) Version/4.0 UCBrowser/11.3.0.950 U3/0.8.0 Mobile Safari/534.30"
8.37.237.149 - - [21/May/2017:08:22:11 +0200] "GET / HTTP/1.1" 200 3470 "https://www.google.it/search?q=ingegneria+informatica&gws_rd=cr&ei=0TIhWbzBEMmIgAa505XwCw" "Mozilla/5.0 (Linux; U; Android 5.0.2; en-US; Redmi Note 2 Build/LRX22G) AppleWebKit/534.30 (KHTML, like Gecko) Version/4.0 UCBrowser/11.3.0.950 U3/0.8.0 Mobile Safari/534.30"
8.37.235.181 - - [21/May/2017:08:22:11 +0200] "GET /media/css/style.css HTTP/1.1" 200 2258 "http://inginformatica.uniroma2.it/" "Mozilla/5.0 (Linux; U; Android 5.0.2; en-US; Redmi Note 2 Build/LRX22G) AppleWebKit/534.30 (KHTML, like Gecko) Version/4.0 UCBrowser/11.3.0.950 U3/0.8.0 Mobile Safari/534.30"
8.37.231.146 - - [21/May/2017:08:22:11 +0200] "GET /media/css/tvg.gif HTTP/1.1" 200 5430 "http://inginformatica.uniroma2.it/" "Mozilla/5.0 (Linux; U; Android 5.0.2; en-US; Redmi Note 2 Build/LRX22G) AppleWebKit/534.30 (KHTML, like Gecko) Version/4.0 UCBrowser/11.3.0.950 U3/0.8.0 Mobile Safari/534.30"
8.37.235.181 - - [21/May/2017:08:22:11 +0200] "GET /media/css/tvg.gif HTTP/1.1" 200 5430 "http://inginformatica.uniroma2.it/" "Mozilla/5.0 (Linux; U; Android 5.0.2; en-US; Redmi Note 2 Build/LRX22G) AppleWebKit/534.30 (KHTML, like Gecko) Version/4.0 UCBrowser/11.3.0.950 U3/0.8.0 Mobile Safari/534.30"
8.37.231.146 - - [21/May/2017:08:22:12 +0200] "GET /media/css/style.css HTTP/1.1" 200 2258 "http://inginformatica.uniroma2.it/" "Mozilla/5.0 (Linux; U; Android 5.0.2; en-US; Redmi Note 2 Build/LRX22G) AppleWebKit/534.30 (KHTML, like Gecko) Version/4.0 UCBrowser/11.3.0.950 U3/0.8.0 Mobile Safari/534.30"
8.37.237.167 - - [21/May/2017:08:22:12 +0200] "GET /media/css/tvg.gif HTTP/1.1" 200 5430 "http://inginformatica.uniroma2.it/" "Mozilla/5.0 (Linux; U; Android 5.0.2; en-US; Redmi Note 2 Build/LRX22G) AppleWebKit/534.30 (KHTML, like Gecko) Version/4.0 UCBrowser/11.3.0.950 U3/0.8.0 Mobile Safari/534.30"
8.37.237.167 - - [21/May/2017:08:22:12 +0200] "GET /media/css/style.css HTTP/1.1" 200 2258 "http://inginformatica.uniroma2.it/" "Mozilla/5.0 (Linux; U; Android 5.0.2; en-US; Redmi Note 2 Build/LRX22G) AppleWebKit/534.30 (KHTML, like Gecko) Version/4.0 UCBrowser/11.3.0.950 U3/0.8.0 Mobile Safari/534.30"
8.37.237.193 - - [21/May/2017:08:22:12 +0200] "GET /media/css/style.css HTTP/1.1" 200 2258 "http://inginformatica.uniroma2.it/" "Mozilla/5.0 (Linux; U; Android 5.0.2; en-US; Redmi Note 2 Build/LRX22G) AppleWebKit/534.30 (KHTML, like Gecko) Version/4.0 UCBrowser/11.3.0.950 U3/0.8.0 Mobile Safari/534.30"
8.37.237.193 - - [21/May/2017:08:22:12 +0200] "GET /media/css/tvg.gif HTTP/1.1" 200 5430 "http://inginformatica.uniroma2.it/" "Mozilla/5.0 (Linux; U; Android 5.0.2; en-US; Redmi Note 2 Build/LRX22G) AppleWebKit/534.30 (KHTML, like Gecko) Version/4.0 UCBrowser/11.3.0.950 U3/0.8.0 Mobile Safari/534.30"
8.37.237.149 - - [21/May/2017:08:22:12 +0200] "GET /media/css/style.css HTTP/1.1" 200 2258 "http://inginformatica.uniroma2.it/" "Mozilla/5.0 (Linux; U; Android 5.0.2; en-US; Redmi Note 2 Build/LRX22G) AppleWebKit/534.30 (KHTML, like Gecko) Version/4.0 UCBrowser/11.3.0.950 U3/0.8.0 Mobile Safari/534.30"
8.37.235.181 - - [21/May/2017:08:22:11 +0200] "GET /media/css/mattoni6.jpg HTTP/1.1" 200 56364 "http://inginformatica.uniroma2.it/" "Mozilla/5.0 (Linux; U; Android 5.0.2; en-US; Redmi Note 2 Build/LRX22G) AppleWebKit/534.30 (KHTML, like Gecko) Version/4.0 UCBrowser/11.3.0.950 U3/0.8.0 Mobile Safari/534.30"
8.37.237.149 - - [21/May/2017:08:22:12 +0200] "GET /media/css/tvg.gif HTTP/1.1" 200 5430 "http://inginformatica.uniroma2.it/" "Mozilla/5.0 (Linux; U; Android 5.0.2; en-US; Redmi Note 2 Build/LRX22G) AppleWebKit/534.30 (KHTML, like Gecko) Version/4.0 UCBrowser/11.3.0.950 U3/0.8.0 Mobile Safari/534.30"
8.37.231.146 - - [21/May/2017:08:22:12 +0200] "GET /media/css/mattoni6.jpg HTTP/1.1" 200 56364 "http://inginformatica.uniroma2.it/" "Mozilla/5.0 (Linux; U; Android 5.0.2; en-US; Redmi Note 2 Build/LRX22G) AppleWebKit/534.30 (KHTML, like Gecko) Version/4.0 UCBrowser/11.3.0.950 U3/0.8.0 Mobile Safari/534.30"
8.37.237.167 - - [21/May/2017:08:22:12 +0200] "GET /media/css/mattoni6.jpg HTTP/1.1" 200 56364 "http://inginformatica.uniroma2.it/" "Mozilla/5.0 (Linux; U; Android 5.0.2; en-US; Redmi Note 2 Build/LRX22G) AppleWebKit/534.30 (KHTML, like Gecko) Version/4.0 UCBrowser/11.3.0.950 U3/0.8.0 Mobile Safari/534.30"
8.37.237.66 - - [21/May/2017:08:22:12 +0200] "GET /media/css/style.css HTTP/1.1" 200 2258 "http://inginformatica.uniroma2.it/" "Mozilla/5.0 (Linux; U; Android 5.0.2; en-US; Redmi Note 2 Build/LRX22G) AppleWebKit/534.30 (KHTML, like Gecko) Version/4.0 UCBrowser/11.3.0.950 U3/0.8.0 Mobile Safari/534.30"
8.37.237.66 - - [21/May/2017:08:22:12 +0200] "GET /media/css/tvg.gif HTTP/1.1" 200 5430 "http://inginformatica.uniroma2.it/" "Mozilla/5.0 (Linux; U; Android 5.0.2; en-US; Redmi Note 2 Build/LRX22G) AppleWebKit/534.30 (KHTML, like Gecko) Version/4.0 UCBrowser/11.3.0.950 U3/0.8.0 Mobile Safari/534.30"
8.37.237.66 - - [21/May/2017:08:22:12 +0200] "GET /media/css/mattoni6.jpg HTTP/1.1" 200 56364 "http://inginformatica.uniroma2.it/" "Mozilla/5.0 (Linux; U; Android 5.0.2; en-US; Redmi Note 2 Build/LRX22G) AppleWebKit/534.30 (KHTML, like Gecko) Version/4.0 UCBrowser/11.3.0.950 U3/0.8.0 Mobile Safari/534.30"
